******************************************************************************
            TI ARM Clang Linker PC v3.2.1                      
******************************************************************************
>> Linked Mon Apr 22 12:58:10 2024

OUTPUT FILE NAME:   <epwm_protection_pru_am263px-cc_r5fss0-0_nortos_ti-arm-clang.out>
ENTRY POINT SYMBOL: "_vectors"  address: 00000000


MEMORY CONFIGURATION

         name            origin    length      used     unused   attr    fill
----------------------  --------  ---------  --------  --------  ----  --------
  R5F_VECS              00000000   00000040  00000040  00000000  RWIX
  R5F_TCMA              00000040   00007fc0  00000000  00007fc0  RWIX
  R5F_TCMB              00080000   00008000  00000000  00008000  RWIX
  MAILBOX_HSM           44000000   000003ce  00000000  000003ce  RWIX
  MAILBOX_R5F           44000400   000003ce  00000000  000003ce  RWIX
  FLASH                 60100000   00080000  00000000  00080000  RWIX
  SBL                   70000000   00040000  00000000  00040000  RWIX
  OCRAM                 70040000   00040000  0001cad0  00023530  RWIX
  USER_SHM_MEM          701d0000   00004000  00000000  00004000  RWIX
  LOG_SHM_MEM           701d4000   00004000  00000000  00004000  RWIX
  RTOS_NORTOS_IPC_SHM_M 72000000   00003e80  00000000  00003e80  RWIX


SEGMENT ALLOCATION MAP

run origin  load origin   length   init length attrs members
----------  ----------- ---------- ----------- ----- -------
00000000    00000000    00000040   00000040    r-x
  00000000    00000000    00000040   00000040    r-x .vectors
70040000    70040000    0000da70   00000000    rw-
  70040000    70040000    00001a70   00000000    rw- .bss
  70041a70    70041a70    00008000   00000000    rw- .sysmem
  70049a70    70049a70    00004000   00000000    rw- .stack
7004da80    7004da80    0000d6a8   0000d6a8    r-x
  7004da80    7004da80    0000b2c0   0000b2c0    r-x .text
  70058d40    70058d40    00001510   00001510    r-- .rodata
  7005a250    7005a250    00000760   00000760    r-x .text.hwi
  7005a9b0    7005a9b0    00000430   00000430    r-x .text.cache
  7005ade0    7005ade0    00000218   00000218    r-x .text.mpu
  7005aff8    7005aff8    00000128   00000128    r-x .text.boot
  7005b120    7005b120    00000008   00000008    r-x .text:abort
7005b128    7005b128    000005b8   000005b8    rw-
  7005b128    7005b128    000005b8   000005b8    rw- .data
7005b6e0    7005b6e0    00001400   00000000    r--
  7005b6e0    7005b6e0    00000100   00000000    r-- .irqstack
  7005b7e0    7005b7e0    00000100   00000000    r-- .fiqstack
  7005b8e0    7005b8e0    00001000   00000000    r-- .svcstack
  7005c8e0    7005c8e0    00000100   00000000    r-- .abortstack
  7005c9e0    7005c9e0    00000100   00000000    r-- .undefinedstack


SECTION ALLOCATION MAP

 output                                  attributes/
section   page    origin      length       input sections
--------  ----  ----------  ----------   ----------------
.vectors   0    00000000    00000040     
                  00000000    00000040     nortos.am263px.r5f.ti-arm-clang.release.lib : HwiP_armv7r_vectors_nortos_asm.obj (.vectors)

.bss       0    70040000    00001a70     UNINITIALIZED
                  70040000    00001008     (.common:gHwiCtrl)
                  70041008    0000048c     ti_drivers_config.o (.bss.gMcspiObjects)
                  70041494    00000280     ti_drivers_config.o (.bss.gUartObjects)
                  70041714    00000120     libsysbm.a : trgmsg.c.obj (.bss:_CIOBUF_)
                  70041834    000000a0     libc.a : defs.c.obj (.bss.__TI_tmpnams)
                  700418d4    00000098     epwm_protection_pru.o (.bss.gEpwmSyncSemObject)
                  7004196c    00000068     ti_drivers_config.o (.bss.gEdmaObjects)
                  700419d4    00000004     nortos.am263px.r5f.ti-arm-clang.release.lib : HwiP_armv7r_vim.obj (.bss.gdummy)
                  700419d8    00000038     (.common:gClockCtrl)
                  70041a10    00000020     epwm_protection_pru.o (.bss.gEpwmHwiObject)
                  70041a30    00000010     (.common:virtToPhymap)
                  70041a40    00000008     libsysbm.a : hostopen.c.obj (.bss.parmbuf)
                  70041a48    00000008     (.common:gPmicObject)
                  70041a50    00000004     libc.a : memory.c.obj (.bss.sys_free)
                  70041a54    00000004     (.common:gEdmaHandle)
                  70041a58    00000004     (.common:gEpwmBaseAddr)
                  70041a5c    00000004     (.common:gMcspiHandle)
                  70041a60    00000004     (.common:gPmicHandle)
                  70041a64    00000004     (.common:gPmicMcspiRxBuffer)
                  70041a68    00000004     (.common:gPmicMcspiTxBuffer)
                  70041a6c    00000004     (.common:gUartHandle)

.sysmem    0    70041a70    00008000     UNINITIALIZED
                  70041a70    00000010     libc.a : memory.c.obj (.sysmem)
                  70041a80    00007ff0     --HOLE--

.stack     0    70049a70    00004000     UNINITIALIZED
                  70049a70    00000004     nortos.am263px.r5f.ti-arm-clang.release.lib : boot_armv7r_asm.obj (.stack)
                  70049a74    00003ffc     --HOLE--

.text      0    7004da80    0000b2c0     
                  7004da80    00002cfa     ti_drivers_open_close.o (.text.Drivers_epwmOpen)
                  7005077a    00000002     ti_board_config.o (.text.Board_deinit)
                  7005077c    00000598     nortos.am263px.r5f.ti-arm-clang.release.lib : printf.obj (.text._vsnprintf)
                  70050d14    000004b8     drivers.am263px.r5f.ti-arm-clang.release.lib : soc_rcm.obj (.text.SOC_rcmEnablePeripheralClock)
                  700511cc    00000454                                                  : uart_v0.obj (.text.UART_open)
                  70051620    00000398     nortos.am263px.r5f.ti-arm-clang.release.lib : printf.obj (.text._ftoa)
                  700519b8    00000008                                                 : TimerP_rti.obj (.text.TimerP_clearOverflowInt)
                  700519c0    00000390     libc.a : strcmp32.S.obj (.text:strcmp)
                  70051d50    00000310     nortos.am263px.r5f.ti-arm-clang.release.lib : printf.obj (.text._etoa)
                  70052060    000002fc     drivers.am263px.r5f.ti-arm-clang.release.lib : mcspi_v0.obj (.text.MCSPI_open)
                  7005235c    000002cc     epwm_protection_pru.o (.text.epwm_protection_pru_main)
                  70052628    000002a8     drivers.am263px.r5f.ti-arm-clang.release.lib : edma.obj (.text.EDMA_init)
                  700528d0    0000024c                                                  : soc_rcm.obj (.text.SOC_rcmSetPeripheralClock)
                  70052b1c    00000200                                                  : edma.obj (.text.EDMA_freeChannelRegion)
                  70052d1c    000001fe                                                  : mcspi_dma_edma.obj (.text.MCSPI_lld_dmaTransfer)
                  70052f1a    00000002     ti_board_config.o (.text.Board_init)
                  70052f1c    000001f0     drivers.am263px.r5f.ti-arm-clang.release.lib : uart_v0.obj (.text.UART_write)
                  7005310c    000001d8                                                  : uart_v0.obj (.text.UART_controllerIsr)
                  700532e4    000001cc                                                  : mcspi_v0_lld.obj (.text.MCSPI_transferControllerPoll)
                  700534b0    000001b8                                                  : mcspi_v0_lld.obj (.text.MCSPI_lld_controllerIsr)
                  70053668    000001b4     libc.a : memory.c.obj (.text.aligned_alloc)
                  7005381c    000001b0            : memory.c.obj (.text.free)
                  700539cc    000001a0     drivers.am263px.r5f.ti-arm-clang.release.lib : mcspi_dma_edma.obj (.text.MCSPI_lld_dmaChInit)
                  70053b6c    0000019c                                                  : mcspi_v0_lld.obj (.text.MCSPI_lld_chConfig)
                  70053d08    0000018c                                                  : mcspi_v0.obj (.text.MCSPI_transfer)
                  70053e94    00000168                                                  : edma.obj (.text.EDMA_deinit)
                  70053ffc    00000164     epwm_protection_pru.o (.text.generateTestSignals)
                  70054160    00000156     drivers.am263px.r5f.ti-arm-clang.release.lib : mcspi_dma_edma.obj (.text.MCSPI_lld_dmaDeInit)
                  700542b6    00000152     nortos.am263px.r5f.ti-arm-clang.release.lib : printf.obj (.text._ntoa_format)
                  70054408    00000148     drivers.am263px.r5f.ti-arm-clang.release.lib : soc.obj (.text.SOC_virtToPhy)
                  70054550    00000144     libc.a : setvbuf.c.obj (.text.setvbuf)
                  70054694    00000140     nortos.am263px.r5f.ti-arm-clang.release.lib : TimerP_rti.obj (.text.TimerP_setup)
                  700547d4    0000013e     ti_drivers_open_close.o (.text.Drivers_epwmXbarOpen)
                  70054912    0000012c     drivers.am263px.r5f.ti-arm-clang.release.lib : mcspi_v0_lld.obj (.text.MCSPI_lld_readWrite)
                  70054a3e    00000002     ti_dpl_config.o (.text.Dpl_deinit)
                  70054a40    0000012c     drivers.am263px.r5f.ti-arm-clang.release.lib : uart_v0.obj (.text.UART_close)
                  70054b6c    00000124                                                  : edma.obj (.text.Alloc_resource)
                  70054c90    00000124                                                  : mcspi_v0_lld.obj (.text.MCSPI_lld_readWriteIntr)
                  70054db4    00000118     libclang_rt.builtins.a : udivmoddi4.S.obj (.text)
                  70054ecc    00000114     drivers.am263px.r5f.ti-arm-clang.release.lib : soc_rcm.obj (.text.SOC_rcmGetPeripheralClockFrequency)
                  70054fe0    00000108                                                  : edma.obj (.text.EDMA_transferCompletionMasterIsrFxn)
                  700550e8    00000102     nortos.am263px.r5f.ti-arm-clang.release.lib : ClockP_nortos_r5.obj (.text.ClockP_init)
                  700551ea    00000002                                                 : SemaphoreP_nortos.obj (.text.SemaphoreP_destruct)
                  700551ec    00000100     drivers.am263px.r5f.ti-arm-clang.release.lib : mcspi_v0.obj (.text.MCSPI_close)
                  700552ec    000000fc                                                  : mcspi_v0_lld.obj (.text.MCSPI_lld_initDma)
                  700553e8    000000f4     libc.a : fputc.c.obj (.text.fputc)
                  700554dc    000000e6     drivers.am263px.r5f.ti-arm-clang.release.lib : mcspi_v0_lld.obj (.text.MCSPI_continuePeripheralTxRx)
                  700555c2    000000e2                                                  : mcspi_v0_lld.obj (.text.MCSPI_lld_readWriteDma)
                  700556a4    000000cc                                                  : mcspi_v0_lld.obj (.text.MCSPI_lld_init)
                  70055770    000000c8     libc.a : getdevice.c.obj (.text.getdevice)
                  70055838    000000c4     drivers.am263px.r5f.ti-arm-clang.release.lib : edma.obj (.text.EDMA_unregisterIntr)
                  700558fc    000000bc                                                  : edma.obj (.text.EDMA_registerIntr)
                  700559b8    000000b4     libc.a : fclose.c.obj (.text.__TI_closefile)
                  70055a6c    000000b4            : fseek.c.obj (.text.fseeko)
                  70055b20    000000b0     nortos.am263px.r5f.ti-arm-clang.release.lib : printf.obj (.text._ntoa_long_long)
                  70055bd0    000000ac     drivers.am263px.r5f.ti-arm-clang.release.lib : edma.obj (.text.EDMA_open)
                  70055c7c    000000ac                                                  : soc_rcm.obj (.text.SOC_rcmGetCoreHSDivOut)
                  70055d28    000000ac                                                  : uart_v0.obj (.text.UART_divisorLatchWrite)
                  70055dd4    000000aa     board.am263px.r5f.ti-arm-clang.release.lib : pmic_tps653860xx.obj (.text.PMIC_tps653860xxConfigure)
                  70055e7e    000000a6     nortos.am263px.r5f.ti-arm-clang.release.lib : printf.obj (.text._out_rev)
                  70055f24    000000a4     libc.a : memory.c.obj (.text.split)
                  70055fc8    000000a0     libsysbm.a : hostrename.c.obj (.text.HOSTrename)
                  70056068    0000009c     board.am263px.r5f.ti-arm-clang.release.lib : pmic_tps653860xx.obj (.text.PMIC_mcspiReadRegister)
                  70056104    0000009c     libc.a : _io_perm.c.obj (.text.__TI_wrt_ok)
                  700561a0    00000098     drivers.am263px.r5f.ti-arm-clang.release.lib : edma.obj (.text.EDMA_freeDmaChannel)
                  70056238    00000098                                                  : edma.obj (.text.EDMA_freeParam)
                  700562d0    00000098                                                  : edma.obj (.text.EDMA_freeTcc)
                  70056368    00000098     libsysbm.a : hostlseek.c.obj (.text.HOSTlseek)
                  70056400    00000096     ti_drivers_config.o (.text.GPIO_init)
                  70056496    00000096     nortos.am263px.r5f.ti-arm-clang.release.lib : SemaphoreP_nortos.obj (.text.SemaphoreP_pend)
                  7005652c    00000094     drivers.am263px.r5f.ti-arm-clang.release.lib : edma.obj (.text.EDMA_configureChannelRegion)
                  700565c0    00000094     libsysbm.a : hostopen.c.obj (.text.HOSTopen)
                  70056654    00000090     drivers.am263px.r5f.ti-arm-clang.release.lib : mcspi_v0_lld.obj (.text.MCSPI_setFifoConfig)
                  700566e4    00000090     board.am263px.r5f.ti-arm-clang.release.lib : pmic_tps653860xx.obj (.text.PMIC_mcspiWriteRegister)
                  70056774    00000090     drivers.am263px.r5f.ti-arm-clang.release.lib : uart_v0.obj (.text.UART_flushTxFifo)
                  70056804    0000008c                                                  : uart_v0.obj (.text.UART_procLineStatusErr)
                  70056890    0000008c     libc.a : fflush.c.obj (.text.__TI_doflush)
                  7005691c    0000008c     nortos.am263px.r5f.ti-arm-clang.release.lib : printf.obj (.text._ntoa_long)
                  700569a8    0000008c     libsysbm.a : close.c.obj (.text.close)
                  70056a34    00000088     drivers.am263px.r5f.ti-arm-clang.release.lib : mcspi_v0_lld.obj (.text.MCSPI_fifoRead)
                  70056abc    00000088                                                  : uart_v0.obj (.text.UART_init)
                  70056b44    00000084     libsysbm.a : hostread.c.obj (.text.HOSTread)
                  70056bc8    00000084                : hostwrite.c.obj (.text.HOSTwrite)
                  70056c4c    00000084     drivers.am263px.r5f.ti-arm-clang.release.lib : mcspi_v0_lld.obj (.text.MCSPI_setPeripheralFifoConfig)
                  70056cd0    00000080                                                  : mcspi_dma_edma.obj (.text.MCSPI_lld_dmaStop)
                  70056d50    00000080                                                  : mcspi_v0_lld.obj (.text.MCSPI_lld_peripheralIsr)
                  70056dd0    0000007a                                                  : mcspi_v0_lld.obj (.text.MCSPI_initiateLastChunkTransfer)
                  70056e4a    00000078                                                  : mcspi_dma_edma.obj (.text.MCSPI_edmaIsrTx)
                  70056ec2    00000002     nortos.am263px.r5f.ti-arm-clang.release.lib : TaskP_nortos.obj (.text.TaskP_yield)
                  70056ec4    00000078     drivers.am263px.r5f.ti-arm-clang.release.lib : mcspi_v0.obj (.text.MCSPI_init)
                  70056f3c    00000072                                                  : mcspi_v0_lld.obj (.text.MCSPI_stop)
                  70056fae    00000070                                                  : mcspi_v0_lld.obj (.text.MCSPI_transferPeripheralPoll)
                  7005701e    0000006e     ti_drivers_open_close.o (.text.Drivers_inputXbarOpen)
                  7005708c    0000006e     drivers.am263px.r5f.ti-arm-clang.release.lib : edma.obj (.text.EDMA_disableTransferRegion)
                  700570fa    0000006e                                                  : edma.obj (.text.EDMA_enableTransferRegion)
                  70057168    0000006c                                                  : edma.obj (.text.EDMA_close)
                  700571d4    0000006c     libsysbm.a : hostunlink.c.obj (.text.HOSTunlink)
                  70057240    00000068     nortos.am263px.r5f.ti-arm-clang.release.lib : AddrTranslateP_32bit.obj (.text.AddrTranslateP_getLocalAddr)
                  700572a8    00000066     drivers.am263px.r5f.ti-arm-clang.release.lib : mcspi_v0_lld.obj (.text.MCSPI_fifoWrite)
                  7005730e    00000066     ti_drivers_config.o (.text.System_init)
                  70057374    00000064     drivers.am263px.r5f.ti-arm-clang.release.lib : soc.obj (.text.Soc_enableEPWMHalt)
                  700573d8    00000060     libsysbm.a : hostclose.c.obj (.text.HOSTclose)
                  70057438    00000060     nortos.am263px.r5f.ti-arm-clang.release.lib : PmuP_armv7r.obj (.text.pmu)
                  70057498    0000005e                                                 : ClockP_nortos.obj (.text.ClockP_timerTickIsr)
                  700574f6    0000005e     drivers.am263px.r5f.ti-arm-clang.release.lib : mcspi_v0_lld.obj (.text.MCSPI_setChDataSize)
                  70057554    0000005c                                                  : soc.obj (.text.SOC_controlModuleLockMMR)
                  700575b0    0000005c                                                  : soc.obj (.text.SOC_controlModuleUnlockMMR)
                  7005760c    0000005c                                                  : uart_v0.obj (.text.UART_writeCancelNoCB)
                  70057668    0000005c     nortos.am263px.r5f.ti-arm-clang.release.lib : DebugP_log.obj (.text._DebugP_assert)
                  700576c4    00000058     ti_board_open_close.o (.text.Board_pmicOpen)
                  7005771c    00000058     libc.a : fopen.c.obj (.text.__TI_cleanup)
                  70057774    00000058     libsysbm.a : trgmsg.c.obj (.text.__TI_readmsg)
                  700577cc    00000058                : trgmsg.c.obj (.text.__TI_writemsg)
                  70057824    00000058     libc.a : autoinit.c.obj (.text:__TI_auto_init_nobinit_nopinit)
                  7005787c    00000056     nortos.am263px.r5f.ti-arm-clang.release.lib : ClockP_nortos.obj (.text.ClockP_getTimeUsec)
                  700578d2    00000002                                                 : printf.obj (.text._out_null)
                  700578d4    00000054     libc.a : exit.c.obj (.text.exit)
                  70057928    00000054            : getdevice.c.obj (.text.finddevice)
                  7005797c    00000052     drivers.am263px.r5f.ti-arm-clang.release.lib : uart_v0.obj (.text.UART_intrDisable)
                  700579ce    00000052                                                  : uart_v0.obj (.text.UART_readData)
                  70057a20    00000050     nortos.am263px.r5f.ti-arm-clang.release.lib : ClockP_nortos.obj (.text.ClockP_addToList)
                  70057a70    00000050                                                 : ClockP_nortos.obj (.text.ClockP_construct)
                  70057ac0    00000050     drivers.am263px.r5f.ti-arm-clang.release.lib : edma.obj (.text.EDMA_allocDmaChannel)
                  70057b10    00000050                                                  : edma.obj (.text.EDMA_allocParam)
                  70057b60    00000050                                                  : edma.obj (.text.EDMA_allocTcc)
                  70057bb0    00000050     nortos.am263px.r5f.ti-arm-clang.release.lib : SemaphoreP_nortos.obj (.text.SemaphoreP_constructCounting)
                  70057c00    0000004e     ti_drivers_open_close.o (.text.Drivers_uartOpen)
                  70057c4e    0000004e     drivers.am263px.r5f.ti-arm-clang.release.lib : edma.obj (.text.EDMA_disableChInShadowRegRegion)
                  70057c9c    0000004c     ti_drivers_open_close.o (.text.Drivers_edmaOpen)
                  70057ce8    0000004c     ti_drivers_open_close.o (.text.Drivers_mcspiOpen)
                  70057d34    0000004c     drivers.am263px.r5f.ti-arm-clang.release.lib : mcspi_v0_lld.obj (.text.MCSPI_configInstance)
                  70057d80    0000004c                                                  : mcspi_v0.obj (.text.MCSPI_transferCallback)
                  70057dcc    0000004c                                                  : mcspi_v0_lld.obj (.text.MCSPI_transferControllerIntr)
                  70057e18    0000004c                                                  : uart_dma.obj (.text.UART_dmaDisableChannel)
                  70057e64    0000004a                                                  : mcspi_v0_lld.obj (.text.MCSPI_lld_deInitDma)
                  70057eae    00000002     --HOLE-- [fill = 0]
                  70057eb0    00000048                                                  : soc.obj (.text.SOC_setEpwmGroup)
                  70057ef8    00000048                                                  : uart_dma.obj (.text.UART_dmaClose)
                  70057f40    00000048     libsysbm.a : unlink.c.obj (.text.unlink)
                  70057f88    00000044     drivers.am263px.r5f.ti-arm-clang.release.lib : soc.obj (.text.SOC_setEpwmTbClk)
                  70057fcc    00000040     nortos.am263px.r5f.ti-arm-clang.release.lib : ClockP_nortos.obj (.text.ClockP_stop)
                  7005800c    00000040     ti_dpl_config.o (.text.Dpl_init)
                  7005804c    00000040     drivers.am263px.r5f.ti-arm-clang.release.lib : edma.obj (.text.EDMA_mapChToEvtQ)
                  7005808c    00000040                                                  : pinmux.obj (.text.Pinmux_config)
                  700580cc    00000040     nortos.am263px.r5f.ti-arm-clang.release.lib : SemaphoreP_nortos.obj (.text.SemaphoreP_constructBinary)
                  7005810c    00000040     libc.a : memory.c.obj (.text.free_list_insert)
                  7005814c    0000003e     ti_drivers_open_close.o (.text.Drivers_open)
                  7005818a    0000003e     nortos.am263px.r5f.ti-arm-clang.release.lib : SemaphoreP_nortos.obj (.text.SemaphoreP_constructMutex)
                  700581c8    0000003c     drivers.am263px.r5f.ti-arm-clang.release.lib : edma.obj (.text.EDMA_getBaseAddr)
                  70058204    0000003c                                                  : mcspi_v0.obj (.text.MCSPI_errorCallback)
                  70058240    0000003c                                                  : soc_rcm.obj (.text.SOC_rcmADPLLJGetFOut)
                  7005827c    0000003c                                                  : soc.obj (.text.SOC_selectIcssGpiMux)
                  700582b8    0000003a     epwm_protection_pru.o (.text.App_epwmIntrISR)
                  700582f2    0000003a     nortos.am263px.r5f.ti-arm-clang.release.lib : ClockP_nortos.obj (.text.ClockP_destruct)
                  7005832c    0000003a                                                 : DebugP_uartLogWriter.obj (.text.DebugP_uartLogWriterPutChar)
                  70058366    0000003a     drivers.am263px.r5f.ti-arm-clang.release.lib : mcspi_dma_edma.obj (.text.MCSPI_edmaIsrRx)
                  700583a0    00000038     board.am263px.r5f.ti-arm-clang.release.lib : pmic.obj (.text.PMIC_open)
                  700583d8    00000038     drivers.am263px.r5f.ti-arm-clang.release.lib : uart_dma.obj (.text.UART_dmaOpen)
                  70058410    00000038     nortos.am263px.r5f.ti-arm-clang.release.lib : DebugP_nortos.obj (.text._DebugP_logZone)
                  70058448    00000036     drivers.am263px.r5f.ti-arm-clang.release.lib : edma.obj (.text.EDMA_clrMissEvtRegion)
                  7005847e    00000036     ti_power_clock_config.o (.text.Module_clockSetFrequency)
                  700584b4    00000034     nortos.am263px.r5f.ti-arm-clang.release.lib : ClockP_nortos.obj (.text.ClockP_start)
                  700584e8    00000034     drivers.am263px.r5f.ti-arm-clang.release.lib : soc_rcm.obj (.text.SOC_rcmGetModuleClkDivVal)
                  7005851c    00000034     libc.a : memory.c.obj (.text.free_list_remove)
                  70058550    00000034     libsysbm.a : lseek.c.obj (.text.lseek)
                  70058584    00000034                : write.c.obj (.text.write)
                  700585b8    00000032     nortos.am263px.r5f.ti-arm-clang.release.lib : ClockP_nortos.obj (.text.ClockP_usleep)
                  700585ea    00000032     drivers.am263px.r5f.ti-arm-clang.release.lib : edma.obj (.text.EDMA_unmapChToEvtQ)
                  7005861c    00000032     nortos.am263px.r5f.ti-arm-clang.release.lib : SemaphoreP_nortos.obj (.text.SemaphoreP_post)
                  7005864e    00000032     ti_drivers_config.o (.text.System_deinit)
                  70058680    00000030     nortos.am263px.r5f.ti-arm-clang.release.lib : PmuP_armv7r_asm.obj (.text.pmu)
                  700586b0    0000002e     drivers.am263px.r5f.ti-arm-clang.release.lib : edma.obj (.text.EDMA_enableChInShadowRegRegion)
                  700586de    0000002e     ti_power_clock_config.o (.text.Module_clockDisable)
                  7005870c    0000002e     ti_power_clock_config.o (.text.Module_clockEnable)
                  7005873a    00000002     --HOLE-- [fill = 0]
                  7005873c    0000002c     drivers.am263px.r5f.ti-arm-clang.release.lib : mcspi_v0.obj (.text.MCSPI_getHandle)
                  70058768    0000002c                                                  : soc_rcm.obj (.text.SOC_rcmGetR5Clock)
                  70058794    0000002c                                                  : uart_v0.obj (.text.UART_getHandle)
                  700587c0    0000002a     board.am263px.r5f.ti-arm-clang.release.lib : pmic_tps653860xx.obj (.text.PMIC_tps653860xxOpen)
                  700587ea    00000028     nortos.am263px.r5f.ti-arm-clang.release.lib : ClockP_nortos.obj (.text.ClockP_sleepTicks)
                  70058812    00000028     ti_board_open_close.o (.text.Drivers_pmicOpen)
                  7005883a    00000028     drivers.am263px.r5f.ti-arm-clang.release.lib : gpio.obj (.text.GPIO_setDirMode)
                  70058862    00000002     --HOLE-- [fill = 0]
                  70058864    00000028                                                  : soc.obj (.text.SOC_moduleSetClockFrequency)
                  7005888c    00000026     nortos.am263px.r5f.ti-arm-clang.release.lib : ClockP_nortos.obj (.text.ClockP_sleep)
                  700588b2    00000026     drivers.am263px.r5f.ti-arm-clang.release.lib : edma.obj (.text.EDMA_setPaRAM)
                  700588d8    00000024     libclang_rt.builtins.a : aeabi_uldivmod.S.obj (.text.__aeabi_uldivmod)
                  700588fc    00000024     nortos.am263px.r5f.ti-arm-clang.release.lib : printf.obj (.text.vprintf_)
                  70058920    00000022     drivers.am263px.r5f.ti-arm-clang.release.lib : edma.obj (.text.EDMA_linkChannel)
                  70058942    00000022                                                  : mcspi_v0_lld.obj (.text.MCSPI_transferPeripheralIntr)
                  70058964    00000020     nortos.am263px.r5f.ti-arm-clang.release.lib : DebugP_log.obj (.text.DebugP_logZoneEnable)
                  70058984    00000020                                                 : TimerP_rti.obj (.text.TimerP_Params_init)
                  700589a4    00000020     drivers.am263px.r5f.ti-arm-clang.release.lib : uart_v0.obj (.text.UART_getChar)
                  700589c4    0000001c                                                  : mcspi_v0_lld.obj (.text.MCSPI_getFifoTrigLvl)
                  700589e0    0000001c                                                  : mcspi_v0_lld.obj (.text.MCSPI_lld_deInit)
                  700589fc    0000001c                                                  : soc_rcm.obj (.text.SOC_rcmIsR5FInLockStepMode)
                  70058a18    0000001c     nortos.am263px.r5f.ti-arm-clang.release.lib : boot_armv7r.obj (.text._system_pre_init)
                  70058a34    0000001c     main.o (.text.main)
                  70058a50    0000001c     libsysbm.a : hostrename.c.obj (.text.strlen)
                  70058a6c    0000001c     libc.a : memcpy32.S.obj (.text:TI_memcpy_small)
                  70058a88    0000001a     nortos.am263px.r5f.ti-arm-clang.release.lib : CpuId_armv7r.obj (.text.CSL_armR5GetCpuID)
                  70058aa2    0000001a     drivers.am263px.r5f.ti-arm-clang.release.lib : uart_v0.obj (.text.UART_enhanFuncEnable)
                  70058abc    0000001a                                                  : uart_dma.obj (.text.UART_writeInterruptDma)
                  70058ad6    00000018     ti_drivers_open_close.o (.text.Drivers_mcspiClose)
                  70058aee    00000002     --HOLE-- [fill = 0]
                  70058af0    00000018     drivers.am263px.r5f.ti-arm-clang.release.lib : mcspi_v0.obj (.text.MCSPI_deinit)
                  70058b08    00000018     nortos.am263px.r5f.ti-arm-clang.release.lib : TimerP_rti.obj (.text.TimerP_getCount)
                  70058b20    00000018     drivers.am263px.r5f.ti-arm-clang.release.lib : uart_v0.obj (.text.UART_deinit)
                  70058b38    00000018     libc.a : memset32.S.obj (.text:TI_memset_small)
                  70058b50    00000016     drivers.am263px.r5f.ti-arm-clang.release.lib : mcspi_v0_lld.obj (.text.MCSPI_reset)
                  70058b66    00000014                                                  : edma.obj (.text.EDMA_getRegionId)
                  70058b7a    00000014     board.am263px.r5f.ti-arm-clang.release.lib : pmic.obj (.text.PMIC_configure)
                  70058b8e    00000014     drivers.am263px.r5f.ti-arm-clang.release.lib : uart_v0.obj (.text.UART_enhanFuncBitValRestore)
                  70058ba2    00000002     --HOLE-- [fill = 0]
                  70058ba4    00000014     libsysbm.a : hostrename.c.obj (.text.strcpy)
                  70058bb8    00000012     drivers.am263px.r5f.ti-arm-clang.release.lib : mcspi_dma_edma.obj (.text.MCSPI_lld_dmaInit)
                  70058bca    00000012                                                  : uart_v0.obj (.text.UART_readLineStatus)
                  70058bdc    00000012     ti_dpl_config.o (.text.putchar_)
                  70058bee    00000002     --HOLE-- [fill = 0]
                  70058bf0    00000010     libclang_rt.builtins.a : aeabi_memset.S.obj (.text.__aeabi_memset)
                  70058c00    00000010     libc.a : fputc.c.obj (.text.putchar)
                  70058c10    0000000e     drivers.am263px.r5f.ti-arm-clang.release.lib : edma.obj (.text.EDMA_ccPaRAMEntry_init)
                  70058c1e    0000000e                                                  : etpwm.obj (.text.EPWM_setEmulationMode)
                  70058c2c    0000000e     board.am263px.r5f.ti-arm-clang.release.lib : pmic.obj (.text.PMIC_close)
                  70058c3a    0000000e     ti_pinmux_config.o (.text.Pinmux_init)
                  70058c48    0000000e     ti_power_clock_config.o (.text.PowerClock_init)
                  70058c56    0000000c     nortos.am263px.r5f.ti-arm-clang.release.lib : ClockP_nortos.obj (.text.ClockP_getTicks)
                  70058c62    0000000c                                                 : DebugP_uartLogWriter.obj (.text.DebugP_uartSetDrvIndex)
                  70058c6e    0000000c     drivers.am263px.r5f.ti-arm-clang.release.lib : edma.obj (.text.EDMA_isInitialized)
                  70058c7a    0000000c                                                  : soc.obj (.text.SOC_getSelfCpuClk)
                  70058c86    00000002     --HOLE-- [fill = 0]
                  70058c88    0000000c     libclang_rt.builtins.a : aeabi_memset.S.obj (.text.__aeabi_memclr)
                  70058c94    0000000c     libc.a : memory.c.obj (.text.malloc)
                  70058ca0    0000000c            : strcmp32.S.obj (.text)
                  70058cac    0000000c     nortos.am263px.r5f.ti-arm-clang.release.lib : CpuId_armv7r_asm.obj (.text)
                  70058cb8    0000000a                                                 : ClockP_nortos.obj (.text.ClockP_Params_init)
                  70058cc2    0000000a                                                 : ClockP_nortos.obj (.text.ClockP_isActive)
                  70058ccc    0000000a     board.am263px.r5f.ti-arm-clang.release.lib : pmic_tps653860xx.obj (.text.PMIC_tps653860xxClose)
                  70058cd6    0000000a     nortos.am263px.r5f.ti-arm-clang.release.lib : TimerP_rti.obj (.text.TimerP_getReloadCount)
                  70058ce0    0000000a                                                 : TimerP_rti.obj (.text.TimerP_start)
                  70058cea    00000008                                                 : printf.obj (.text._out_char)
                  70058cf2    00000006     drivers.am263px.r5f.ti-arm-clang.release.lib : edma.obj (.text.EDMA_isInterruptEnabled)
                  70058cf8    00000006                                                  : soc.obj (.text.SOC_moduleClockEnable)
                  70058cfe    00000006                                                  : soc_rcm.obj (.text.SOC_rcmGetCR5SysclkInFrequency)
                  70058d04    00000004     ti_board_open_close.o (.text.Board_driversOpen)
                  70058d08    00000004     nortos.am263px.r5f.ti-arm-clang.release.lib : ClockP_nortos_r5.obj (.text.ClockP_getTimerCount)
                  70058d0c    00000004                                                 : ClockP_nortos_r5.obj (.text.ClockP_timerClearOverflowInt)
                  70058d10    00000004     ti_power_clock_config.o (.text.PowerClock_deinit)
                  70058d14    00000004     libclang_rt.builtins.a : aeabi_memcpy.S.obj (.text.__aeabi_memcpy)
                  70058d18    00000004     libc.a : _lock.c.obj (.text._nop)
                  70058d1c    00000004            : fseek.c.obj (.text.fseek)
                  70058d20    00000004     libclang_rt.builtins.a : aeabi_div0.c.obj (.text.__aeabi_ldiv0)
                  70058d24    00000004     libsysbm.a : remove.c.obj (.text.remove)
                  70058d28    00000008     nortos.am263px.r5f.ti-arm-clang.release.lib : HwiP_armv7r_asm.obj (.tramp.HwiP_enable.1)
                  70058d30    00000008                                                 : HwiP_armv7r_asm.obj (.tramp.HwiP_restore.1)
                  70058d38    00000008                                                 : PmuP_armv7r_asm.obj (.tramp.PmuP_enableCounters.1)

.rodata    0    70058d40    00001510     
                  70058d40    00000087     ti_drivers_open_close.o (.rodata.str1.93166126515826041681)
                  70058dc7    00000001     --HOLE-- [fill = 0]
                  70058dc8    0000006c     epwm_protection_pru.o (.rodata.PRUFirmware)
                  70058e34    00000064     ti_drivers_open_close.o (.rodata.str1.95462903191629631731)
                  70058e98    00000054     ti_dpl_config.o (.rodata.cfg)
                  70058eec    00000051     drivers.am263px.r5f.ti-arm-clang.release.lib : mcspi_v0.obj (.rodata.str1.16564562563681258331)
                  70058f3d    00000003     epwm_protection_pru.o (.rodata.str1.83139044729505300641)
                  70058f40    00000050     nortos.am263px.r5f.ti-arm-clang.release.lib : printf.obj (.rodata._ftoa.pow10)
                  70058f90    0000004e     epwm_protection_pru.o (.rodata.str1.53388747296363926261)
                  70058fde    00000049     epwm_protection_pru.o (.rodata.str1.181546077169999102791)
                  70059027    00000001     --HOLE-- [fill = 0]
                  70059028    00000048     drivers.am263px.r5f.ti-arm-clang.release.lib : soc_rcm.obj (.rodata.gADPLLJConfigTbl)
                  70059070    00000048                                                  : mcspi_v0_lld.obj (.rodata.str1.147542387533973564571)
                  700590b8    00000046     ti_drivers_open_close.o (.rodata.str1.61214289677016430531)
                  700590fe    00000041     ti_drivers_open_close.o (.rodata.str1.55292635925235043271)
                  7005913f    0000003d     nortos.am263px.r5f.ti-arm-clang.release.lib : TimerP_rti.obj (.rodata.str1.127871409925583167061)
                  7005917c    00000037                                                 : SemaphoreP_nortos.obj (.rodata.str1.77784356401422800491)
                  700591b3    00000036     ti_drivers_open_close.o (.rodata.str1.93079820704098108021)
                  700591e9    00000035     ti_drivers_open_close.o (.rodata.str1.180798386837276072261)
                  7005921e    00000035     ti_board_open_close.o (.rodata.str1.37579006416461608171)
                  70059253    00000035     ti_drivers_open_close.o (.rodata.str1.50282807179333888911)
                  70059288    00000035     ti_drivers_open_close.o (.rodata.str1.65579262704178835781)
                  700592bd    0000002f     ti_drivers_open_close.o (.rodata.str1.98365864125557558091)
                  700592ec    0000002e     ti_drivers_open_close.o (.rodata.str1.145625160331650313401)
                  7005931a    0000002e     ti_drivers_open_close.o (.rodata.str1.182881039347759045261)
                  70059348    0000002e     ti_drivers_open_close.o (.rodata.str1.36147435223286073521)
                  70059376    0000002e     nortos.am263px.r5f.ti-arm-clang.release.lib : ClockP_nortos.obj (.rodata.str1.60552435462749564001)
                  700593a4    0000002d     ti_drivers_open_close.o (.rodata.str1.36003365003316362241)
                  700593d1    0000002c     ti_drivers_open_close.o (.rodata.str1.46568602442934790311)
                  700593fd    0000002b     ti_drivers_open_close.o (.rodata.str1.101891973022854088831)
                  70059428    0000002b     ti_drivers_open_close.o (.rodata.str1.160970982849174569281)
                  70059453    0000002b     ti_drivers_open_close.o (.rodata.str1.59634649327814525761)
                  7005947e    0000002b     ti_drivers_open_close.o (.rodata.str1.6028048381469852341)
                  700594a9    0000002a     nortos.am263px.r5f.ti-arm-clang.release.lib : DebugP_log.obj (.rodata.str1.8568035916953519521)
                  700594d3    00000028     ti_drivers_open_close.o (.rodata.str1.111079628099671167501)
                  700594fb    00000028     epwm_protection_pru.o (.rodata.str1.12509350730139573441)
                  70059523    00000028     epwm_protection_pru.o (.rodata.str1.273356848490157921)
                  7005954b    00000028     ti_drivers_open_close.o (.rodata.str1.8534741966240043441)
                  70059573    00000027     epwm_protection_pru.o (.rodata.str1.112084934108082060831)
                  7005959a    00000027     nortos.am263px.r5f.ti-arm-clang.release.lib : ClockP_nortos_r5.obj (.rodata.str1.124546920576200709321)
                  700595c1    00000026     epwm_protection_pru.o (.rodata.str1.177473125153755182661)
                  700595e7    00000026     ti_drivers_open_close.o (.rodata.str1.22006154181235228731)
                  7005960d    00000026     ti_drivers_open_close.o (.rodata.str1.73193096772107612471)
                  70059633    00000026     ti_drivers_open_close.o (.rodata.str1.86125717172167196721)
                  70059659    00000025     ti_drivers_open_close.o (.rodata.str1.132617274760689842851)
                  7005967e    00000025     ti_drivers_open_close.o (.rodata.str1.179567884830519210391)
                  700596a3    00000025     ti_drivers_open_close.o (.rodata.str1.20447427721395567321)
                  700596c8    00000025     ti_drivers_open_close.o (.rodata.str1.32888161937879333671)
                  700596ed    00000024     drivers.am263px.r5f.ti-arm-clang.release.lib : edma.obj (.rodata.str1.76418684701105564031)
                  70059711    00000023     ti_drivers_open_close.o (.rodata.str1.115143117733438412541)
                  70059734    00000023     nortos.am263px.r5f.ti-arm-clang.release.lib : ClockP_nortos_r5.obj (.rodata.str1.25776369892830718361)
                  70059757    00000023     drivers.am263px.r5f.ti-arm-clang.release.lib : soc_rcm.obj (.rodata.str1.95422110079858904461)
                  7005977a    00000022     ti_drivers_open_close.o (.rodata.str1.19170167848599149941)
                  7005979c    00000022     drivers.am263px.r5f.ti-arm-clang.release.lib : edma.obj (.rodata.str1.71946734960229262581)
                  700597be    00000022     epwm_protection_pru.o (.rodata.str1.93220844199002808351)
                  700597e0    00000021     nortos.am263px.r5f.ti-arm-clang.release.lib : ClockP_nortos_r5.obj (.rodata.str1.167645692065458388701)
                  70059801    00000021     ti_drivers_open_close.o (.rodata.str1.72724159376006663781)
                  70059822    00000020     ti_drivers_open_close.o (.rodata.str1.115398057666531324681)
                  70059842    00000020     ti_drivers_open_close.o (.rodata.str1.13832211863870440631)
                  70059862    00000020     epwm_protection_pru.o (.rodata.str1.164614363236168055471)
                  70059882    00000020     epwm_protection_pru.o (.rodata.str1.175615876341484589761)
                  700598a2    00000020     ti_drivers_open_close.o (.rodata.str1.26206571003539097491)
                  700598c2    00000020     ti_drivers_open_close.o (.rodata.str1.47359258813530105921)
                  700598e2    0000001f     drivers.am263px.r5f.ti-arm-clang.release.lib : uart_v0.obj (.rodata.str1.169394063705023262141)
                  70059901    0000001f     nortos.am263px.r5f.ti-arm-clang.release.lib : ClockP_nortos_r5.obj (.rodata.str1.37049961317335892191)
                  70059920    0000001f     ti_drivers_open_close.o (.rodata.str1.51283318735735734611)
                  7005993f    0000001f     nortos.am263px.r5f.ti-arm-clang.release.lib : SemaphoreP_nortos.obj (.rodata.str1.93106250239489445331)
                  7005995e    0000001e     ti_drivers_open_close.o (.rodata.str1.160316684040921230971)
                  7005997c    0000001e     ti_drivers_open_close.o (.rodata.str1.164428985628910097601)
                  7005999a    0000001e     epwm_protection_pru.o (.rodata.str1.55371762263435624971)
                  700599b8    0000001e     drivers.am263px.r5f.ti-arm-clang.release.lib : mcspi_v0.obj (.rodata.str1.6541462224481344831)
                  700599d6    0000001e     ti_drivers_open_close.o (.rodata.str1.8588925922354209471)
                  700599f4    0000001d     nortos.am263px.r5f.ti-arm-clang.release.lib : TimerP_rti.obj (.rodata.str1.104449343195731994541)
                  70059a11    0000001d     drivers.am263px.r5f.ti-arm-clang.release.lib : mcspi_v0.obj (.rodata.str1.118667626708261128101)
                  70059a2e    0000001d     epwm_protection_pru.o (.rodata.str1.152978090751386793521)
                  70059a4b    0000001d     ti_drivers_open_close.o (.rodata.str1.167082646606608512721)
                  70059a68    0000001d     nortos.am263px.r5f.ti-arm-clang.release.lib : TimerP_rti.obj (.rodata.str1.168704976108447940721)
                  70059a85    0000001d     ti_drivers_open_close.o (.rodata.str1.17442734155122742701)
                  70059aa2    0000001d     ti_drivers_open_close.o (.rodata.str1.51422542112593061231)
                  70059abf    0000001c     ti_drivers_open_close.o (.rodata.str1.71299388102429778361)
                  70059adb    0000001b     nortos.am263px.r5f.ti-arm-clang.release.lib : ClockP_nortos.obj (.rodata.str1.25471646840808198631)
                  70059af6    0000001b     drivers.am263px.r5f.ti-arm-clang.release.lib : edma.obj (.rodata.str1.27426942506473672571)
                  70059b11    0000001a                                                  : edma.obj (.rodata.str1.124854076466481638881)
                  70059b2b    0000001a     epwm_protection_pru.o (.rodata.str1.145465274616242693811)
                  70059b45    0000001a     nortos.am263px.r5f.ti-arm-clang.release.lib : ClockP_nortos_r5.obj (.rodata.str1.169616377957066558931)
                  70059b5f    0000001a     drivers.am263px.r5f.ti-arm-clang.release.lib : mcspi_v0.obj (.rodata.str1.41661993957597663671)
                  70059b79    0000001a                                                  : mcspi_v0.obj (.rodata.str1.46852292991524205451)
                  70059b93    0000001a     epwm_protection_pru.o (.rodata.str1.50840265468260998441)
                  70059bad    0000001a     drivers.am263px.r5f.ti-arm-clang.release.lib : soc_rcm.obj (.rodata.str1.75752759558464220401)
                  70059bc7    00000019     epwm_protection_pru.o (.rodata.str1.102495643734304734851)
                  70059be0    00000019     drivers.am263px.r5f.ti-arm-clang.release.lib : uart_v0.obj (.rodata.str1.151873246111077803171)
                  70059bf9    00000019     nortos.am263px.r5f.ti-arm-clang.release.lib : TimerP_rti.obj (.rodata.str1.171094773555586588011)
                  70059c12    00000019     ti_drivers_open_close.o (.rodata.str1.25391769982546427211)
                  70059c2b    00000019     epwm_protection_pru.o (.rodata.str1.56243070167146004531)
                  70059c44    00000019     ti_drivers_open_close.o (.rodata.str1.76623334836165613711)
                  70059c5d    00000001     --HOLE-- [fill = 0]
                  70059c5e    00000018     drivers.am263px.r5f.ti-arm-clang.release.lib : soc_rcm.obj (.rodata.gControlssPllClkSrcValMap)
                  70059c76    00000018                                                  : soc_rcm.obj (.rodata.gCptsClkSrcValMap)
                  70059c8e    00000018                                                  : soc_rcm.obj (.rodata.gI2cClkSrcValMap)
                  70059ca6    00000018                                                  : soc_rcm.obj (.rodata.gLinUartClkSrcValMap)
                  70059cbe    00000018                                                  : soc_rcm.obj (.rodata.gPeripheralClkSrcInfoMap)
                  70059cd6    00000018                                                  : soc_rcm.obj (.rodata.gRtiClkSrcValMap)
                  70059cee    00000018                                                  : soc_rcm.obj (.rodata.gWdtClkSrcValMap)
                  70059d06    00000018     ti_drivers_open_close.o (.rodata.str1.108587168062655061171)
                  70059d1e    00000018     epwm_protection_pru.o (.rodata.str1.132336245502989154281)
                  70059d36    00000018     board.am263px.r5f.ti-arm-clang.release.lib : pmic_tps653860xx.obj (.rodata.str1.139098050414091916201)
                  70059d4e    00000018     nortos.am263px.r5f.ti-arm-clang.release.lib : TimerP_rti.obj (.rodata.str1.28969720400930718401)
                  70059d66    00000018     board.am263px.r5f.ti-arm-clang.release.lib : pmic_tps653860xx.obj (.rodata.str1.31585340646387389491)
                  70059d7e    00000018     drivers.am263px.r5f.ti-arm-clang.release.lib : uart_v0.obj (.rodata.str1.38839981320244304711)
                  70059d96    00000018     ti_drivers_open_close.o (.rodata.str1.96872381095412311001)
                  70059dae    00000017     drivers.am263px.r5f.ti-arm-clang.release.lib : uart_v0.obj (.rodata.str1.118833787404970350941)
                  70059dc5    00000017                                                  : uart_dma.obj (.rodata.str1.1333327264196212521)
                  70059ddc    00000017                                                  : uart_dma.obj (.rodata.str1.18451166636706412691)
                  70059df3    00000017     board.am263px.r5f.ti-arm-clang.release.lib : pmic_tps653860xx.obj (.rodata.str1.47493800396101708801)
                  70059e0a    00000017     drivers.am263px.r5f.ti-arm-clang.release.lib : soc_rcm.obj (.rodata.str1.81145273320585865271)
                  70059e21    00000017     ti_drivers_open_close.o (.rodata.str1.87477460124454699101)
                  70059e38    00000016     drivers.am263px.r5f.ti-arm-clang.release.lib : soc_rcm.obj (.rodata.str1.11135693434375759841)
                  70059e4e    00000016                                                  : soc_rcm.obj (.rodata.str1.128408201484305605671)
                  70059e64    00000016                                                  : uart_v0.obj (.rodata.str1.144905129610797327471)
                  70059e7a    00000016                                                  : soc_rcm.obj (.rodata.str1.38378195751891918831)
                  70059e90    00000016     epwm_protection_pru.o (.rodata.str1.70378848771613808131)
                  70059ea6    00000016     drivers.am263px.r5f.ti-arm-clang.release.lib : mcspi_v0.obj (.rodata.str1.93916116896146871581)
                  70059ebc    00000015                                                  : edma.obj (.rodata.str1.47321562910415611081)
                  70059ed1    00000015     nortos.am263px.r5f.ti-arm-clang.release.lib : SemaphoreP_nortos.obj (.rodata.str1.67625122021398397081)
                  70059ee6    00000014     drivers.am263px.r5f.ti-arm-clang.release.lib : edma.obj (.rodata.str1.111851871490580105611)
                  70059efa    00000014                                                  : edma.obj (.rodata.str1.125718155871853086561)
                  70059f0e    00000014                                                  : edma.obj (.rodata.str1.16892001508069939541)
                  70059f22    00000014                                                  : uart_v0.obj (.rodata.str1.28909646574304168541)
                  70059f36    00000014     ti_drivers_open_close.o (.rodata.str1.53323321226778601631)
                  70059f4a    00000014     drivers.am263px.r5f.ti-arm-clang.release.lib : mcspi_v0_lld.obj (.rodata.str1.62046587231351797161)
                  70059f5e    00000014                                                  : mcspi_v0.obj (.rodata.str1.70131865851455398951)
                  70059f72    00000013                                                  : uart_v0.obj (.rodata.str1.76389910228650698611)
                  70059f85    00000013                                                  : soc_rcm.obj (.rodata.str1.93021292349832527421)
                  70059f98    00000012                                                  : uart_v0.obj (.rodata.str1.108170205221098943901)
                  70059faa    00000012     epwm_protection_pru.o (.rodata.str1.159518138481205080761)
                  70059fbc    00000012     drivers.am263px.r5f.ti-arm-clang.release.lib : edma.obj (.rodata.str1.168183851025455507691)
                  70059fce    00000012     ti_drivers_open_close.o (.rodata.str1.27648511274909241401)
                  70059fe0    00000012     drivers.am263px.r5f.ti-arm-clang.release.lib : soc_rcm.obj (.rodata.str1.52659404584766928311)
                  70059ff2    00000011                                                  : edma.obj (.rodata.str1.106738448986847799941)
                  7005a003    00000011     epwm_protection_pru.o (.rodata.str1.168944663659168714991)
                  7005a014    00000011     nortos.am263px.r5f.ti-arm-clang.release.lib : ClockP_nortos.obj (.rodata.str1.56392992661620616651)
                  7005a025    00000011     drivers.am263px.r5f.ti-arm-clang.release.lib : uart_v0.obj (.rodata.str1.60774846955662521161)
                  7005a036    00000011     ti_drivers_open_close.o (.rodata.str1.67188952531549399371)
                  7005a047    00000011     ti_drivers_open_close.o (.rodata.str1.89966530938494420691)
                  7005a058    00000010     drivers.am263px.r5f.ti-arm-clang.release.lib : mcspi_v0.obj (.rodata.str1.131647291104990699861)
                  7005a068    00000010                                                  : edma.obj (.rodata.str1.176695246689650852301)
                  7005a078    0000000f                                                  : mcspi_v0.obj (.rodata.str1.136877338953894125821)
                  7005a087    0000000f                                                  : edma.obj (.rodata.str1.146140478628064919631)
                  7005a096    0000000f                                                  : edma.obj (.rodata.str1.161917553004410528641)
                  7005a0a5    0000000f                                                  : edma.obj (.rodata.str1.20711589974906254701)
                  7005a0b4    0000000f     ti_board_open_close.o (.rodata.str1.42183697156772551901)
                  7005a0c3    0000000f     drivers.am263px.r5f.ti-arm-clang.release.lib : uart_v0.obj (.rodata.str1.60965199449619900431)
                  7005a0d2    0000000f                                                  : uart_dma.obj (.rodata.str1.70768452508190077591)
                  7005a0e1    0000000f                                                  : edma.obj (.rodata.str1.92036655423271899321)
                  7005a0f0    0000000e                                                  : edma.obj (.rodata.str1.100996213821086933721)
                  7005a0fe    0000000e                                                  : edma.obj (.rodata.str1.168695502010531622391)
                  7005a10c    0000000e                                                  : uart_dma.obj (.rodata.str1.23135773699787735551)
                  7005a11a    0000000e                                                  : edma.obj (.rodata.str1.38923894092977584571)
                  7005a128    0000000e                                                  : uart_v0.obj (.rodata.str1.62999113157451139141)
                  7005a136    0000000d     nortos.am263px.r5f.ti-arm-clang.release.lib : TimerP_rti.obj (.rodata.str1.37123793416160760081)
                  7005a143    0000000d     drivers.am263px.r5f.ti-arm-clang.release.lib : edma.obj (.rodata.str1.52137637017250348531)
                  7005a150    0000000d     nortos.am263px.r5f.ti-arm-clang.release.lib : TimerP_rti.obj (.rodata.str1.68197642816127260011)
                  7005a15d    00000003     --HOLE-- [fill = 0]
                  7005a160    0000000c     drivers.am263px.r5f.ti-arm-clang.release.lib : mcspi_v0_lld.obj (.rodata..Lswitch.table.MCSPI_lld_controllerIsr.1)
                  7005a16c    0000000c                                                  : mcspi_v0_lld.obj (.rodata..Lswitch.table.MCSPI_lld_controllerIsr)
                  7005a178    0000000c     nortos.am263px.r5f.ti-arm-clang.release.lib : ClockP_nortos_r5.obj (.rodata.str1.43857604347425843821)
                  7005a184    0000000c     drivers.am263px.r5f.ti-arm-clang.release.lib : mcspi_v0.obj (.rodata.str1.85074893684413643801)
                  7005a190    0000000c                                                  : edma.obj (.rodata.str1.88401663264709294401)
                  7005a19c    0000000b                                                  : mcspi_v0.obj (.rodata.str1.130856103157703124091)
                  7005a1a7    0000000b                                                  : mcspi_v0.obj (.rodata.str1.146703787913575236151)
                  7005a1b2    0000000b                                                  : uart_v0.obj (.rodata.str1.147565038505633975661)
                  7005a1bd    0000000b                                                  : uart_v0.obj (.rodata.str1.163246704051681974461)
                  7005a1c8    0000000b                                                  : edma.obj (.rodata.str1.76990244014968518721)
                  7005a1d3    0000000a                                                  : edma.obj (.rodata.str1.138945604539585827651)
                  7005a1dd    0000000a                                                  : edma.obj (.rodata.str1.155011958078798190681)
                  7005a1e7    0000000a                                                  : uart_v0.obj (.rodata.str1.181272059988846645511)
                  7005a1f1    0000000a     epwm_protection_pru.o (.rodata.str1.2333787065696304431)
                  7005a1fb    0000000a     drivers.am263px.r5f.ti-arm-clang.release.lib : soc_rcm.obj (.rodata.str1.24417462951169003981)
                  7005a205    0000000a                                                  : uart_v0.obj (.rodata.str1.27933745631974480251)
                  7005a20f    0000000a     epwm_protection_pru.o (.rodata.str1.51445616576007762191)
                  7005a219    0000000a     epwm_protection_pru.o (.rodata.str1.63873895192593051761)
                  7005a223    00000006     board.am263px.r5f.ti-arm-clang.release.lib : pmic_tps653860xx.obj (.rodata.str1.174200162626594193851)
                  7005a229    00000006     drivers.am263px.r5f.ti-arm-clang.release.lib : soc_rcm.obj (.rodata.str1.47684156379349547651)
                  7005a22f    00000005     nortos.am263px.r5f.ti-arm-clang.release.lib : printf.obj (.rodata.str1.180255128143303278211)
                  7005a234    00000005                                                 : printf.obj (.rodata.str1.62992066646743021711)
                  7005a239    00000003     --HOLE-- [fill = 0]
                  7005a23c    00000004                                                 : CacheP_armv7r.obj (.rodata.gCacheL1dCacheLineSize)
                  7005a240    00000004                                                 : CacheP_armv7r.obj (.rodata.gCacheL1pCacheLineSize)
                  7005a244    00000004                                                 : printf.obj (.rodata.str1.83442741595977738081)
                  7005a248    00000004                                                 : printf.obj (.rodata.str1.92767893489218153371)
                  7005a24c    00000004     --HOLE-- [fill = 0]

.text.hwi 
*          0    7005a250    00000760     
                  7005a250    00000408     nortos.am263px.r5f.ti-arm-clang.release.lib : HwiP_armv7r_vim.obj (.text.hwi)
                  7005a658    00000220                                                 : HwiP_armv7r_handlers_nortos.obj (.text.hwi)
                  7005a878    000000c0                                                 : HwiP_armv7r_handlers_nortos_asm.obj (.text.hwi)
                  7005a938    00000070                                                 : HwiP_armv7r_asm.obj (.text.hwi)
                  7005a9a8    00000008                                                 : HwiP_armv7r_asm.obj (.tramp.HwiP_enableFIQ.1)

.text.cache 
*          0    7005a9b0    00000430     
                  7005a9b0    00000340     nortos.am263px.r5f.ti-arm-clang.release.lib : CacheP_armv7r_asm.obj (.text.cache)
                  7005acf0    000000d8                                                 : CacheP_armv7r.obj (.text.cache)
                  7005adc8    00000008                                                 : CacheP_armv7r_asm.obj (.tramp.CacheP_invL1d.1)
                  7005add0    00000008                                                 : CacheP_armv7r_asm.obj (.tramp.CacheP_enableL1p.1)
                  7005add8    00000008                                                 : HwiP_armv7r_asm.obj (.tramp.HwiP_restore.2)

.text.mpu 
*          0    7005ade0    00000218     
                  7005ade0    0000018e     nortos.am263px.r5f.ti-arm-clang.release.lib : MpuP_armv7r.obj (.text.mpu)
                  7005af6e    00000002     --HOLE-- [fill = 0]
                  7005af70    00000078                                                 : MpuP_armv7r_asm.obj (.text.mpu)
                  7005afe8    00000008                                                 : HwiP_armv7r_asm.obj (.tramp.HwiP_restore.3)
                  7005aff0    00000008                                                 : MpuP_armv7r_asm.obj (.tramp.MpuP_isEnableAsm.1)

.text.boot 
*          0    7005aff8    00000128     
                  7005aff8    000000fc     nortos.am263px.r5f.ti-arm-clang.release.lib : boot_armv7r_asm.obj (.text.boot)
                  7005b0f4    0000001e                                                 : DebugP_log.obj (.text.boot)
                  7005b112    0000000e     ti_dpl_config.o (.text.boot)

.text:abort 
*          0    7005b120    00000008     
                  7005b120    00000008     libc.a : exit.c.obj (.text:abort)

.data      0    7005b128    000005b8     
                  7005b128    000000f0     libc.a : defs.c.obj (.data._ftable)
                  7005b218    000000a8     ti_pinmux_config.o (.data.gPinMuxMainDomainCfg)
                  7005b2c0    0000009c     drivers.am263px.r5f.ti-arm-clang.release.lib : mcspi_v0.obj (.data.gMcspiDrvObj)
                  7005b35c    0000009c                                                  : uart_v0.obj (.data.gUartDrvObj)
                  7005b3f8    00000078     libsysbm.a : host_device.c.obj (.data._device)
                  7005b470    00000060     ti_drivers_config.o (.data.gEdmaAttrs)
                  7005b4d0    00000054     ti_drivers_open_close.o (.data.gUartParams)
                  7005b524    00000050     libsysbm.a : host_device.c.obj (.data._stream)
                  7005b574    00000040     ti_drivers_open_close.o (.data.gConfigMcspi0ChCfg)
                  7005b5b4    00000024     ti_drivers_config.o (.data.gMcspiAttrs)
                  7005b5d8    00000024     ti_power_clock_config.o (.data.gSocModulesClockFrequency)
                  7005b5fc    00000018     ti_dpl_config.o (.data.gClockConfig)
                  7005b614    00000014     ti_drivers_open_close.o (.data.gMcspiOpenParams)
                  7005b628    00000010     epwm_protection_pru.o (.data.PRULut)
                  7005b638    0000000c     nortos.am263px.r5f.ti-arm-clang.release.lib : AddrTranslateP_32bit.obj (.data.gAddrTranslateConfig)
                  7005b644    0000000c     board.am263px.r5f.ti-arm-clang.release.lib : pmic_tps653860xx.obj (.data.gPmicFxns_TPS653860xx)
                  7005b650    0000000c     ti_power_clock_config.o (.data.gSocModules)
                  7005b65c    00000008     libc.a : exit.c.obj (.data..L_MergedGlobals)
                  7005b664    00000008     ti_drivers_config.o (.data.gEdmaConfig)
                  7005b66c    00000008     ti_drivers_config.o (.data.gMcspiConfig)
                  7005b674    00000008     ti_board_open_close.o (.data.gPmicConfig)
                  7005b67c    00000008     ti_drivers_config.o (.data.gUartAttrs)
                  7005b684    00000008     ti_drivers_config.o (.data.gUartConfig)
                  7005b68c    00000004     libc.a : defs.c.obj (.data.__TI_ft_end)
                  7005b690    00000008     nortos.am263px.r5f.ti-arm-clang.release.lib : PmuP_armv7r.obj (.data.pmu)
                  7005b698    00000004     libc.a : _lock.c.obj (.data._lock)
                  7005b69c    00000004            : _lock.c.obj (.data._unlock)
                  7005b6a0    00000004     ti_drivers_open_close.o (.data.gConfigMcspiChCfg)
                  7005b6a4    00000004     nortos.am263px.r5f.ti-arm-clang.release.lib : DebugP_log.obj (.data.gDebugLogZone)
                  7005b6a8    00000004                                                 : DebugP_uartLogWriter.obj (.data.gDebugP_uartDrvIndex)
                  7005b6ac    00000004     ti_drivers_config.o (.data.gEdmaConfigNum)
                  7005b6b0    00000004     ti_drivers_open_close.o (.data.gEdmaParams)
                  7005b6b4    00000004     ti_dpl_config.o (.data.gHwiConfig)
                  7005b6b8    00000004     ti_drivers_config.o (.data.gMcspiConfigNum)
                  7005b6bc    00000004     ti_drivers_open_close.o (.data.gMcspiDmaChConfig)
                  7005b6c0    00000004     ti_drivers_config.o (.data.gMcspiNumCh)
                  7005b6c4    00000004     ti_board_open_close.o (.data.gPmicConfigNum)
                  7005b6c8    00000004     ti_board_open_close.o (.data.gPmicParams)
                  7005b6cc    00000004     ti_drivers_config.o (.data.gUartConfigNum)
                  7005b6d0    00000004     ti_drivers_config.o (.data.gUartDmaConfigNum)
                  7005b6d4    00000001     drivers.am263px.r5f.ti-arm-clang.release.lib : soc.obj (.data.isMapAvailable)
                  7005b6d5    00000003     --HOLE-- [fill = 0]
                  7005b6d8    00000001     libc.a : memory.c.obj (.data.memory_is_initialized)
                  7005b6d9    00000007     --HOLE-- [fill = 0]

.irqstack 
*          0    7005b6e0    00000100     UNINITIALIZED
                  7005b6e0    00000100     --HOLE--

.fiqstack 
*          0    7005b7e0    00000100     UNINITIALIZED
                  7005b7e0    00000100     --HOLE--

.svcstack 
*          0    7005b8e0    00001000     UNINITIALIZED
                  7005b8e0    00001000     --HOLE--

.abortstack 
*          0    7005c8e0    00000100     UNINITIALIZED
                  7005c8e0    00000100     --HOLE--

.undefinedstack 
*          0    7005c9e0    00000100     UNINITIALIZED
                  7005c9e0    00000100     --HOLE--

.init_array 
*          0    70040000    00000000     UNINITIALIZED

MODULE SUMMARY

       Module                                code    ro data   rw data
       ------                                ----    -------   -------
    .\
       epwm_protection_pru.o                 1130    789       204    
       main.o                                28      0         0      
    +--+-------------------------------------+-------+---------+---------+
       Total:                                1158    789       204    
                                                                      
    .\syscfg\
       ti_drivers_open_close.o               12258   2030      192    
       ti_drivers_config.o                   302     0         2092   
       ti_board_open_close.o                 132     68        28     
       ti_power_clock_config.o               164     0         48     
       ti_dpl_config.o                       98      84        28     
       ti_pinmux_config.o                    14      0         168    
       ti_board_config.o                     4       0         0      
    +--+-------------------------------------+-------+---------+---------+
       Total:                                12972   2182      2556   
                                                                      
    C:/ti/mcu_plus_sdk_am263px_09_01_00_20/source/board/lib/board.am263px.r5f.ti-arm-clang.release.lib
       pmic_tps653860xx.obj                  522     77        20     
       pmic.obj                              90      0         0      
    +--+-------------------------------------+-------+---------+---------+
       Total:                                612     77        20     
                                                                      
    C:/ti/mcu_plus_sdk_am263px_09_01_00_20/source/drivers/lib/drivers.am263px.r5f.ti-arm-clang.release.lib
       edma.obj                              4312    413       0      
       mcspi_v0_lld.obj                      4238    116       0      
       uart_v0.obj                           3388    270       156    
       soc_rcm.obj                           2434    443       0      
       mcspi_v0.obj                          1740    299       156    
       mcspi_dma_edma.obj                    1592    0         0      
       soc.obj                               870     0         17     
       uart_dma.obj                          230     75        0      
       pinmux.obj                            64      0         0      
       gpio.obj                              40      0         0      
       etpwm.obj                             14      0         0      
    +--+-------------------------------------+-------+---------+---------+
       Total:                                18922   1616      329    
                                                                      
    C:/ti/mcu_plus_sdk_am263px_09_01_00_20/source/kernel/nortos/lib/nortos.am263px.r5f.ti-arm-clang.release.lib
       HwiP_armv7r_vim.obj                   1032    0         4108   
       printf.obj                            4002    98        0      
       CacheP_armv7r_asm.obj                 848     0         0      
       ClockP_nortos.obj                     674     90        56     
       TimerP_rti.obj                        404     194       0      
       HwiP_armv7r_handlers_nortos.obj       544     0         0      
       SemaphoreP_nortos.obj                 408     107       0      
       ClockP_nortos_r5.obj                  266     176       0      
       MpuP_armv7r.obj                       398     0         0      
       boot_armv7r_asm.obj                   252     0         0      
       CacheP_armv7r.obj                     216     8         0      
       DebugP_log.obj                        154     42        4      
       HwiP_armv7r_handlers_nortos_asm.obj   192     0         0      
       HwiP_armv7r_asm.obj                   152     0         0      
       MpuP_armv7r_asm.obj                   128     0         0      
       AddrTranslateP_32bit.obj              104     0         12     
       PmuP_armv7r.obj                       96      0         8      
       DebugP_uartLogWriter.obj              70      0         4      
       HwiP_armv7r_vectors_nortos_asm.obj    64      0         0      
       DebugP_nortos.obj                     56      0         0      
       PmuP_armv7r_asm.obj                   56      0         0      
       boot_armv7r.obj                       28      0         0      
       CpuId_armv7r.obj                      26      0         0      
       CpuId_armv7r_asm.obj                  12      0         0      
       TaskP_nortos.obj                      2       0         0      
    +--+-------------------------------------+-------+---------+---------+
       Total:                                10184   715       4192   
                                                                      
    C:\ti\ccs1260\ccs\tools\compiler\ti-cgt-armllvm_3.2.1.LTS\lib\armv7r-ti-none-eabihf/c/libc.a
       memory.c.obj                          1160    0         5      
       strcmp32.S.obj                        924     0         0      
       defs.c.obj                            0       0         404    
       setvbuf.c.obj                         324     0         0      
       getdevice.c.obj                       284     0         0      
       fputc.c.obj                           260     0         0      
       fseek.c.obj                           184     0         0      
       fclose.c.obj                          180     0         0      
       _io_perm.c.obj                        156     0         0      
       fflush.c.obj                          140     0         0      
       exit.c.obj                            92      0         8      
       autoinit.c.obj                        88      0         0      
       fopen.c.obj                           88      0         0      
       memcpy32.S.obj                        28      0         0      
       memset32.S.obj                        24      0         0      
       _lock.c.obj                           4       0         8      
    +--+-------------------------------------+-------+---------+---------+
       Total:                                3936    0         425    
                                                                      
    C:\ti\ccs1260\ccs\tools\compiler\ti-cgt-armllvm_3.2.1.LTS\lib\armv7r-ti-none-eabihf/c/libsysbm.a
       trgmsg.c.obj                          176     0         288    
       hostrename.c.obj                      208     0         0      
       host_device.c.obj                     0       0         200    
       hostopen.c.obj                        148     0         8      
       hostlseek.c.obj                       152     0         0      
       close.c.obj                           140     0         0      
       hostread.c.obj                        132     0         0      
       hostwrite.c.obj                       132     0         0      
       hostunlink.c.obj                      108     0         0      
       hostclose.c.obj                       96      0         0      
       unlink.c.obj                          72      0         0      
       lseek.c.obj                           52      0         0      
       write.c.obj                           52      0         0      
       remove.c.obj                          4       0         0      
    +--+-------------------------------------+-------+---------+---------+
       Total:                                1472    0         496    
                                                                      
    C:\ti\ccs1260\ccs\tools\compiler\ti-cgt-armllvm_3.2.1.LTS\lib\clang/15.0.7/lib/armv7r-ti-none-eabihf/libclang_rt.builtins.a
       udivmoddi4.S.obj                      280     0         0      
       aeabi_uldivmod.S.obj                  36      0         0      
       aeabi_memset.S.obj                    28      0         0      
       aeabi_div0.c.obj                      4       0         0      
       aeabi_memcpy.S.obj                    4       0         0      
    +--+-------------------------------------+-------+---------+---------+
       Total:                                352     0         0      
                                                                      
       Heap:                                 0       0         32768  
       Stack:                                0       0         16384  
    +--+-------------------------------------+-------+---------+---------+
       Grand Total:                          49608   5379      57374  

VENEERS

callee name               veneer name
   callee addr  veneer addr  call addr  call info
--------------  -----------  ---------  ----------------
HwiP_enableFIQ            $Ven$TA$L$PI$$HwiP_enableFIQ
   7005a968     7005a9a8     7005a642   nortos.am263px.r5f.ti-arm-clang.release.lib : HwiP_armv7r_vim.obj (.text.hwi)
CacheP_invL1d             $Ven$TA$L$PI$$CacheP_invL1d
   7005aa20     7005adc8     7005adc4   nortos.am263px.r5f.ti-arm-clang.release.lib : CacheP_armv7r.obj (.text.cache)
CacheP_enableL1p          $Ven$TA$L$PI$$CacheP_enableL1p
   7005aa08     7005add0     7005ad9e   nortos.am263px.r5f.ti-arm-clang.release.lib : CacheP_armv7r.obj (.text.cache)
HwiP_restore              $Ven$TA$L$PI$$HwiP_restore
   7005a978     7005add8     7005ad7e   nortos.am263px.r5f.ti-arm-clang.release.lib : CacheP_armv7r.obj (.text.cache)
HwiP_restore              $Ven$TA$L$PI$$HwiP_restore
   7005a978     7005afe8     7005aecc   nortos.am263px.r5f.ti-arm-clang.release.lib : MpuP_armv7r.obj (.text.mpu)
                             7005af06                                               : MpuP_armv7r.obj (.text.mpu)
MpuP_isEnableAsm          $Ven$TA$L$PI$$MpuP_isEnableAsm
   7005afc0     7005aff0     7005ae9c   nortos.am263px.r5f.ti-arm-clang.release.lib : MpuP_armv7r.obj (.text.mpu)
HwiP_enable               $Ven$TA$L$PI$$HwiP_enable
   7005a958     70058d28     70058048   ti_dpl_config.o (.text.Dpl_init)
HwiP_restore              $Ven$TA$L$PI$$HwiP_restore
   7005a978     70058d30     70058008   nortos.am263px.r5f.ti-arm-clang.release.lib : ClockP_nortos.obj (.text.ClockP_stop)
                             70058328                                               : ClockP_nortos.obj (.text.ClockP_destruct)
                             700584e4                                               : ClockP_nortos.obj (.text.ClockP_start)
                             7005864a                                               : SemaphoreP_nortos.obj (.text.SemaphoreP_post)
PmuP_enableCounters       $Ven$TA$L$PI$$PmuP_enableCounters
   70058690     70058d38     70057468   nortos.am263px.r5f.ti-arm-clang.release.lib : PmuP_armv7r.obj (.text.pmu)

[9 trampolines]
[13 trampoline calls]


GLOBAL SYMBOLS: SORTED ALPHABETICALLY BY Name 

address   name                              
-------   ----                              
70057241  AddrTranslateP_getLocalAddr       
7005077b  Board_deinit                      
70058d05  Board_driversOpen                 
70052f1b  Board_init                        
700576c5  Board_pmicOpen                    
7005b120  C$$EXIT                           
70057818  C$$IO$$                           
70058a89  CSL_armR5GetCpuID                 
70058cac  CSL_armR5ReadMpidrReg             
7005acc0  CacheP_configForceWrThru          
7005ad49  CacheP_disable                    
7005a9b0  CacheP_disableL1d                 
7005a9d8  CacheP_disableL1p                 
7005ad83  CacheP_enable                     
7005a9f0  CacheP_enableL1d                  
7005aa08  CacheP_enableL1p                  
7005acb4  CacheP_getCacheLevelInfo          
7005ac7c  CacheP_getEnabled                 
7005acf1  CacheP_init                       
7005ada3  CacheP_inv                        
7005aa20  CacheP_invL1d                     
7005aa94  CacheP_invL1dAll                  
7005aa58  CacheP_invL1p                     
7005aa9c  CacheP_invL1pAll                  
7005ace0  CacheP_setDLFO                    
7005aaa4  CacheP_wb                         
7005ab1c  CacheP_wbAll                      
7005aae0  CacheP_wbInv                      
7005abc4  CacheP_wbInvAll                   
7005abdc  CacheP_wbInvAllAsm                
70058cb9  ClockP_Params_init                
70057a71  ClockP_construct                  
700582f3  ClockP_destruct                   
70058c57  ClockP_getTicks                   
7005787d  ClockP_getTimeUsec                
70058d09  ClockP_getTimerCount              
700550e9  ClockP_init                       
70058cc3  ClockP_isActive                   
7005888d  ClockP_sleep                      
700584b5  ClockP_start                      
70057fcd  ClockP_stop                       
70058d0d  ClockP_timerClearOverflowInt      
70057499  ClockP_timerTickIsr               
700585b9  ClockP_usleep                     
70058680  CycleCounterP_getCount32          
70057439  CycleCounterP_init                
7005746d  CycleCounterP_nsToTicks           
70057449  CycleCounterP_reset               
70058965  DebugP_logZoneEnable              
7005832d  DebugP_uartLogWriterPutChar       
70058c63  DebugP_uartSetDrvIndex            
70054a3f  Dpl_deinit                        
7005800d  Dpl_init                          
70057c9d  Drivers_edmaOpen                  
7004da81  Drivers_epwmOpen                  
700547d5  Drivers_epwmXbarOpen              
7005701f  Drivers_inputXbarOpen             
70058ad7  Drivers_mcspiClose                
70057ce9  Drivers_mcspiOpen                 
7005814d  Drivers_open                      
70058813  Drivers_pmicOpen                  
70057c01  Drivers_uartOpen                  
70057ac1  EDMA_allocDmaChannel              
70057b11  EDMA_allocParam                   
70057b61  EDMA_allocTcc                     
70058c11  EDMA_ccPaRAMEntry_init            
70057169  EDMA_close                        
70058449  EDMA_clrMissEvtRegion             
7005652d  EDMA_configureChannelRegion       
70053e95  EDMA_deinit                       
70057c4f  EDMA_disableChInShadowRegRegion   
7005708d  EDMA_disableTransferRegion        
700586b1  EDMA_enableChInShadowRegRegion    
700570fb  EDMA_enableTransferRegion         
[...]
7005b638  gAddrTranslateConfig              
70058e98  gCacheConfig                      
7005a23c  gCacheL1dCacheLineSize            
7005a240  gCacheL1pCacheLineSize            
7005b5fc  gClockConfig                      
700419d8  gClockCtrl                        
7005b574  gConfigMcspi0ChCfg                
7005b6a0  gConfigMcspiChCfg                 
7005b6a4  gDebugLogZone                     
7005b6a8  gDebugP_uartDrvIndex              
7005b664  gEdmaConfig                       
7005b6ac  gEdmaConfigNum                    
70041a54  gEdmaHandle                       
7005b6b0  gEdmaParams                       
70041a58  gEpwmBaseAddr                     
7005b6b4  gHwiConfig                        
70040000  gHwiCtrl                          
7005b66c  gMcspiConfig                      
7005b6b8  gMcspiConfigNum                   
7005b6bc  gMcspiDmaChConfig                 
7005b128  gMcspiDmaHandle                   
70041a5c  gMcspiHandle                      
7005b6c0  gMcspiNumCh                       
7005b614  gMcspiOpenParams                  
70058ea0  gMpuConfig                        
70058eac  gMpuRegionConfig                  
70059cbe  gPeripheralClkSrcInfoMap          
7005b674  gPmicConfig                       
7005b6c4  gPmicConfigNum                    
7005b644  gPmicFxns_TPS653860xx             
70041a60  gPmicHandle                       
70041a64  gPmicMcspiRxBuffer                
70041a68  gPmicMcspiTxBuffer                
70041a48  gPmicObject                       
7005b6c8  gPmicParams                       
7005b650  gSocModules                       
7005b5d8  gSocModulesClockFrequency         
7005b684  gUartConfig                       
7005b6cc  gUartConfigNum                    
7005b128  gUartDmaConfig                    
7005b6d0  gUartDmaConfigNum                 
70041a6c  gUartHandle                       
7005b4d0  gUartParams                       
70053ffd  generateTestSignals               
70055770  getdevice                         
7005b6d4  isMapAvailable                    
70058550  lseek                             
70058a35  main                              
70058c94  malloc                            
70053668  memalign                          
70041a40  parmbuf                           
70058c00  putchar                           
70058bdd  putchar_                          
70058d24  remove                            
70054550  setvbuf                           
700519c0  strcmp                            
70057f40  unlink                            
70041a30  virtToPhymap                      
700588fd  vprintf_                          
70058584  write                             


GLOBAL SYMBOLS: SORTED BY Symbol Address 

address   name                              
-------   ----                              
00000000  __TI_ATRegion0_region_sz          
00000000  __TI_ATRegion0_src_addr           
00000000  __TI_ATRegion0_trg_addr           
00000000  __TI_ATRegion1_region_sz          
00000000  __TI_ATRegion1_src_addr           
00000000  __TI_ATRegion1_trg_addr           
00000000  __TI_ATRegion2_region_sz          
00000000  __TI_ATRegion2_src_addr           
00000000  __TI_ATRegion2_trg_addr           
00000000  __TI_static_base__                
00000000  _vectors                          
00000100  __ABORT_STACK_SIZE                
00000100  __FIQ_STACK_SIZE                  
00000100  __IRQ_STACK_SIZE                  
00000100  __UNDEFINED_STACK_SIZE            
00001000  __SVC_STACK_SIZE                  
00004000  __STACK_SIZE                      
00008000  __SYSMEM_SIZE                     
70040000  __BSS_START                       
70040000  gHwiCtrl                          
70041714  _CIOBUF_                          
70041714  __CIOBUF_                         
70041834  __TI_tmpnams                      
700419d8  gClockCtrl                        
70041a30  virtToPhymap                      
70041a40  parmbuf                           
70041a48  gPmicObject                       
70041a54  gEdmaHandle                       
70041a58  gEpwmBaseAddr                     
70041a5c  gMcspiHandle                      
70041a60  gPmicHandle                       
70041a64  gPmicMcspiRxBuffer                
70041a68  gPmicMcspiTxBuffer                
70041a6c  gUartHandle                       
70041a70  __BSS_END                         
70041a70  _sys_memory                       
70049a70  __stack                           
7004da70  __STACK_END                       
7004da81  Drivers_epwmOpen                  
7005077b  Board_deinit                      
70050d15  SOC_rcmEnablePeripheralClock      
700511cd  UART_open                         
700519b9  TimerP_clearOverflowInt           
700519c0  strcmp                            
70052061  MCSPI_open                        
7005235d  epwm_protection_pru_main          
70052629  EDMA_init                         
700528d1  SOC_rcmSetPeripheralClock         
70052b1d  EDMA_freeChannelRegion            
70052d1d  MCSPI_lld_dmaTransfer             
70052f1b  Board_init                        
70052f1d  UART_write                        
700534b1  MCSPI_lld_controllerIsr           
70053668  aligned_alloc                     
70053668  memalign                          
7005381c  free                              
700539cd  MCSPI_lld_dmaChInit               
70053d09  MCSPI_transfer                    
70053e95  EDMA_deinit                       
70053ffd  generateTestSignals               
70054161  MCSPI_lld_dmaDeInit               
70054409  SOC_virtToPhy                     
70054550  setvbuf                           
70054695  TimerP_setup                      
700547d5  Drivers_epwmXbarOpen              
70054913  MCSPI_lld_readWrite               
70054a3f  Dpl_deinit                        
70054a41  UART_close                        
70054c91  MCSPI_lld_readWriteIntr           
70054db4  __udivmoddi4                      
70054ecd  SOC_rcmGetPeripheralClockFrequency
700550e9  ClockP_init                       
700551eb  SemaphoreP_destruct               
700551ed  MCSPI_close                       
700552ed  MCSPI_lld_initDma                 
700553e8  fputc                             
700555c3  MCSPI_lld_readWriteDma            
700556a5  MCSPI_lld_init                    
70055770  getdevice                         
70055839  EDMA_unregisterIntr               
700558fd  EDMA_registerIntr                 
700559b8  __TI_closefile                    
70055a6c  fseeko                            
70055bd1  EDMA_open                         
70055dd5  PMIC_tps653860xxConfigure         
70055fc8  HOSTrename                        
70056069  PMIC_mcspiReadRegister            
70056104  __TI_wrt_ok                       
700561a1  EDMA_freeDmaChannel               
70056239  EDMA_freeParam                    
700562d1  EDMA_freeTcc                      
70056368  HOSTlseek                         
70056401  GPIO_init                         
70056497  SemaphoreP_pend                   
7005652d  EDMA_configureChannelRegion       
700565c0  HOSTopen                          
700566e5  PMIC_mcspiWriteRegister           
70056775  UART_flushTxFifo                  
70056890  __TI_doflush                      
700569a8  close                             
70056abd  UART_init                         
70056b44  HOSTread                          
70056bc8  HOSTwrite                         
70056cd1  MCSPI_lld_dmaStop                 
70056d51  MCSPI_lld_peripheralIsr           
70056ec3  TaskP_yield                       
70056ec5  MCSPI_init                        
70056f3d  MCSPI_stop                        
7005701f  Drivers_inputXbarOpen             
7005708d  EDMA_disableTransferRegion        
700570fb  EDMA_enableTransferRegion         
70057169  EDMA_close                        
700571d4  HOSTunlink                        
70057241  AddrTranslateP_getLocalAddr       
7005730f  System_init                       
70057375  Soc_enableEPWMHalt                
700573d8  HOSTclose                         
70057439  CycleCounterP_init                
70057449  CycleCounterP_reset               
7005746d  CycleCounterP_nsToTicks           
70057499  ClockP_timerTickIsr               
700574f7  MCSPI_setChDataSize               
70057555  SOC_controlModuleLockMMR          
700575b1  SOC_controlModuleUnlockMMR        
70057669  _DebugP_assert                    
700576c5  Board_pmicOpen                    
7005771c  __TI_cleanup                      
70057774  __TI_readmsg                      
700577cc  __TI_writemsg                     
70057818  C$$IO$$                           
70057824  __TI_auto_init_nobinit_nopinit    
7005787d  ClockP_getTimeUsec                
700578d4  exit                              
70057928  finddevice                        
70057a71  ClockP_construct                  
70057ac1  EDMA_allocDmaChannel              
70057b11  EDMA_allocParam                   
70057b61  EDMA_allocTcc                     
70057bb1  SemaphoreP_constructCounting      
70057c01  Drivers_uartOpen                  
70057c4f  EDMA_disableChInShadowRegRegion   
70057c9d  Drivers_edmaOpen                  
70057ce9  Drivers_mcspiOpen                 
70057d81  MCSPI_transferCallback            
70057e19  UART_dmaDisableChannel            
70057e65  MCSPI_lld_deInitDma               
70057eb1  SOC_setEpwmGroup                  
70057ef9  UART_dmaClose                     
70057f40  unlink                            
70057f89  SOC_setEpwmTbClk                  
70057fcd  ClockP_stop                       
7005800d  Dpl_init                          
7005804d  EDMA_mapChToEvtQ                  
7005808d  Pinmux_config                     
700580cd  SemaphoreP_constructBinary        
7005814d  Drivers_open                      
7005818b  SemaphoreP_constructMutex         
700581c9  EDMA_getBaseAddr                  
70058205  MCSPI_errorCallback               
7005827d  SOC_selectIcssGpiMux              
700582f3  ClockP_destruct                   
7005832d  DebugP_uartLogWriterPutChar       
700583a1  PMIC_open                         
700583d9  UART_dmaOpen                      
70058411  _DebugP_logZone                   
70058449  EDMA_clrMissEvtRegion             
7005847f  Module_clockSetFrequency          
700584b5  ClockP_start                      
70058550  lseek                             
70058584  write                             
700585b9  ClockP_usleep                     
700585eb  EDMA_unmapChToEvtQ                
7005861d  SemaphoreP_post                   
7005864f  System_deinit                     
70058680  CycleCounterP_getCount32          
70058688  PmuP_setup                        
70058690  PmuP_enableCounters               
70058698  PmuP_disableCounters              
700586a0  PmuP_getOverflowStatus            
700586a8  PmuP_clearOverflowStatus          
700586b1  EDMA_enableChInShadowRegRegion    
700586df  Module_clockDisable               
7005870d  Module_clockEnable                
7005873d  MCSPI_getHandle                   
70058769  SOC_rcmGetR5Clock                 
70058795  UART_getHandle                    
700587c1  PMIC_tps653860xxOpen              
70058813  Drivers_pmicOpen                  
7005883b  GPIO_setDirMode                   
70058865  SOC_moduleSetClockFrequency       
7005888d  ClockP_sleep                      
700588b3  EDMA_setPaRAM                     
700588d8  __aeabi_uldivmod                  
700588fd  vprintf_                          
70058921  EDMA_linkChannel                  
70058965  DebugP_logZoneEnable              
70058985  TimerP_Params_init                
700589e1  MCSPI_lld_deInit                  
700589fd  SOC_rcmIsR5FInLockStepMode        
70058a19  _system_pre_init                  
70058a35  main                              
70058a6c  TI_memcpy_small                   
70058a89  CSL_armR5GetCpuID                 
70058abd  UART_writeInterruptDma            
70058ad7  Drivers_mcspiClose                
70058af1  MCSPI_deinit                      
70058b09  TimerP_getCount                   
70058b21  UART_deinit                       
70058b38  TI_memset_small                   
70058b51  MCSPI_reset                       
70058b67  EDMA_getRegionId                  
70058b7b  PMIC_configure                    
70058bb9  MCSPI_lld_dmaInit                 
70058bdd  putchar_                          
70058bf0  __aeabi_memset                    
70058bf0  __aeabi_memset4                   
70058bf0  __aeabi_memset8                   
70058c00  putchar                           
70058c11  EDMA_ccPaRAMEntry_init            
70058c1f  EPWM_setEmulationMode             
70058c2d  PMIC_close                        
70058c3b  Pinmux_init                       
70058c49  PowerClock_init                   
70058c57  ClockP_getTicks                   
70058c63  DebugP_uartSetDrvIndex            
70058c6f  EDMA_isInitialized                
70058c7b  SOC_getSelfCpuClk                 
70058c88  __aeabi_memclr                    
70058c88  __aeabi_memclr4                   
70058c88  __aeabi_memclr8                   
70058c94  malloc                            
70058cac  CSL_armR5ReadMpidrReg             
70058cb9  ClockP_Params_init                
70058cc3  ClockP_isActive                   
70058ccd  PMIC_tps653860xxClose             
70058cd7  TimerP_getReloadCount             
70058ce1  TimerP_start                      
70058cf3  EDMA_isInterruptEnabled           
70058cf9  SOC_moduleClockEnable             
70058d05  Board_driversOpen                 
70058d09  ClockP_getTimerCount              
70058d0d  ClockP_timerClearOverflowInt      
70058d11  PowerClock_deinit                 
70058d14  __aeabi_memcpy                    
70058d14  __aeabi_memcpy4                   
70058d14  __aeabi_memcpy8                   
70058d18  _nop                              
70058d1c  fseek                             
70058d20  __aeabi_ldiv0                     
70058d24  remove                            
70058dc8  PRUFirmware                       
70058e98  gCacheConfig                      
70058ea0  gMpuConfig                        
70058eac  gMpuRegionConfig                  
70059028  gADPLLJConfigTbl                  
70059cbe  gPeripheralClkSrcInfoMap          
7005a23c  gCacheL1dCacheLineSize            
7005a240  gCacheL1pCacheLineSize            
7005a251  HwiP_enableInt                    
7005a279  HwiP_disableInt                   
7005a2ab  HwiP_restoreInt                   
7005a301  HwiP_clearInt                     
7005a321  HwiP_post                         
7005a349  HwiP_Params_init                  
7005a35b  HwiP_construct                    
7005a4a5  HwiP_destruct                     
7005a577  HwiP_init                         
7005a647  HwiP_inISR                        
7005a659  HwiP_irq_handler_c                
7005a6df  HwiP_fiq_handler                  
7005a793  HwiP_reserved_handler             
7005a7c1  HwiP_undefined_handler            
7005a7ef  HwiP_svc_handler                  
7005a81d  HwiP_prefetch_abort_handler       
7005a84b  HwiP_data_abort_handler_c         
7005a878  HwiP_irq_handler                  
7005a8ec  HwiP_data_abort_handler           
7005a938  HwiP_disable                      
7005a948  HwiP_disableFIQ                   
7005a958  HwiP_enable                       
7005a968  HwiP_enableFIQ                    
7005a978  HwiP_restore                      
7005a980  HwiP_enableVIC                    
7005a990  HwiP_disableVIC                   
7005a9a0  HwiP_getCPSR                      
7005a9b0  CacheP_disableL1d                 
7005a9d8  CacheP_disableL1p                 
7005a9f0  CacheP_enableL1d                  
7005aa08  CacheP_enableL1p                  
7005aa20  CacheP_invL1d                     
7005aa58  CacheP_invL1p                     
7005aa94  CacheP_invL1dAll                  
7005aa9c  CacheP_invL1pAll                  
7005aaa4  CacheP_wb                         
7005aae0  CacheP_wbInv                      
7005ab1c  CacheP_wbAll                      
7005abc4  CacheP_wbInvAll                   
7005abdc  CacheP_wbInvAllAsm                
7005ac7c  CacheP_getEnabled                 
7005acb4  CacheP_getCacheLevelInfo          
7005acc0  CacheP_configForceWrThru          
7005ace0  CacheP_setDLFO                    
7005acf1  CacheP_init                       
7005ad49  CacheP_disable                    
7005ad83  CacheP_enable                     
7005ada3  CacheP_inv                        
7005ade1  MpuP_RegionAttrs_init             
7005adef  MpuP_setRegion                    
7005ae9d  MpuP_isEnable                     
7005aea1  MpuP_disable                      
7005aed3  MpuP_enable                       
7005af0b  MpuP_init                         
7005af70  MpuP_disableAsm                   
7005af88  MpuP_disableBRAsm                 
7005af98  MpuP_enableAsm                    
7005afb0  MpuP_enableBRAsm                  
7005afc0  MpuP_isEnableAsm                  
7005afd4  MpuP_setRegionAsm                 
7005aff8  _c_int00_sbl                      
7005b01c  _c_int00                          
7005b0f5  _DebugP_assertNoLog               
7005b113  __mpu_init                        
7005b120  C$$EXIT                           
7005b120  abort                             
7005b128  _ftable                           
7005b128  gMcspiDmaHandle                   
7005b128  gUartDmaConfig                    
7005b3f8  _device                           
7005b4d0  gUartParams                       
7005b524  _stream                           
7005b574  gConfigMcspi0ChCfg                
7005b5d8  gSocModulesClockFrequency         
7005b5fc  gClockConfig                      
7005b614  gMcspiOpenParams                  
7005b628  PRULut                            
7005b638  gAddrTranslateConfig              
7005b644  gPmicFxns_TPS653860xx             
7005b650  gSocModules                       
7005b65c  __TI_cleanup_ptr                  
7005b660  __TI_dtors_ptr                    
7005b664  gEdmaConfig                       
7005b66c  gMcspiConfig                      
7005b674  gPmicConfig                       
7005b684  gUartConfig                       
7005b68c  __TI_ft_end                       
7005b698  _lock                             
7005b69c  _unlock                           
7005b6a0  gConfigMcspiChCfg                 
7005b6a4  gDebugLogZone                     
7005b6a8  gDebugP_uartDrvIndex              
7005b6ac  gEdmaConfigNum                    
7005b6b0  gEdmaParams                       
7005b6b4  gHwiConfig                        
7005b6b8  gMcspiConfigNum                   
7005b6bc  gMcspiDmaChConfig                 
7005b6c0  gMcspiNumCh                       
7005b6c4  gPmicConfigNum                    
7005b6c8  gPmicParams                       
7005b6cc  gUartConfigNum                    
7005b6d0  gUartDmaConfigNum                 
7005b6d4  isMapAvailable                    
7005b6e0  __IRQ_STACK_START                 
7005b7e0  __FIQ_STACK_START                 
7005b7e0  __IRQ_STACK_END                   
7005b8e0  __FIQ_STACK_END                   
7005b8e0  __SVC_STACK_START                 
7005c8e0  __ABORT_STACK_START               
7005c8e0  __SVC_STACK_END                   
7005c9e0  __ABORT_STACK_END                 
7005c9e0  __UNDEFINED_STACK_START           
7005cae0  __UNDEFINED_STACK_END             
ffffffff  __TI_pprof_out_hndl               
ffffffff  __TI_prof_data_size               
ffffffff  __TI_prof_data_start              
ffffffff  __binit__                         
ffffffff  binit                             
UNDEFED   __TI_CINIT_Base                   
UNDEFED   __TI_CINIT_Limit                  
UNDEFED   __TI_Handler_Table_Base           
UNDEFED   __TI_Handler_Table_Limit          
UNDEFED   _system_post_cinit                

[381 symbols]
