<?xml version="1.0" encoding="ISO-8859-1" ?>
<link_info>
   <banner>TI ARM Clang Linker PC v3.2.1.LTS</banner>
   <copyright>Copyright (c) 1996-2018 Texas Instruments Incorporated</copyright>
   <link_time>0x662805f4</link_time>
   <link_errors>0x0</link_errors>
   <output_file>C:\dev\bitbucket\c2000\Hero2\hrpwm_duty_cycle_sfo_am263px-cc_r5fss0-0_nortos_ti-arm-clang\Debug\hrpwm_duty_cycle_sfo_am263px-cc_r5fss0-0_nortos_ti-arm-clang.out</output_file>
   <entry_point>
      <name>_vectors</name>
      <address>0x0</address>
   </entry_point>
   <input_file_list>
      <input_file id="fl-1">
         <path>C:\dev\bitbucket\c2000\Hero2\hrpwm_duty_cycle_sfo_am263px-cc_r5fss0-0_nortos_ti-arm-clang\Debug\.\syscfg\</path>
         <kind>object</kind>
         <file>ti_dpl_config.o</file>
         <name>ti_dpl_config.o</name>
      </input_file>
      <input_file id="fl-2">
         <path>C:\dev\bitbucket\c2000\Hero2\hrpwm_duty_cycle_sfo_am263px-cc_r5fss0-0_nortos_ti-arm-clang\Debug\.\syscfg\</path>
         <kind>object</kind>
         <file>ti_drivers_config.o</file>
         <name>ti_drivers_config.o</name>
      </input_file>
      <input_file id="fl-3">
         <path>C:\dev\bitbucket\c2000\Hero2\hrpwm_duty_cycle_sfo_am263px-cc_r5fss0-0_nortos_ti-arm-clang\Debug\.\syscfg\</path>
         <kind>object</kind>
         <file>ti_drivers_open_close.o</file>
         <name>ti_drivers_open_close.o</name>
      </input_file>
      <input_file id="fl-4">
         <path>C:\dev\bitbucket\c2000\Hero2\hrpwm_duty_cycle_sfo_am263px-cc_r5fss0-0_nortos_ti-arm-clang\Debug\.\syscfg\</path>
         <kind>object</kind>
         <file>ti_pinmux_config.o</file>
         <name>ti_pinmux_config.o</name>
      </input_file>
      <input_file id="fl-5">
         <path>C:\dev\bitbucket\c2000\Hero2\hrpwm_duty_cycle_sfo_am263px-cc_r5fss0-0_nortos_ti-arm-clang\Debug\.\syscfg\</path>
         <kind>object</kind>
         <file>ti_power_clock_config.o</file>
         <name>ti_power_clock_config.o</name>
      </input_file>
      <input_file id="fl-6">
         <path>C:\dev\bitbucket\c2000\Hero2\hrpwm_duty_cycle_sfo_am263px-cc_r5fss0-0_nortos_ti-arm-clang\Debug\.\syscfg\</path>
         <kind>object</kind>
         <file>ti_board_config.o</file>
         <name>ti_board_config.o</name>
      </input_file>
      <input_file id="fl-7">
         <path>C:\dev\bitbucket\c2000\Hero2\hrpwm_duty_cycle_sfo_am263px-cc_r5fss0-0_nortos_ti-arm-clang\Debug\.\syscfg\</path>
         <kind>object</kind>
         <file>ti_board_open_close.o</file>
         <name>ti_board_open_close.o</name>
      </input_file>
      <input_file id="fl-8">
         <path>C:\dev\bitbucket\c2000\Hero2\hrpwm_duty_cycle_sfo_am263px-cc_r5fss0-0_nortos_ti-arm-clang\Debug\.\syscfg\</path>
         <kind>object</kind>
         <file>ti_enet_config.o</file>
         <name>ti_enet_config.o</name>
      </input_file>
      <input_file id="fl-9">
         <path>C:\dev\bitbucket\c2000\Hero2\hrpwm_duty_cycle_sfo_am263px-cc_r5fss0-0_nortos_ti-arm-clang\Debug\.\syscfg\</path>
         <kind>object</kind>
         <file>ti_enet_open_close.o</file>
         <name>ti_enet_open_close.o</name>
      </input_file>
      <input_file id="fl-a">
         <path>C:\dev\bitbucket\c2000\Hero2\hrpwm_duty_cycle_sfo_am263px-cc_r5fss0-0_nortos_ti-arm-clang\Debug\.\syscfg\</path>
         <kind>object</kind>
         <file>ti_enet_soc.o</file>
         <name>ti_enet_soc.o</name>
      </input_file>
      <input_file id="fl-b">
         <path>C:\dev\bitbucket\c2000\Hero2\hrpwm_duty_cycle_sfo_am263px-cc_r5fss0-0_nortos_ti-arm-clang\Debug\.\syscfg\</path>
         <kind>object</kind>
         <file>ti_enet_lwipif.o</file>
         <name>ti_enet_lwipif.o</name>
      </input_file>
      <input_file id="fl-c">
         <path>C:\dev\bitbucket\c2000\Hero2\hrpwm_duty_cycle_sfo_am263px-cc_r5fss0-0_nortos_ti-arm-clang\Debug\.\</path>
         <kind>object</kind>
         <file>hrpwm_duty_cycle_sfo.o</file>
         <name>hrpwm_duty_cycle_sfo.o</name>
      </input_file>
      <input_file id="fl-d">
         <path>C:\dev\bitbucket\c2000\Hero2\hrpwm_duty_cycle_sfo_am263px-cc_r5fss0-0_nortos_ti-arm-clang\Debug\.\</path>
         <kind>object</kind>
         <file>main.o</file>
         <name>main.o</name>
      </input_file>
      <input_file id="fl-1d">
         <path>C:\dev\bitbucket\c2000\Hero2\hrpwm_duty_cycle_sfo_am263px-cc_r5fss0-0_nortos_ti-arm-clang\Debug\</path>
         <kind>object</kind>
         <file>&lt;internal&gt;</file>
         <name>&lt;internal&gt;</name>
      </input_file>
      <input_file id="fl-1e">
         <path>C:\ti\mcu_plus_sdk_am263px_09_01_00_20\source\kernel\nortos\lib\</path>
         <kind>archive</kind>
         <file>nortos.am263px.r5f.ti-arm-clang.debug.lib</file>
         <name>DebugP_uartLogWriter.obj</name>
      </input_file>
      <input_file id="fl-1f">
         <path>C:\ti\mcu_plus_sdk_am263px_09_01_00_20\source\kernel\nortos\lib\</path>
         <kind>archive</kind>
         <file>nortos.am263px.r5f.ti-arm-clang.debug.lib</file>
         <name>DebugP_log.obj</name>
      </input_file>
      <input_file id="fl-20">
         <path>C:\ti\mcu_plus_sdk_am263px_09_01_00_20\source\kernel\nortos\lib\</path>
         <kind>archive</kind>
         <file>nortos.am263px.r5f.ti-arm-clang.debug.lib</file>
         <name>DebugP_nortos.obj</name>
      </input_file>
      <input_file id="fl-21">
         <path>C:\ti\mcu_plus_sdk_am263px_09_01_00_20\source\kernel\nortos\lib\</path>
         <kind>archive</kind>
         <file>nortos.am263px.r5f.ti-arm-clang.debug.lib</file>
         <name>ClockP_nortos.obj</name>
      </input_file>
      <input_file id="fl-22">
         <path>C:\ti\mcu_plus_sdk_am263px_09_01_00_20\source\kernel\nortos\lib\</path>
         <kind>archive</kind>
         <file>nortos.am263px.r5f.ti-arm-clang.debug.lib</file>
         <name>ClockP_nortos_r5.obj</name>
      </input_file>
      <input_file id="fl-23">
         <path>C:\ti\mcu_plus_sdk_am263px_09_01_00_20\source\kernel\nortos\lib\</path>
         <kind>archive</kind>
         <file>nortos.am263px.r5f.ti-arm-clang.debug.lib</file>
         <name>TimerP_rti.obj</name>
      </input_file>
      <input_file id="fl-24">
         <path>C:\ti\mcu_plus_sdk_am263px_09_01_00_20\source\kernel\nortos\lib\</path>
         <kind>archive</kind>
         <file>nortos.am263px.r5f.ti-arm-clang.debug.lib</file>
         <name>HwiP_armv7r_vim.obj</name>
      </input_file>
      <input_file id="fl-25">
         <path>C:\ti\mcu_plus_sdk_am263px_09_01_00_20\source\kernel\nortos\lib\</path>
         <kind>archive</kind>
         <file>nortos.am263px.r5f.ti-arm-clang.debug.lib</file>
         <name>HwiP_armv7r_handlers_nortos.obj</name>
      </input_file>
      <input_file id="fl-26">
         <path>C:\ti\mcu_plus_sdk_am263px_09_01_00_20\source\kernel\nortos\lib\</path>
         <kind>archive</kind>
         <file>nortos.am263px.r5f.ti-arm-clang.debug.lib</file>
         <name>MpuP_armv7r.obj</name>
      </input_file>
      <input_file id="fl-27">
         <path>C:\ti\mcu_plus_sdk_am263px_09_01_00_20\source\kernel\nortos\lib\</path>
         <kind>archive</kind>
         <file>nortos.am263px.r5f.ti-arm-clang.debug.lib</file>
         <name>CacheP_armv7r.obj</name>
      </input_file>
      <input_file id="fl-28">
         <path>C:\ti\mcu_plus_sdk_am263px_09_01_00_20\source\kernel\nortos\lib\</path>
         <kind>archive</kind>
         <file>nortos.am263px.r5f.ti-arm-clang.debug.lib</file>
         <name>printf.obj</name>
      </input_file>
      <input_file id="fl-29">
         <path>C:\ti\mcu_plus_sdk_am263px_09_01_00_20\source\kernel\nortos\lib\</path>
         <kind>archive</kind>
         <file>nortos.am263px.r5f.ti-arm-clang.debug.lib</file>
         <name>PmuP_armv7r.obj</name>
      </input_file>
      <input_file id="fl-2a">
         <path>C:\ti\mcu_plus_sdk_am263px_09_01_00_20\source\kernel\nortos\lib\</path>
         <kind>archive</kind>
         <file>nortos.am263px.r5f.ti-arm-clang.debug.lib</file>
         <name>HwiP_armv7r_handlers_nortos_asm.obj</name>
      </input_file>
      <input_file id="fl-2b">
         <path>C:\ti\mcu_plus_sdk_am263px_09_01_00_20\source\kernel\nortos\lib\</path>
         <kind>archive</kind>
         <file>nortos.am263px.r5f.ti-arm-clang.debug.lib</file>
         <name>HwiP_armv7r_vectors_nortos_asm.obj</name>
      </input_file>
      <input_file id="fl-2c">
         <path>C:\ti\mcu_plus_sdk_am263px_09_01_00_20\source\kernel\nortos\lib\</path>
         <kind>archive</kind>
         <file>nortos.am263px.r5f.ti-arm-clang.debug.lib</file>
         <name>boot_armv7r_asm.obj</name>
      </input_file>
      <input_file id="fl-2d">
         <path>C:\ti\mcu_plus_sdk_am263px_09_01_00_20\source\kernel\nortos\lib\</path>
         <kind>archive</kind>
         <file>nortos.am263px.r5f.ti-arm-clang.debug.lib</file>
         <name>HwiP_armv7r_asm.obj</name>
      </input_file>
      <input_file id="fl-2e">
         <path>C:\ti\mcu_plus_sdk_am263px_09_01_00_20\source\kernel\nortos\lib\</path>
         <kind>archive</kind>
         <file>nortos.am263px.r5f.ti-arm-clang.debug.lib</file>
         <name>MpuP_armv7r_asm.obj</name>
      </input_file>
      <input_file id="fl-2f">
         <path>C:\ti\mcu_plus_sdk_am263px_09_01_00_20\source\kernel\nortos\lib\</path>
         <kind>archive</kind>
         <file>nortos.am263px.r5f.ti-arm-clang.debug.lib</file>
         <name>CacheP_armv7r_asm.obj</name>
      </input_file>
      <input_file id="fl-30">
         <path>C:\ti\mcu_plus_sdk_am263px_09_01_00_20\source\kernel\nortos\lib\</path>
         <kind>archive</kind>
         <file>nortos.am263px.r5f.ti-arm-clang.debug.lib</file>
         <name>PmuP_armv7r_asm.obj</name>
      </input_file>
      <input_file id="fl-31">
         <path>C:\ti\mcu_plus_sdk_am263px_09_01_00_20\source\kernel\nortos\lib\</path>
         <kind>archive</kind>
         <file>nortos.am263px.r5f.ti-arm-clang.debug.lib</file>
         <name>boot_armv7r.obj</name>
      </input_file>
      <input_file id="fl-32">
         <path>C:\ti\mcu_plus_sdk_am263px_09_01_00_20\source\kernel\nortos\lib\</path>
         <kind>archive</kind>
         <file>nortos.am263px.r5f.ti-arm-clang.debug.lib</file>
         <name>SemaphoreP_nortos.obj</name>
      </input_file>
      <input_file id="fl-33">
         <path>C:\ti\mcu_plus_sdk_am263px_09_01_00_20\source\drivers\lib\</path>
         <kind>archive</kind>
         <file>drivers.am263px.r5f.ti-arm-clang.debug.lib</file>
         <name>edma.obj</name>
      </input_file>
      <input_file id="fl-34">
         <path>C:\ti\mcu_plus_sdk_am263px_09_01_00_20\source\drivers\lib\</path>
         <kind>archive</kind>
         <file>drivers.am263px.r5f.ti-arm-clang.debug.lib</file>
         <name>etpwm.obj</name>
      </input_file>
      <input_file id="fl-35">
         <path>C:\ti\mcu_plus_sdk_am263px_09_01_00_20\source\drivers\lib\</path>
         <kind>archive</kind>
         <file>drivers.am263px.r5f.ti-arm-clang.debug.lib</file>
         <name>mcspi_v0.obj</name>
      </input_file>
      <input_file id="fl-36">
         <path>C:\ti\mcu_plus_sdk_am263px_09_01_00_20\source\drivers\lib\</path>
         <kind>archive</kind>
         <file>drivers.am263px.r5f.ti-arm-clang.debug.lib</file>
         <name>pinmux.obj</name>
      </input_file>
      <input_file id="fl-37">
         <path>C:\ti\mcu_plus_sdk_am263px_09_01_00_20\source\drivers\lib\</path>
         <kind>archive</kind>
         <file>drivers.am263px.r5f.ti-arm-clang.debug.lib</file>
         <name>soc.obj</name>
      </input_file>
      <input_file id="fl-38">
         <path>C:\ti\mcu_plus_sdk_am263px_09_01_00_20\source\drivers\lib\</path>
         <kind>archive</kind>
         <file>drivers.am263px.r5f.ti-arm-clang.debug.lib</file>
         <name>soc_rcm.obj</name>
      </input_file>
      <input_file id="fl-39">
         <path>C:\ti\mcu_plus_sdk_am263px_09_01_00_20\source\drivers\lib\</path>
         <kind>archive</kind>
         <file>drivers.am263px.r5f.ti-arm-clang.debug.lib</file>
         <name>uart_v0.obj</name>
      </input_file>
      <input_file id="fl-3a">
         <path>C:\ti\mcu_plus_sdk_am263px_09_01_00_20\source\drivers\lib\</path>
         <kind>archive</kind>
         <file>drivers.am263px.r5f.ti-arm-clang.debug.lib</file>
         <name>mcspi_v0_lld.obj</name>
      </input_file>
      <input_file id="fl-3b">
         <path>C:\ti\mcu_plus_sdk_am263px_09_01_00_20\source\drivers\lib\</path>
         <kind>archive</kind>
         <file>drivers.am263px.r5f.ti-arm-clang.debug.lib</file>
         <name>mcspi_dma_edma.obj</name>
      </input_file>
      <input_file id="fl-3c">
         <path>C:\ti\mcu_plus_sdk_am263px_09_01_00_20\source\drivers\lib\</path>
         <kind>archive</kind>
         <file>drivers.am263px.r5f.ti-arm-clang.debug.lib</file>
         <name>uart_dma.obj</name>
      </input_file>
      <input_file id="fl-3d">
         <path>C:\ti\mcu_plus_sdk_am263px_09_01_00_20\source\board\lib\</path>
         <kind>archive</kind>
         <file>board.am263px.r5f.ti-arm-clang.debug.lib</file>
         <name>pmic_tps653860xx.obj</name>
      </input_file>
      <input_file id="fl-3e">
         <path>C:\ti\mcu_plus_sdk_am263px_09_01_00_20\source\board\lib\</path>
         <kind>archive</kind>
         <file>board.am263px.r5f.ti-arm-clang.debug.lib</file>
         <name>pmic.obj</name>
      </input_file>
      <input_file id="fl-3f">
         <path>C:\ti\mcu_plus_sdk_am263px_09_01_00_20\source\calibration\lib\</path>
         <kind>archive</kind>
         <file>sfo.am263px.r5f.ti-arm-clang.debug.lib</file>
         <name>sfo.obj</name>
      </input_file>
      <input_file id="fl-4e">
         <path>C:\ti\ccs1260\ccs\tools\compiler\ti-cgt-armllvm_3.2.1.LTS\lib\armv7r-ti-none-eabihf\c\</path>
         <kind>archive</kind>
         <file>libc.a</file>
         <name>fputc.c.obj</name>
      </input_file>
      <input_file id="fl-4f">
         <path>C:\ti\ccs1260\ccs\tools\compiler\ti-cgt-armllvm_3.2.1.LTS\lib\armv7r-ti-none-eabihf\c\</path>
         <kind>archive</kind>
         <file>libc.a</file>
         <name>_io_perm.c.obj</name>
      </input_file>
      <input_file id="fl-50">
         <path>C:\ti\ccs1260\ccs\tools\compiler\ti-cgt-armllvm_3.2.1.LTS\lib\armv7r-ti-none-eabihf\c\</path>
         <kind>archive</kind>
         <file>libc.a</file>
         <name>setvbuf.c.obj</name>
      </input_file>
      <input_file id="fl-51">
         <path>C:\ti\ccs1260\ccs\tools\compiler\ti-cgt-armllvm_3.2.1.LTS\lib\armv7r-ti-none-eabihf\c\</path>
         <kind>archive</kind>
         <file>libc.a</file>
         <name>exit.c.obj</name>
      </input_file>
      <input_file id="fl-52">
         <path>C:\ti\ccs1260\ccs\tools\compiler\ti-cgt-armllvm_3.2.1.LTS\lib\armv7r-ti-none-eabihf\c\</path>
         <kind>archive</kind>
         <file>libc.a</file>
         <name>_lock.c.obj</name>
      </input_file>
      <input_file id="fl-53">
         <path>C:\ti\ccs1260\ccs\tools\compiler\ti-cgt-armllvm_3.2.1.LTS\lib\armv7r-ti-none-eabihf\c\</path>
         <kind>archive</kind>
         <file>libc.a</file>
         <name>defs.c.obj</name>
      </input_file>
      <input_file id="fl-54">
         <path>C:\ti\ccs1260\ccs\tools\compiler\ti-cgt-armllvm_3.2.1.LTS\lib\armv7r-ti-none-eabihf\c\</path>
         <kind>archive</kind>
         <file>libc.a</file>
         <name>memory.c.obj</name>
      </input_file>
      <input_file id="fl-55">
         <path>C:\ti\ccs1260\ccs\tools\compiler\ti-cgt-armllvm_3.2.1.LTS\lib\armv7r-ti-none-eabihf\c\</path>
         <kind>archive</kind>
         <file>libc.a</file>
         <name>autoinit.c.obj</name>
      </input_file>
      <input_file id="fl-56">
         <path>C:\ti\ccs1260\ccs\tools\compiler\ti-cgt-armllvm_3.2.1.LTS\lib\armv7r-ti-none-eabihf\c\</path>
         <kind>archive</kind>
         <file>libc.a</file>
         <name>cpy_tbl.c.obj</name>
      </input_file>
      <input_file id="fl-57">
         <path>C:\ti\ccs1260\ccs\tools\compiler\ti-cgt-armllvm_3.2.1.LTS\lib\armv7r-ti-none-eabihf\c\</path>
         <kind>archive</kind>
         <file>libc.a</file>
         <name>fflush.c.obj</name>
      </input_file>
      <input_file id="fl-58">
         <path>C:\ti\ccs1260\ccs\tools\compiler\ti-cgt-armllvm_3.2.1.LTS\lib\armv7r-ti-none-eabihf\c\</path>
         <kind>archive</kind>
         <file>libc.a</file>
         <name>fopen.c.obj</name>
      </input_file>
      <input_file id="fl-59">
         <path>C:\ti\ccs1260\ccs\tools\compiler\ti-cgt-armllvm_3.2.1.LTS\lib\armv7r-ti-none-eabihf\c\</path>
         <kind>archive</kind>
         <file>libc.a</file>
         <name>fseek.c.obj</name>
      </input_file>
      <input_file id="fl-5a">
         <path>C:\ti\ccs1260\ccs\tools\compiler\ti-cgt-armllvm_3.2.1.LTS\lib\armv7r-ti-none-eabihf\c\</path>
         <kind>archive</kind>
         <file>libc.a</file>
         <name>aeabi_portable.c.obj</name>
      </input_file>
      <input_file id="fl-5b">
         <path>C:\ti\ccs1260\ccs\tools\compiler\ti-cgt-armllvm_3.2.1.LTS\lib\armv7r-ti-none-eabihf\c\</path>
         <kind>archive</kind>
         <file>libc.a</file>
         <name>assert.c.obj</name>
      </input_file>
      <input_file id="fl-5c">
         <path>C:\ti\ccs1260\ccs\tools\compiler\ti-cgt-armllvm_3.2.1.LTS\lib\armv7r-ti-none-eabihf\c\</path>
         <kind>archive</kind>
         <file>libc.a</file>
         <name>sprintf.c.obj</name>
      </input_file>
      <input_file id="fl-5d">
         <path>C:\ti\ccs1260\ccs\tools\compiler\ti-cgt-armllvm_3.2.1.LTS\lib\armv7r-ti-none-eabihf\c\</path>
         <kind>archive</kind>
         <file>libc.a</file>
         <name>fclose.c.obj</name>
      </input_file>
      <input_file id="fl-5e">
         <path>C:\ti\ccs1260\ccs\tools\compiler\ti-cgt-armllvm_3.2.1.LTS\lib\armv7r-ti-none-eabihf\c\</path>
         <kind>archive</kind>
         <file>libc.a</file>
         <name>fputs.c.obj</name>
      </input_file>
      <input_file id="fl-5f">
         <path>C:\ti\ccs1260\ccs\tools\compiler\ti-cgt-armllvm_3.2.1.LTS\lib\armv7r-ti-none-eabihf\c\</path>
         <kind>archive</kind>
         <file>libc.a</file>
         <name>_printfi.c.obj</name>
      </input_file>
      <input_file id="fl-60">
         <path>C:\ti\ccs1260\ccs\tools\compiler\ti-cgt-armllvm_3.2.1.LTS\lib\armv7r-ti-none-eabihf\c\</path>
         <kind>archive</kind>
         <file>libc.a</file>
         <name>s_frexp.c.obj</name>
      </input_file>
      <input_file id="fl-61">
         <path>C:\ti\ccs1260\ccs\tools\compiler\ti-cgt-armllvm_3.2.1.LTS\lib\armv7r-ti-none-eabihf\c\</path>
         <kind>archive</kind>
         <file>libc.a</file>
         <name>s_scalbn.c.obj</name>
      </input_file>
      <input_file id="fl-62">
         <path>C:\ti\ccs1260\ccs\tools\compiler\ti-cgt-armllvm_3.2.1.LTS\lib\armv7r-ti-none-eabihf\c\</path>
         <kind>archive</kind>
         <file>libc.a</file>
         <name>_ltoa.c.obj</name>
      </input_file>
      <input_file id="fl-63">
         <path>C:\ti\ccs1260\ccs\tools\compiler\ti-cgt-armllvm_3.2.1.LTS\lib\armv7r-ti-none-eabihf\c\</path>
         <kind>archive</kind>
         <file>libc.a</file>
         <name>atoi.c.obj</name>
      </input_file>
      <input_file id="fl-64">
         <path>C:\ti\ccs1260\ccs\tools\compiler\ti-cgt-armllvm_3.2.1.LTS\lib\armv7r-ti-none-eabihf\c\</path>
         <kind>archive</kind>
         <file>libc.a</file>
         <name>memccpy.c.obj</name>
      </input_file>
      <input_file id="fl-65">
         <path>C:\ti\ccs1260\ccs\tools\compiler\ti-cgt-armllvm_3.2.1.LTS\lib\armv7r-ti-none-eabihf\c\</path>
         <kind>archive</kind>
         <file>libc.a</file>
         <name>wcslen.c.obj</name>
      </input_file>
      <input_file id="fl-66">
         <path>C:\ti\ccs1260\ccs\tools\compiler\ti-cgt-armllvm_3.2.1.LTS\lib\armv7r-ti-none-eabihf\c\</path>
         <kind>archive</kind>
         <file>libc.a</file>
         <name>aeabi_ctype.S.obj</name>
      </input_file>
      <input_file id="fl-75">
         <path>C:\ti\ccs1260\ccs\tools\compiler\ti-cgt-armllvm_3.2.1.LTS\lib\armv7r-ti-none-eabihf\c\</path>
         <kind>archive</kind>
         <file>libsysbm.a</file>
         <name>write.c.obj</name>
      </input_file>
      <input_file id="fl-76">
         <path>C:\ti\ccs1260\ccs\tools\compiler\ti-cgt-armllvm_3.2.1.LTS\lib\armv7r-ti-none-eabihf\c\</path>
         <kind>archive</kind>
         <file>libsysbm.a</file>
         <name>host_device.c.obj</name>
      </input_file>
      <input_file id="fl-77">
         <path>C:\ti\ccs1260\ccs\tools\compiler\ti-cgt-armllvm_3.2.1.LTS\lib\armv7r-ti-none-eabihf\c\</path>
         <kind>archive</kind>
         <file>libsysbm.a</file>
         <name>remove.c.obj</name>
      </input_file>
      <input_file id="fl-78">
         <path>C:\ti\ccs1260\ccs\tools\compiler\ti-cgt-armllvm_3.2.1.LTS\lib\armv7r-ti-none-eabihf\c\</path>
         <kind>archive</kind>
         <file>libsysbm.a</file>
         <name>open.c.obj</name>
      </input_file>
      <input_file id="fl-79">
         <path>C:\ti\ccs1260\ccs\tools\compiler\ti-cgt-armllvm_3.2.1.LTS\lib\armv7r-ti-none-eabihf\c\</path>
         <kind>archive</kind>
         <file>libsysbm.a</file>
         <name>lseek.c.obj</name>
      </input_file>
      <input_file id="fl-7a">
         <path>C:\ti\ccs1260\ccs\tools\compiler\ti-cgt-armllvm_3.2.1.LTS\lib\armv7r-ti-none-eabihf\c\</path>
         <kind>archive</kind>
         <file>libsysbm.a</file>
         <name>close.c.obj</name>
      </input_file>
      <input_file id="fl-7b">
         <path>C:\ti\ccs1260\ccs\tools\compiler\ti-cgt-armllvm_3.2.1.LTS\lib\armv7r-ti-none-eabihf\c\</path>
         <kind>archive</kind>
         <file>libsysbm.a</file>
         <name>unlink.c.obj</name>
      </input_file>
      <input_file id="fl-7c">
         <path>C:\ti\ccs1260\ccs\tools\compiler\ti-cgt-armllvm_3.2.1.LTS\lib\armv7r-ti-none-eabihf\c\</path>
         <kind>archive</kind>
         <file>libsysbm.a</file>
         <name>hostclose.c.obj</name>
      </input_file>
      <input_file id="fl-7d">
         <path>C:\ti\ccs1260\ccs\tools\compiler\ti-cgt-armllvm_3.2.1.LTS\lib\armv7r-ti-none-eabihf\c\</path>
         <kind>archive</kind>
         <file>libsysbm.a</file>
         <name>hostlseek.c.obj</name>
      </input_file>
      <input_file id="fl-7e">
         <path>C:\ti\ccs1260\ccs\tools\compiler\ti-cgt-armllvm_3.2.1.LTS\lib\armv7r-ti-none-eabihf\c\</path>
         <kind>archive</kind>
         <file>libsysbm.a</file>
         <name>hostopen.c.obj</name>
      </input_file>
      <input_file id="fl-7f">
         <path>C:\ti\ccs1260\ccs\tools\compiler\ti-cgt-armllvm_3.2.1.LTS\lib\armv7r-ti-none-eabihf\c\</path>
         <kind>archive</kind>
         <file>libsysbm.a</file>
         <name>hostread.c.obj</name>
      </input_file>
      <input_file id="fl-80">
         <path>C:\ti\ccs1260\ccs\tools\compiler\ti-cgt-armllvm_3.2.1.LTS\lib\armv7r-ti-none-eabihf\c\</path>
         <kind>archive</kind>
         <file>libsysbm.a</file>
         <name>hostrename.c.obj</name>
      </input_file>
      <input_file id="fl-81">
         <path>C:\ti\ccs1260\ccs\tools\compiler\ti-cgt-armllvm_3.2.1.LTS\lib\armv7r-ti-none-eabihf\c\</path>
         <kind>archive</kind>
         <file>libsysbm.a</file>
         <name>hostunlink.c.obj</name>
      </input_file>
      <input_file id="fl-82">
         <path>C:\ti\ccs1260\ccs\tools\compiler\ti-cgt-armllvm_3.2.1.LTS\lib\armv7r-ti-none-eabihf\c\</path>
         <kind>archive</kind>
         <file>libsysbm.a</file>
         <name>hostwrite.c.obj</name>
      </input_file>
      <input_file id="fl-83">
         <path>C:\ti\ccs1260\ccs\tools\compiler\ti-cgt-armllvm_3.2.1.LTS\lib\armv7r-ti-none-eabihf\c\</path>
         <kind>archive</kind>
         <file>libsysbm.a</file>
         <name>trgmsg.c.obj</name>
      </input_file>
      <input_file id="fl-db">
         <path>C:\ti\ccs1260\ccs\tools\compiler\ti-cgt-armllvm_3.2.1.LTS\lib\armv7r-ti-none-eabihf\c\</path>
         <kind>archive</kind>
         <file>libc.a</file>
         <name>getdevice.c.obj</name>
      </input_file>
      <input_file id="fl-dc">
         <path>C:\ti\ccs1260\ccs\tools\compiler\ti-cgt-armllvm_3.2.1.LTS\lib\armv7r-ti-none-eabihf\c\</path>
         <kind>archive</kind>
         <file>libc.a</file>
         <name>strcmp32.S.obj</name>
      </input_file>
      <input_file id="fl-dd">
         <path>C:\ti\ccs1260\ccs\tools\compiler\ti-cgt-armllvm_3.2.1.LTS\lib\clang\15.0.7\lib\armv7r-ti-none-eabihf\</path>
         <kind>archive</kind>
         <file>libclang_rt.builtins.a</file>
         <name>divsi3.S.obj</name>
      </input_file>
      <input_file id="fl-de">
         <path>C:\ti\ccs1260\ccs\tools\compiler\ti-cgt-armllvm_3.2.1.LTS\lib\clang\15.0.7\lib\armv7r-ti-none-eabihf\</path>
         <kind>archive</kind>
         <file>libclang_rt.builtins.a</file>
         <name>udivsi3.S.obj</name>
      </input_file>
      <input_file id="fl-df">
         <path>C:\ti\ccs1260\ccs\tools\compiler\ti-cgt-armllvm_3.2.1.LTS\lib\clang\15.0.7\lib\armv7r-ti-none-eabihf\</path>
         <kind>archive</kind>
         <file>libclang_rt.builtins.a</file>
         <name>aeabi_div0.c.obj</name>
      </input_file>
      <input_file id="fl-e0">
         <path>C:\ti\ccs1260\ccs\tools\compiler\ti-cgt-armllvm_3.2.1.LTS\lib\clang\15.0.7\lib\armv7r-ti-none-eabihf\</path>
         <kind>archive</kind>
         <file>libclang_rt.builtins.a</file>
         <name>aeabi_memcpy.S.obj</name>
      </input_file>
      <input_file id="fl-e1">
         <path>C:\ti\ccs1260\ccs\tools\compiler\ti-cgt-armllvm_3.2.1.LTS\lib\clang\15.0.7\lib\armv7r-ti-none-eabihf\</path>
         <kind>archive</kind>
         <file>libclang_rt.builtins.a</file>
         <name>aeabi_memset.S.obj</name>
      </input_file>
      <input_file id="fl-e2">
         <path>C:\ti\ccs1260\ccs\tools\compiler\ti-cgt-armllvm_3.2.1.LTS\lib\clang\15.0.7\lib\armv7r-ti-none-eabihf\</path>
         <kind>archive</kind>
         <file>libclang_rt.builtins.a</file>
         <name>aeabi_uldivmod.S.obj</name>
      </input_file>
      <input_file id="fl-e3">
         <path>C:\ti\ccs1260\ccs\tools\compiler\ti-cgt-armllvm_3.2.1.LTS\lib\clang\15.0.7\lib\armv7r-ti-none-eabihf\</path>
         <kind>archive</kind>
         <file>libclang_rt.builtins.a</file>
         <name>udivmoddi4.S.obj</name>
      </input_file>
      <input_file id="fl-e4">
         <path>C:\ti\ccs1260\ccs\tools\compiler\ti-cgt-armllvm_3.2.1.LTS\lib\armv7r-ti-none-eabihf\c\</path>
         <kind>archive</kind>
         <file>libc.a</file>
         <name>memcpy32.S.obj</name>
      </input_file>
      <input_file id="fl-e5">
         <path>C:\ti\ccs1260\ccs\tools\compiler\ti-cgt-armllvm_3.2.1.LTS\lib\armv7r-ti-none-eabihf\c\</path>
         <kind>archive</kind>
         <file>libc.a</file>
         <name>memset32.S.obj</name>
      </input_file>
      <input_file id="fl-e6">
         <path>C:\ti\mcu_plus_sdk_am263px_09_01_00_20\source\kernel\nortos\lib\</path>
         <kind>archive</kind>
         <file>nortos.am263px.r5f.ti-arm-clang.debug.lib</file>
         <name>AddrTranslateP_32bit.obj</name>
      </input_file>
      <input_file id="fl-e7">
         <path>C:\ti\mcu_plus_sdk_am263px_09_01_00_20\source\kernel\nortos\lib\</path>
         <kind>archive</kind>
         <file>nortos.am263px.r5f.ti-arm-clang.debug.lib</file>
         <name>CpuId_armv7r.obj</name>
      </input_file>
      <input_file id="fl-e8">
         <path>C:\ti\mcu_plus_sdk_am263px_09_01_00_20\source\kernel\nortos\lib\</path>
         <kind>archive</kind>
         <file>nortos.am263px.r5f.ti-arm-clang.debug.lib</file>
         <name>TaskP_nortos.obj</name>
      </input_file>
      <input_file id="fl-e9">
         <path>C:\ti\mcu_plus_sdk_am263px_09_01_00_20\source\kernel\nortos\lib\</path>
         <kind>archive</kind>
         <file>nortos.am263px.r5f.ti-arm-clang.debug.lib</file>
         <name>CpuId_armv7r_asm.obj</name>
      </input_file>
   </input_file_list>
   <object_component_list>
      <object_component id="oc-2a">
         <name>.vectors</name>
         <load_address>0x0</load_address>
         <readonly>true</readonly>
         <executable>true</executable>
         <run_address>0x0</run_address>
         <size>0x40</size>
         <alignment>0x4</alignment>
         <input_file_ref idref="fl-2b"/>
      </object_component>
      <object_component id="oc-6d">
         <name>.text.hwi</name>
         <load_address>0x70068b20</load_address>
         <readonly>true</readonly>
         <executable>true</executable>
         <run_address>0x70068b20</run_address>
         <size>0x5c6</size>
         <alignment>0x10</alignment>
         <input_file_ref idref="fl-24"/>
      </object_component>
      <object_component id="oc-4f">
         <name>.text.hwi</name>
         <load_address>0x700690f0</load_address>
         <readonly>true</readonly>
         <executable>true</executable>
         <run_address>0x700690f0</run_address>
         <size>0x3d4</size>
         <alignment>0x10</alignment>
         <input_file_ref idref="fl-25"/>
      </object_component>
      <object_component id="oc-53">
         <name>.text.hwi</name>
         <load_address>0x700694c4</load_address>
         <readonly>true</readonly>
         <executable>true</executable>
         <run_address>0x700694c4</run_address>
         <size>0xc0</size>
         <alignment>0x4</alignment>
         <input_file_ref idref="fl-2a"/>
      </object_component>
      <object_component id="oc-73">
         <name>.text.hwi</name>
         <load_address>0x70069584</load_address>
         <readonly>true</readonly>
         <executable>true</executable>
         <run_address>0x70069584</run_address>
         <size>0x70</size>
         <alignment>0x4</alignment>
         <input_file_ref idref="fl-2d"/>
      </object_component>
      <object_component id="oc-c1">
         <name>.text.cache</name>
         <load_address>0x70069600</load_address>
         <readonly>true</readonly>
         <executable>true</executable>
         <run_address>0x70069600</run_address>
         <size>0x340</size>
         <alignment>0x4</alignment>
         <input_file_ref idref="fl-2f"/>
      </object_component>
      <object_component id="oc-7f">
         <name>.text.cache</name>
         <load_address>0x70069940</load_address>
         <readonly>true</readonly>
         <executable>true</executable>
         <run_address>0x70069940</run_address>
         <size>0x158</size>
         <alignment>0x10</alignment>
         <input_file_ref idref="fl-27"/>
      </object_component>
      <object_component id="oc-7b">
         <name>.text.mpu</name>
         <load_address>0x70069aa0</load_address>
         <readonly>true</readonly>
         <executable>true</executable>
         <run_address>0x70069aa0</run_address>
         <size>0x246</size>
         <alignment>0x10</alignment>
         <input_file_ref idref="fl-26"/>
      </object_component>
      <object_component id="oc-bd">
         <name>.text.mpu</name>
         <load_address>0x70069ce8</load_address>
         <readonly>true</readonly>
         <executable>true</executable>
         <run_address>0x70069ce8</run_address>
         <size>0x78</size>
         <alignment>0x4</alignment>
         <input_file_ref idref="fl-2e"/>
      </object_component>
      <object_component id="oc-4b">
         <name>.text.boot</name>
         <load_address>0x70069d60</load_address>
         <readonly>true</readonly>
         <executable>true</executable>
         <run_address>0x70069d60</run_address>
         <size>0xfc</size>
         <alignment>0x4</alignment>
         <input_file_ref idref="fl-2c"/>
      </object_component>
      <object_component id="oc-b4">
         <name>.text.boot</name>
         <load_address>0x70069e60</load_address>
         <readonly>true</readonly>
         <executable>true</executable>
         <run_address>0x70069e60</run_address>
         <size>0x24</size>
         <alignment>0x10</alignment>
         <input_file_ref idref="fl-1f"/>
      </object_component>
      <object_component id="oc-5d">
         <name>.text.boot</name>
         <load_address>0x70069e90</load_address>
         <readonly>true</readonly>
         <executable>true</executable>
         <run_address>0x70069e90</run_address>
         <size>0xc</size>
         <alignment>0x10</alignment>
         <input_file_ref idref="fl-1"/>
      </object_component>
      <object_component id="oc-ac">
         <name>.text:abort</name>
         <load_address>0x70069ea0</load_address>
         <readonly>true</readonly>
         <executable>true</executable>
         <run_address>0x70069ea0</run_address>
         <size>0x8</size>
         <alignment>0x4</alignment>
         <input_file_ref idref="fl-51"/>
      </object_component>
      <object_component id="oc-192">
         <name>.text.Drivers_epwmOpen</name>
         <load_address>0x70040000</load_address>
         <readonly>true</readonly>
         <executable>true</executable>
         <run_address>0x70040000</run_address>
         <size>0x804c</size>
         <alignment>0x10</alignment>
         <input_file_ref idref="fl-3"/>
      </object_component>
      <object_component id="oc-13e">
         <name>.text.__aeabi_memcpy</name>
         <load_address>0x7004804c</load_address>
         <readonly>true</readonly>
         <executable>true</executable>
         <run_address>0x7004804c</run_address>
         <size>0x4</size>
         <alignment>0x4</alignment>
         <input_file_ref idref="fl-e0"/>
      </object_component>
      <object_component id="oc-2b8">
         <name>.text._vsnprintf</name>
         <load_address>0x70048050</load_address>
         <readonly>true</readonly>
         <executable>true</executable>
         <run_address>0x70048050</run_address>
         <size>0xa34</size>
         <alignment>0x10</alignment>
         <input_file_ref idref="fl-28"/>
      </object_component>
      <object_component id="oc-85">
         <name>.text.__aeabi_memclr</name>
         <load_address>0x70048a84</load_address>
         <readonly>true</readonly>
         <executable>true</executable>
         <run_address>0x70048a84</run_address>
         <size>0xc</size>
         <alignment>0x4</alignment>
         <input_file_ref idref="fl-e1"/>
      </object_component>
      <object_component id="oc-372">
         <name>.text.SOC_rcmGetClkSrcAndDivReg</name>
         <load_address>0x70048a90</load_address>
         <readonly>true</readonly>
         <executable>true</executable>
         <run_address>0x70048a90</run_address>
         <size>0x678</size>
         <alignment>0x10</alignment>
         <input_file_ref idref="fl-38"/>
      </object_component>
      <object_component id="oc-1cd">
         <name>.text._nop</name>
         <load_address>0x70049108</load_address>
         <readonly>true</readonly>
         <executable>true</executable>
         <run_address>0x70049108</run_address>
         <size>0x4</size>
         <alignment>0x4</alignment>
         <input_file_ref idref="fl-52"/>
      </object_component>
      <object_component id="oc-470">
         <name>.text.fseek</name>
         <load_address>0x7004910c</load_address>
         <readonly>true</readonly>
         <executable>true</executable>
         <run_address>0x7004910c</run_address>
         <size>0x4</size>
         <alignment>0x4</alignment>
         <input_file_ref idref="fl-59"/>
      </object_component>
      <object_component id="oc-2e6">
         <name>.text.SOC_rcmEnablePeripheralClock</name>
         <load_address>0x70049110</load_address>
         <readonly>true</readonly>
         <executable>true</executable>
         <run_address>0x70049110</run_address>
         <size>0x638</size>
         <alignment>0x10</alignment>
         <input_file_ref idref="fl-38"/>
      </object_component>
      <object_component id="oc-4ed">
         <name>.text.remove</name>
         <load_address>0x70049748</load_address>
         <readonly>true</readonly>
         <executable>true</executable>
         <run_address>0x70049748</run_address>
         <size>0x4</size>
         <alignment>0x4</alignment>
         <input_file_ref idref="fl-77"/>
      </object_component>
      <object_component id="oc-353">
         <name>.text._ftoa</name>
         <load_address>0x70049750</load_address>
         <readonly>true</readonly>
         <executable>true</executable>
         <run_address>0x70049750</run_address>
         <size>0x51e</size>
         <alignment>0x10</alignment>
         <input_file_ref idref="fl-28"/>
      </object_component>
      <object_component id="oc-233">
         <name>.text.MCSPI_open</name>
         <load_address>0x70049c70</load_address>
         <readonly>true</readonly>
         <executable>true</executable>
         <run_address>0x70049c70</run_address>
         <size>0x4aa</size>
         <alignment>0x10</alignment>
         <input_file_ref idref="fl-35"/>
      </object_component>
      <object_component id="oc-354">
         <name>.text._etoa</name>
         <load_address>0x7004a120</load_address>
         <readonly>true</readonly>
         <executable>true</executable>
         <run_address>0x7004a120</run_address>
         <size>0x478</size>
         <alignment>0x10</alignment>
         <input_file_ref idref="fl-28"/>
      </object_component>
      <object_component id="oc-539">
         <name>.text:strcmp</name>
         <load_address>0x7004a5a0</load_address>
         <readonly>true</readonly>
         <executable>true</executable>
         <run_address>0x7004a5a0</run_address>
         <size>0x390</size>
         <alignment>0x20</alignment>
         <input_file_ref idref="fl-dc"/>
      </object_component>
      <object_component id="oc-183">
         <name>.text.EDMA_initialize</name>
         <load_address>0x7004a930</load_address>
         <readonly>true</readonly>
         <executable>true</executable>
         <run_address>0x7004a930</run_address>
         <size>0x336</size>
         <alignment>0x10</alignment>
         <input_file_ref idref="fl-33"/>
      </object_component>
      <object_component id="oc-4e1">
         <name>.text.MCSPI_transferControllerPoll</name>
         <load_address>0x7004ac70</load_address>
         <readonly>true</readonly>
         <executable>true</executable>
         <run_address>0x7004ac70</run_address>
         <size>0x324</size>
         <alignment>0x10</alignment>
         <input_file_ref idref="fl-3a"/>
      </object_component>
      <object_component id="oc-496">
         <name>.text.malloc</name>
         <load_address>0x7004af94</load_address>
         <readonly>true</readonly>
         <executable>true</executable>
         <run_address>0x7004af94</run_address>
         <size>0xc</size>
         <alignment>0x4</alignment>
         <input_file_ref idref="fl-54"/>
      </object_component>
      <object_component id="oc-515">
         <name>.text.SOC_virtToPhy</name>
         <load_address>0x7004afa0</load_address>
         <readonly>true</readonly>
         <executable>true</executable>
         <run_address>0x7004afa0</run_address>
         <size>0x302</size>
         <alignment>0x10</alignment>
         <input_file_ref idref="fl-37"/>
      </object_component>
      <object_component id="oc-214">
         <name>.text</name>
         <load_address>0x7004b2a4</load_address>
         <readonly>true</readonly>
         <executable>true</executable>
         <run_address>0x7004b2a4</run_address>
         <size>0xc</size>
         <alignment>0x4</alignment>
         <input_file_ref idref="fl-e9"/>
      </object_component>
      <object_component id="oc-108">
         <name>.text.SFO</name>
         <load_address>0x7004b2b0</load_address>
         <readonly>true</readonly>
         <executable>true</executable>
         <run_address>0x7004b2b0</run_address>
         <size>0x2dc</size>
         <alignment>0x10</alignment>
         <input_file_ref idref="fl-3f"/>
      </object_component>
      <object_component id="oc-48a">
         <name>.text.MCSPI_transfer</name>
         <load_address>0x7004b590</load_address>
         <readonly>true</readonly>
         <executable>true</executable>
         <run_address>0x7004b590</run_address>
         <size>0x29e</size>
         <alignment>0x10</alignment>
         <input_file_ref idref="fl-35"/>
      </object_component>
      <object_component id="oc-391">
         <name>.text.MCSPI_lld_dmaChInit</name>
         <load_address>0x7004b830</load_address>
         <readonly>true</readonly>
         <executable>true</executable>
         <run_address>0x7004b830</run_address>
         <size>0x28a</size>
         <alignment>0x10</alignment>
         <input_file_ref idref="fl-3b"/>
      </object_component>
      <object_component id="oc-2b4">
         <name>.text.UART_open</name>
         <load_address>0x7004bac0</load_address>
         <readonly>true</readonly>
         <executable>true</executable>
         <run_address>0x7004bac0</run_address>
         <size>0x276</size>
         <alignment>0x10</alignment>
         <input_file_ref idref="fl-39"/>
      </object_component>
      <object_component id="oc-a3">
         <name>.text.hrpwm_duty_cycle_sfo</name>
         <load_address>0x7004bd40</load_address>
         <readonly>true</readonly>
         <executable>true</executable>
         <run_address>0x7004bd40</run_address>
         <size>0x274</size>
         <alignment>0x10</alignment>
         <input_file_ref idref="fl-c"/>
      </object_component>
      <object_component id="oc-42f">
         <name>.text.Alloc_resource</name>
         <load_address>0x7004bfc0</load_address>
         <readonly>true</readonly>
         <executable>true</executable>
         <run_address>0x7004bfc0</run_address>
         <size>0x250</size>
         <alignment>0x10</alignment>
         <input_file_ref idref="fl-33"/>
      </object_component>
      <object_component id="oc-394">
         <name>.text.MCSPI_continueTxRx</name>
         <load_address>0x7004c210</load_address>
         <readonly>true</readonly>
         <executable>true</executable>
         <run_address>0x7004c210</run_address>
         <size>0x242</size>
         <alignment>0x10</alignment>
         <input_file_ref idref="fl-3a"/>
      </object_component>
      <object_component id="oc-39c">
         <name>.text.UART_fifoConfig</name>
         <load_address>0x7004c460</load_address>
         <readonly>true</readonly>
         <executable>true</executable>
         <run_address>0x7004c460</run_address>
         <size>0x242</size>
         <alignment>0x10</alignment>
         <input_file_ref idref="fl-39"/>
      </object_component>
      <object_component id="oc-34c">
         <name>.text.UART_controllerIsr</name>
         <load_address>0x7004c6b0</load_address>
         <readonly>true</readonly>
         <executable>true</executable>
         <run_address>0x7004c6b0</run_address>
         <size>0x240</size>
         <alignment>0x10</alignment>
         <input_file_ref idref="fl-39"/>
      </object_component>
      <object_component id="oc-3b9">
         <name>.text._ntoa_format</name>
         <load_address>0x7004c8f0</load_address>
         <readonly>true</readonly>
         <executable>true</executable>
         <run_address>0x7004c8f0</run_address>
         <size>0x23e</size>
         <alignment>0x10</alignment>
         <input_file_ref idref="fl-28"/>
      </object_component>
      <object_component id="oc-3c5">
         <name>.text.MCSPI_lld_dmaDeInit</name>
         <load_address>0x7004cb30</load_address>
         <readonly>true</readonly>
         <executable>true</executable>
         <run_address>0x7004cb30</run_address>
         <size>0x23a</size>
         <alignment>0x10</alignment>
         <input_file_ref idref="fl-3b"/>
      </object_component>
      <object_component id="oc-4e0">
         <name>.text.MCSPI_lld_dmaTransfer</name>
         <load_address>0x7004cd70</load_address>
         <readonly>true</readonly>
         <executable>true</executable>
         <run_address>0x7004cd70</run_address>
         <size>0x22a</size>
         <alignment>0x10</alignment>
         <input_file_ref idref="fl-3b"/>
      </object_component>
      <object_component id="oc-282">
         <name>.text.EPWM_setADCTriggerSource</name>
         <load_address>0x7004cfa0</load_address>
         <readonly>true</readonly>
         <executable>true</executable>
         <run_address>0x7004cfa0</run_address>
         <size>0x1ee</size>
         <alignment>0x10</alignment>
         <input_file_ref idref="fl-3"/>
      </object_component>
      <object_component id="oc-417">
         <name>.text.UART_write</name>
         <load_address>0x7004d190</load_address>
         <readonly>true</readonly>
         <executable>true</executable>
         <run_address>0x7004d190</run_address>
         <size>0x1e6</size>
         <alignment>0x10</alignment>
         <input_file_ref idref="fl-39"/>
      </object_component>
      <object_component id="oc-3f0">
         <name>.text.MCSPI_setChConfig</name>
         <load_address>0x7004d380</load_address>
         <readonly>true</readonly>
         <executable>true</executable>
         <run_address>0x7004d380</run_address>
         <size>0x1d6</size>
         <alignment>0x10</alignment>
         <input_file_ref idref="fl-3a"/>
      </object_component>
      <object_component id="oc-1e5">
         <name>.text.TimerP_setup</name>
         <load_address>0x7004d560</load_address>
         <readonly>true</readonly>
         <executable>true</executable>
         <run_address>0x7004d560</run_address>
         <size>0x1d6</size>
         <alignment>0x10</alignment>
         <input_file_ref idref="fl-23"/>
      </object_component>
      <object_component id="oc-4aa">
         <name>.text.MCSPI_lld_readWrite</name>
         <load_address>0x7004d740</load_address>
         <readonly>true</readonly>
         <executable>true</executable>
         <run_address>0x7004d740</run_address>
         <size>0x1d0</size>
         <alignment>0x10</alignment>
         <input_file_ref idref="fl-3a"/>
      </object_component>
      <object_component id="oc-1c8">
         <name>.text.EDMA_deinitialize</name>
         <load_address>0x7004d910</load_address>
         <readonly>true</readonly>
         <executable>true</executable>
         <run_address>0x7004d910</run_address>
         <size>0x1ca</size>
         <alignment>0x10</alignment>
         <input_file_ref idref="fl-33"/>
      </object_component>
      <object_component id="oc-4b1">
         <name>.text.aligned_alloc</name>
         <load_address>0x7004dadc</load_address>
         <readonly>true</readonly>
         <executable>true</executable>
         <run_address>0x7004dadc</run_address>
         <size>0x1b4</size>
         <alignment>0x4</alignment>
         <input_file_ref idref="fl-54"/>
      </object_component>
      <object_component id="oc-4a7">
         <name>.text.MCSPI_lld_readWriteIntr</name>
         <load_address>0x7004dc90</load_address>
         <readonly>true</readonly>
         <executable>true</executable>
         <run_address>0x7004dc90</run_address>
         <size>0x1b0</size>
         <alignment>0x10</alignment>
         <input_file_ref idref="fl-3a"/>
      </object_component>
      <object_component id="oc-494">
         <name>.text.free</name>
         <load_address>0x7004de40</load_address>
         <readonly>true</readonly>
         <executable>true</executable>
         <run_address>0x7004de40</run_address>
         <size>0x1b0</size>
         <alignment>0x4</alignment>
         <input_file_ref idref="fl-54"/>
      </object_component>
      <object_component id="oc-396">
         <name>.text.MCSPI_continuePeripheralTxRx</name>
         <load_address>0x7004dff0</load_address>
         <readonly>true</readonly>
         <executable>true</executable>
         <run_address>0x7004dff0</run_address>
         <size>0x1a0</size>
         <alignment>0x10</alignment>
         <input_file_ref idref="fl-3a"/>
      </object_component>
      <object_component id="oc-307">
         <name>.text.MCSPI_lld_initDma</name>
         <load_address>0x7004e190</load_address>
         <readonly>true</readonly>
         <executable>true</executable>
         <run_address>0x7004e190</run_address>
         <size>0x198</size>
         <alignment>0x10</alignment>
         <input_file_ref idref="fl-3a"/>
      </object_component>
      <object_component id="oc-2f8">
         <name>.text.EDMA_transferCompletionMasterIsrFxn</name>
         <load_address>0x7004e330</load_address>
         <readonly>true</readonly>
         <executable>true</executable>
         <run_address>0x7004e330</run_address>
         <size>0x196</size>
         <alignment>0x10</alignment>
         <input_file_ref idref="fl-33"/>
      </object_component>
      <object_component id="oc-2c5">
         <name>.text.MCSPI_close</name>
         <load_address>0x7004e4d0</load_address>
         <readonly>true</readonly>
         <executable>true</executable>
         <run_address>0x7004e4d0</run_address>
         <size>0x192</size>
         <alignment>0x10</alignment>
         <input_file_ref idref="fl-35"/>
      </object_component>
      <object_component id="oc-2c6">
         <name>.text.UART_close</name>
         <load_address>0x7004e670</load_address>
         <readonly>true</readonly>
         <executable>true</executable>
         <run_address>0x7004e670</run_address>
         <size>0x190</size>
         <alignment>0x10</alignment>
         <input_file_ref idref="fl-39"/>
      </object_component>
      <object_component id="oc-4a8">
         <name>.text.MCSPI_lld_readWriteDma</name>
         <load_address>0x7004e800</load_address>
         <readonly>true</readonly>
         <executable>true</executable>
         <run_address>0x7004e800</run_address>
         <size>0x17c</size>
         <alignment>0x10</alignment>
         <input_file_ref idref="fl-3a"/>
      </object_component>
      <object_component id="oc-345">
         <name>.text.UART_configInstance</name>
         <load_address>0x7004e980</load_address>
         <readonly>true</readonly>
         <executable>true</executable>
         <run_address>0x7004e980</run_address>
         <size>0x16a</size>
         <alignment>0x10</alignment>
         <input_file_ref idref="fl-39"/>
      </object_component>
      <object_component id="oc-27d">
         <name>.text.EPWM_setInterruptSource</name>
         <load_address>0x7004eaf0</load_address>
         <readonly>true</readonly>
         <executable>true</executable>
         <run_address>0x7004eaf0</run_address>
         <size>0x162</size>
         <alignment>0x10</alignment>
         <input_file_ref idref="fl-3"/>
      </object_component>
      <object_component id="oc-418">
         <name>.text.EDMA_unregisterIntr</name>
         <load_address>0x7004ec60</load_address>
         <readonly>true</readonly>
         <executable>true</executable>
         <run_address>0x7004ec60</run_address>
         <size>0x15a</size>
         <alignment>0x10</alignment>
         <input_file_ref idref="fl-33"/>
      </object_component>
      <object_component id="oc-14b">
         <name>.text.SOC_controlModuleUnlockMMR</name>
         <load_address>0x7004edc0</load_address>
         <readonly>true</readonly>
         <executable>true</executable>
         <run_address>0x7004edc0</run_address>
         <size>0x158</size>
         <alignment>0x10</alignment>
         <input_file_ref idref="fl-37"/>
      </object_component>
      <object_component id="oc-3ab">
         <name>.text.UART_procLineStatusErr</name>
         <load_address>0x7004ef20</load_address>
         <readonly>true</readonly>
         <executable>true</executable>
         <run_address>0x7004ef20</run_address>
         <size>0x150</size>
         <alignment>0x10</alignment>
         <input_file_ref idref="fl-39"/>
      </object_component>
      <object_component id="oc-475">
         <name>.text.setvbuf</name>
         <load_address>0x7004f070</load_address>
         <readonly>true</readonly>
         <executable>true</executable>
         <run_address>0x7004f070</run_address>
         <size>0x144</size>
         <alignment>0x4</alignment>
         <input_file_ref idref="fl-50"/>
      </object_component>
      <object_component id="oc-4dc">
         <name>.text.MCSPI_setFifoConfig</name>
         <load_address>0x7004f1c0</load_address>
         <readonly>true</readonly>
         <executable>true</executable>
         <run_address>0x7004f1c0</run_address>
         <size>0x142</size>
         <alignment>0x10</alignment>
         <input_file_ref idref="fl-3a"/>
      </object_component>
      <object_component id="oc-30c">
         <name>.text.MCSPI_lld_init</name>
         <load_address>0x7004f310</load_address>
         <readonly>true</readonly>
         <executable>true</executable>
         <run_address>0x7004f310</run_address>
         <size>0x140</size>
         <alignment>0x10</alignment>
         <input_file_ref idref="fl-3a"/>
      </object_component>
      <object_component id="oc-14d">
         <name>.text.ClockP_init</name>
         <load_address>0x7004f450</load_address>
         <readonly>true</readonly>
         <executable>true</executable>
         <run_address>0x7004f450</run_address>
         <size>0x13c</size>
         <alignment>0x10</alignment>
         <input_file_ref idref="fl-22"/>
      </object_component>
      <object_component id="oc-461">
         <name>.text.EDMA_isDmaChannelAllocated</name>
         <load_address>0x7004f590</load_address>
         <readonly>true</readonly>
         <executable>true</executable>
         <run_address>0x7004f590</run_address>
         <size>0x13a</size>
         <alignment>0x10</alignment>
         <input_file_ref idref="fl-33"/>
      </object_component>
      <object_component id="oc-351">
         <name>.text._ntoa_long_long</name>
         <load_address>0x7004f6d0</load_address>
         <readonly>true</readonly>
         <executable>true</executable>
         <run_address>0x7004f6d0</run_address>
         <size>0x138</size>
         <alignment>0x10</alignment>
         <input_file_ref idref="fl-28"/>
      </object_component>
      <object_component id="oc-22e">
         <name>.text.EDMA_open</name>
         <load_address>0x7004f810</load_address>
         <readonly>true</readonly>
         <executable>true</executable>
         <run_address>0x7004f810</run_address>
         <size>0x12e</size>
         <alignment>0x10</alignment>
         <input_file_ref idref="fl-33"/>
      </object_component>
      <object_component id="oc-3fa">
         <name>.text.EDMA_registerIntr</name>
         <load_address>0x7004f940</load_address>
         <readonly>true</readonly>
         <executable>true</executable>
         <run_address>0x7004f940</run_address>
         <size>0x12e</size>
         <alignment>0x10</alignment>
         <input_file_ref idref="fl-33"/>
      </object_component>
      <object_component id="oc-28f">
         <name>.text.EPWM_setXCMPActionQualifierAction</name>
         <load_address>0x7004fa70</load_address>
         <readonly>true</readonly>
         <executable>true</executable>
         <run_address>0x7004fa70</run_address>
         <size>0x12c</size>
         <alignment>0x10</alignment>
         <input_file_ref idref="fl-3"/>
      </object_component>
      <object_component id="oc-10d">
         <name>.text.initHRPWM_duty</name>
         <load_address>0x7004fba0</load_address>
         <readonly>true</readonly>
         <executable>true</executable>
         <run_address>0x7004fba0</run_address>
         <size>0x12a</size>
         <alignment>0x10</alignment>
         <input_file_ref idref="fl-c"/>
      </object_component>
      <object_component id="oc-14c">
         <name>.text.SOC_controlModuleLockMMR</name>
         <load_address>0x7004fcd0</load_address>
         <readonly>true</readonly>
         <executable>true</executable>
         <run_address>0x7004fcd0</run_address>
         <size>0x126</size>
         <alignment>0x10</alignment>
         <input_file_ref idref="fl-37"/>
      </object_component>
      <object_component id="oc-370">
         <name>.text.SOC_rcmGetPeripheralClockFrequency</name>
         <load_address>0x7004fe00</load_address>
         <readonly>true</readonly>
         <executable>true</executable>
         <run_address>0x7004fe00</run_address>
         <size>0x11c</size>
         <alignment>0x10</alignment>
         <input_file_ref idref="fl-38"/>
      </object_component>
      <object_component id="oc-99">
         <name>.text.System_init</name>
         <load_address>0x7004ff20</load_address>
         <readonly>true</readonly>
         <executable>true</executable>
         <run_address>0x7004ff20</run_address>
         <size>0x118</size>
         <alignment>0x10</alignment>
         <input_file_ref idref="fl-2"/>
      </object_component>
      <object_component id="oc-1f1">
         <name>.text</name>
         <load_address>0x70050038</load_address>
         <readonly>true</readonly>
         <executable>true</executable>
         <run_address>0x70050038</run_address>
         <size>0x118</size>
         <alignment>0x4</alignment>
         <input_file_ref idref="fl-e3"/>
      </object_component>
      <object_component id="oc-45f">
         <name>.text.EDMA_isTccAllocated</name>
         <load_address>0x70050150</load_address>
         <readonly>true</readonly>
         <executable>true</executable>
         <run_address>0x70050150</run_address>
         <size>0x116</size>
         <alignment>0x10</alignment>
         <input_file_ref idref="fl-33"/>
      </object_component>
      <object_component id="oc-39e">
         <name>.text.UART_divisorLatchWrite</name>
         <load_address>0x70050270</load_address>
         <readonly>true</readonly>
         <executable>true</executable>
         <run_address>0x70050270</run_address>
         <size>0x116</size>
         <alignment>0x10</alignment>
         <input_file_ref idref="fl-39"/>
      </object_component>
      <object_component id="oc-352">
         <name>.text._ntoa_long</name>
         <load_address>0x70050390</load_address>
         <readonly>true</readonly>
         <executable>true</executable>
         <run_address>0x70050390</run_address>
         <size>0x114</size>
         <alignment>0x10</alignment>
         <input_file_ref idref="fl-28"/>
      </object_component>
      <object_component id="oc-438">
         <name>.text.MCSPI_lld_dmaStop</name>
         <load_address>0x700504b0</load_address>
         <readonly>true</readonly>
         <executable>true</executable>
         <run_address>0x700504b0</run_address>
         <size>0x10e</size>
         <alignment>0x10</alignment>
         <input_file_ref idref="fl-3b"/>
      </object_component>
      <object_component id="oc-3d5">
         <name>.text.SOC_rcmADPLLJGetFOut</name>
         <load_address>0x700505c0</load_address>
         <readonly>true</readonly>
         <executable>true</executable>
         <run_address>0x700505c0</run_address>
         <size>0x10e</size>
         <alignment>0x10</alignment>
         <input_file_ref idref="fl-38"/>
      </object_component>
      <object_component id="oc-426">
         <name>.text.PMIC_tps653860xxConfigure</name>
         <load_address>0x700506d0</load_address>
         <readonly>true</readonly>
         <executable>true</executable>
         <run_address>0x700506d0</run_address>
         <size>0x100</size>
         <alignment>0x10</alignment>
         <input_file_ref idref="fl-3d"/>
      </object_component>
      <object_component id="oc-518">
         <name>.text.MCSPI_dmaStart</name>
         <load_address>0x700507d0</load_address>
         <readonly>true</readonly>
         <executable>true</executable>
         <run_address>0x700507d0</run_address>
         <size>0xfc</size>
         <alignment>0x10</alignment>
         <input_file_ref idref="fl-3b"/>
      </object_component>
      <object_component id="oc-2c3">
         <name>.text.SemaphoreP_pend</name>
         <load_address>0x700508d0</load_address>
         <readonly>true</readonly>
         <executable>true</executable>
         <run_address>0x700508d0</run_address>
         <size>0xf6</size>
         <alignment>0x10</alignment>
         <input_file_ref idref="fl-32"/>
      </object_component>
      <object_component id="oc-410">
         <name>.text.fputc</name>
         <load_address>0x700509c8</load_address>
         <readonly>true</readonly>
         <executable>true</executable>
         <run_address>0x700509c8</run_address>
         <size>0xf4</size>
         <alignment>0x4</alignment>
         <input_file_ref idref="fl-4e"/>
      </object_component>
      <object_component id="oc-402">
         <name>.text.MCSPI_initiateLastChunkTransfer</name>
         <load_address>0x70050ac0</load_address>
         <readonly>true</readonly>
         <executable>true</executable>
         <run_address>0x70050ac0</run_address>
         <size>0xf2</size>
         <alignment>0x10</alignment>
         <input_file_ref idref="fl-3a"/>
      </object_component>
      <object_component id="oc-4de">
         <name>.text.MCSPI_setPeripheralFifoConfig</name>
         <load_address>0x70050bc0</load_address>
         <readonly>true</readonly>
         <executable>true</executable>
         <run_address>0x70050bc0</run_address>
         <size>0xf0</size>
         <alignment>0x10</alignment>
         <input_file_ref idref="fl-3a"/>
      </object_component>
      <object_component id="oc-21f">
         <name>.text.AddrTranslateP_getLocalAddr</name>
         <load_address>0x70050cb0</load_address>
         <readonly>true</readonly>
         <executable>true</executable>
         <run_address>0x70050cb0</run_address>
         <size>0xea</size>
         <alignment>0x10</alignment>
         <input_file_ref idref="fl-e6"/>
      </object_component>
      <object_component id="oc-369">
         <name>.text.SOC_rcmGetCoreFout</name>
         <load_address>0x70050da0</load_address>
         <readonly>true</readonly>
         <executable>true</executable>
         <run_address>0x70050da0</run_address>
         <size>0xe6</size>
         <alignment>0x10</alignment>
         <input_file_ref idref="fl-38"/>
      </object_component>
      <object_component id="oc-420">
         <name>.text.SOC_rcmGetPerFout</name>
         <load_address>0x70050e90</load_address>
         <readonly>true</readonly>
         <executable>true</executable>
         <run_address>0x70050e90</run_address>
         <size>0xe6</size>
         <alignment>0x10</alignment>
         <input_file_ref idref="fl-38"/>
      </object_component>
      <object_component id="oc-419">
         <name>.text.EDMA_freeChannelRegion</name>
         <load_address>0x70050f80</load_address>
         <readonly>true</readonly>
         <executable>true</executable>
         <run_address>0x70050f80</run_address>
         <size>0xe4</size>
         <alignment>0x10</alignment>
         <input_file_ref idref="fl-33"/>
      </object_component>
      <object_component id="oc-41c">
         <name>.text.EDMA_freeParam</name>
         <load_address>0x70051070</load_address>
         <readonly>true</readonly>
         <executable>true</executable>
         <run_address>0x70051070</run_address>
         <size>0xe2</size>
         <alignment>0x10</alignment>
         <input_file_ref idref="fl-33"/>
      </object_component>
      <object_component id="oc-41a">
         <name>.text.EDMA_freeDmaChannel</name>
         <load_address>0x70051160</load_address>
         <readonly>true</readonly>
         <executable>true</executable>
         <run_address>0x70051160</run_address>
         <size>0xe0</size>
         <alignment>0x10</alignment>
         <input_file_ref idref="fl-33"/>
      </object_component>
      <object_component id="oc-41b">
         <name>.text.EDMA_freeTcc</name>
         <load_address>0x70051240</load_address>
         <readonly>true</readonly>
         <executable>true</executable>
         <run_address>0x70051240</run_address>
         <size>0xe0</size>
         <alignment>0x10</alignment>
         <input_file_ref idref="fl-33"/>
      </object_component>
      <object_component id="oc-3ad">
         <name>.text.UART_intrEnable</name>
         <load_address>0x70051320</load_address>
         <readonly>true</readonly>
         <executable>true</executable>
         <run_address>0x70051320</run_address>
         <size>0xde</size>
         <alignment>0x10</alignment>
         <input_file_ref idref="fl-39"/>
      </object_component>
      <object_component id="oc-42c">
         <name>.text.MCSPI_setClkConfig</name>
         <load_address>0x70051400</load_address>
         <readonly>true</readonly>
         <executable>true</executable>
         <run_address>0x70051400</run_address>
         <size>0xdc</size>
         <alignment>0x10</alignment>
         <input_file_ref idref="fl-3a"/>
      </object_component>
      <object_component id="oc-395">
         <name>.text.MCSPI_stop</name>
         <load_address>0x700514e0</load_address>
         <readonly>true</readonly>
         <executable>true</executable>
         <run_address>0x700514e0</run_address>
         <size>0xda</size>
         <alignment>0x10</alignment>
         <input_file_ref idref="fl-3a"/>
      </object_component>
      <object_component id="oc-362">
         <name>.text.UART_intrDisable</name>
         <load_address>0x700515c0</load_address>
         <readonly>true</readonly>
         <executable>true</executable>
         <run_address>0x700515c0</run_address>
         <size>0xda</size>
         <alignment>0x10</alignment>
         <input_file_ref idref="fl-39"/>
      </object_component>
      <object_component id="oc-3f9">
         <name>.text.MCSPI_edmaIsrTx</name>
         <load_address>0x700516a0</load_address>
         <readonly>true</readonly>
         <executable>true</executable>
         <run_address>0x700516a0</run_address>
         <size>0xd8</size>
         <alignment>0x10</alignment>
         <input_file_ref idref="fl-3b"/>
      </object_component>
      <object_component id="oc-460">
         <name>.text.EDMA_disableChInShadowRegRegion</name>
         <load_address>0x70051780</load_address>
         <readonly>true</readonly>
         <executable>true</executable>
         <run_address>0x70051780</run_address>
         <size>0xce</size>
         <alignment>0x10</alignment>
         <input_file_ref idref="fl-33"/>
      </object_component>
      <object_component id="oc-432">
         <name>.text.EDMA_enableChInShadowRegRegion</name>
         <load_address>0x70051850</load_address>
         <readonly>true</readonly>
         <executable>true</executable>
         <run_address>0x70051850</run_address>
         <size>0xcc</size>
         <alignment>0x10</alignment>
         <input_file_ref idref="fl-33"/>
      </object_component>
      <object_component id="oc-4e2">
         <name>.text.MCSPI_transferPeripheralPoll</name>
         <load_address>0x70051920</load_address>
         <readonly>true</readonly>
         <executable>true</executable>
         <run_address>0x70051920</run_address>
         <size>0xc8</size>
         <alignment>0x10</alignment>
         <input_file_ref idref="fl-3a"/>
      </object_component>
      <object_component id="oc-52c">
         <name>.text.getdevice</name>
         <load_address>0x700519e8</load_address>
         <readonly>true</readonly>
         <executable>true</executable>
         <run_address>0x700519e8</run_address>
         <size>0xc8</size>
         <alignment>0x4</alignment>
         <input_file_ref idref="fl-db"/>
      </object_component>
      <object_component id="oc-434">
         <name>.text.EDMA_mapChToEvtQ</name>
         <load_address>0x70051ab0</load_address>
         <readonly>true</readonly>
         <executable>true</executable>
         <run_address>0x70051ab0</run_address>
         <size>0xc4</size>
         <alignment>0x10</alignment>
         <input_file_ref idref="fl-33"/>
      </object_component>
      <object_component id="oc-361">
         <name>.text.UART_flushTxFifo</name>
         <load_address>0x70051b80</load_address>
         <readonly>true</readonly>
         <executable>true</executable>
         <run_address>0x70051b80</run_address>
         <size>0xc4</size>
         <alignment>0x10</alignment>
         <input_file_ref idref="fl-39"/>
      </object_component>
      <object_component id="oc-30e">
         <name>.text.MCSPI_lld_peripheralIsr</name>
         <load_address>0x70051c50</load_address>
         <readonly>true</readonly>
         <executable>true</executable>
         <run_address>0x70051c50</run_address>
         <size>0xc2</size>
         <alignment>0x10</alignment>
         <input_file_ref idref="fl-3a"/>
      </object_component>
      <object_component id="oc-f1">
         <name>.text.Soc_enableEPWMHalt</name>
         <load_address>0x70051d20</load_address>
         <readonly>true</readonly>
         <executable>true</executable>
         <run_address>0x70051d20</run_address>
         <size>0xc2</size>
         <alignment>0x10</alignment>
         <input_file_ref idref="fl-37"/>
      </object_component>
      <object_component id="oc-45c">
         <name>.text.UART_writePolling</name>
         <load_address>0x70051df0</load_address>
         <readonly>true</readonly>
         <executable>true</executable>
         <run_address>0x70051df0</run_address>
         <size>0xc2</size>
         <alignment>0x10</alignment>
         <input_file_ref idref="fl-39"/>
      </object_component>
      <object_component id="oc-3f8">
         <name>.text.EDMA_configureChannelRegion</name>
         <load_address>0x70051ec0</load_address>
         <readonly>true</readonly>
         <executable>true</executable>
         <run_address>0x70051ec0</run_address>
         <size>0xc0</size>
         <alignment>0x10</alignment>
         <input_file_ref idref="fl-33"/>
      </object_component>
      <object_component id="oc-3d9">
         <name>.text.SOC_rcmGetPerHSDivOut</name>
         <load_address>0x70051f80</load_address>
         <readonly>true</readonly>
         <executable>true</executable>
         <run_address>0x70051f80</run_address>
         <size>0xc0</size>
         <alignment>0x10</alignment>
         <input_file_ref idref="fl-38"/>
      </object_component>
      <object_component id="oc-3bb">
         <name>.text._out_rev</name>
         <load_address>0x70052040</load_address>
         <readonly>true</readonly>
         <executable>true</executable>
         <run_address>0x70052040</run_address>
         <size>0xc0</size>
         <alignment>0x10</alignment>
         <input_file_ref idref="fl-28"/>
      </object_component>
      <object_component id="oc-1e7">
         <name>.text.ClockP_timerTickIsr</name>
         <load_address>0x70052100</load_address>
         <readonly>true</readonly>
         <executable>true</executable>
         <run_address>0x70052100</run_address>
         <size>0xbe</size>
         <alignment>0x10</alignment>
         <input_file_ref idref="fl-21"/>
      </object_component>
      <object_component id="oc-26d">
         <name>.text.EPWM_setFallingEdgeDeadBandDelayInput</name>
         <load_address>0x700521c0</load_address>
         <readonly>true</readonly>
         <executable>true</executable>
         <run_address>0x700521c0</run_address>
         <size>0xbc</size>
         <alignment>0x10</alignment>
         <input_file_ref idref="fl-3"/>
      </object_component>
      <object_component id="oc-3c3">
         <name>.text.ClockP_stop</name>
         <load_address>0x70052280</load_address>
         <readonly>true</readonly>
         <executable>true</executable>
         <run_address>0x70052280</run_address>
         <size>0xba</size>
         <alignment>0x10</alignment>
         <input_file_ref idref="fl-21"/>
      </object_component>
      <object_component id="oc-1b3">
         <name>.text.EPWM_setCounterCompareShadowLoadMode</name>
         <load_address>0x70052340</load_address>
         <readonly>true</readonly>
         <executable>true</executable>
         <run_address>0x70052340</run_address>
         <size>0xba</size>
         <alignment>0x10</alignment>
         <input_file_ref idref="fl-c"/>
      </object_component>
      <object_component id="oc-243">
         <name>.text.EPWM_setCounterCompareShadowLoadMode</name>
         <load_address>0x70052400</load_address>
         <readonly>true</readonly>
         <executable>true</executable>
         <run_address>0x70052400</run_address>
         <size>0xba</size>
         <alignment>0x10</alignment>
         <input_file_ref idref="fl-3"/>
      </object_component>
      <object_component id="oc-3ff">
         <name>.text.MCSPI_fifoRead</name>
         <load_address>0x700524c0</load_address>
         <readonly>true</readonly>
         <executable>true</executable>
         <run_address>0x700524c0</run_address>
         <size>0xb6</size>
         <alignment>0x10</alignment>
         <input_file_ref idref="fl-3a"/>
      </object_component>
      <object_component id="oc-4b2">
         <name>.text.__TI_closefile</name>
         <load_address>0x70052578</load_address>
         <readonly>true</readonly>
         <executable>true</executable>
         <run_address>0x70052578</run_address>
         <size>0xb4</size>
         <alignment>0x4</alignment>
         <input_file_ref idref="fl-5d"/>
      </object_component>
      <object_component id="oc-490">
         <name>.text.fseeko</name>
         <load_address>0x7005262c</load_address>
         <readonly>true</readonly>
         <executable>true</executable>
         <run_address>0x7005262c</run_address>
         <size>0xb4</size>
         <alignment>0x4</alignment>
         <input_file_ref idref="fl-59"/>
      </object_component>
      <object_component id="oc-2e7">
         <name>.text.SOC_rcmSetPeripheralClock</name>
         <load_address>0x700526e0</load_address>
         <readonly>true</readonly>
         <executable>true</executable>
         <run_address>0x700526e0</run_address>
         <size>0xb0</size>
         <alignment>0x10</alignment>
         <input_file_ref idref="fl-38"/>
      </object_component>
      <object_component id="oc-18e">
         <name>.text.UART_init</name>
         <load_address>0x70052790</load_address>
         <readonly>true</readonly>
         <executable>true</executable>
         <run_address>0x70052790</run_address>
         <size>0xb0</size>
         <alignment>0x10</alignment>
         <input_file_ref idref="fl-39"/>
      </object_component>
      <object_component id="oc-46c">
         <name>.text.PMIC_mcspiReadRegister</name>
         <load_address>0x70052840</load_address>
         <readonly>true</readonly>
         <executable>true</executable>
         <run_address>0x70052840</run_address>
         <size>0xac</size>
         <alignment>0x10</alignment>
         <input_file_ref idref="fl-3d"/>
      </object_component>
      <object_component id="oc-191">
         <name>.text.Drivers_mcspiOpen</name>
         <load_address>0x700528f0</load_address>
         <readonly>true</readonly>
         <executable>true</executable>
         <run_address>0x700528f0</run_address>
         <size>0xaa</size>
         <alignment>0x10</alignment>
         <input_file_ref idref="fl-3"/>
      </object_component>
      <object_component id="oc-193">
         <name>.text.Drivers_uartOpen</name>
         <load_address>0x700529a0</load_address>
         <readonly>true</readonly>
         <executable>true</executable>
         <run_address>0x700529a0</run_address>
         <size>0xaa</size>
         <alignment>0x10</alignment>
         <input_file_ref idref="fl-3"/>
      </object_component>
      <object_component id="oc-2c7">
         <name>.text.EDMA_close</name>
         <load_address>0x70052a50</load_address>
         <readonly>true</readonly>
         <executable>true</executable>
         <run_address>0x70052a50</run_address>
         <size>0xaa</size>
         <alignment>0x10</alignment>
         <input_file_ref idref="fl-33"/>
      </object_component>
      <object_component id="oc-4a5">
         <name>.text.UART_fifoWrite</name>
         <load_address>0x70052b00</load_address>
         <readonly>true</readonly>
         <executable>true</executable>
         <run_address>0x70052b00</run_address>
         <size>0xaa</size>
         <alignment>0x10</alignment>
         <input_file_ref idref="fl-39"/>
      </object_component>
      <object_component id="oc-224">
         <name>.text.Board_pmicOpen</name>
         <load_address>0x70052bb0</load_address>
         <readonly>true</readonly>
         <executable>true</executable>
         <run_address>0x70052bb0</run_address>
         <size>0xa8</size>
         <alignment>0x10</alignment>
         <input_file_ref idref="fl-7"/>
      </object_component>
      <object_component id="oc-2da">
         <name>.text.ClockP_addToList</name>
         <load_address>0x70052c60</load_address>
         <readonly>true</readonly>
         <executable>true</executable>
         <run_address>0x70052c60</run_address>
         <size>0xa8</size>
         <alignment>0x10</alignment>
         <input_file_ref idref="fl-21"/>
      </object_component>
      <object_component id="oc-35a">
         <name>.text.ClockP_destruct</name>
         <load_address>0x70052d10</load_address>
         <readonly>true</readonly>
         <executable>true</executable>
         <run_address>0x70052d10</run_address>
         <size>0xa8</size>
         <alignment>0x10</alignment>
         <input_file_ref idref="fl-21"/>
      </object_component>
      <object_component id="oc-d8">
         <name>.text.pmu</name>
         <load_address>0x70052dc0</load_address>
         <readonly>true</readonly>
         <executable>true</executable>
         <run_address>0x70052dc0</run_address>
         <size>0xa8</size>
         <alignment>0x10</alignment>
         <input_file_ref idref="fl-29"/>
      </object_component>
      <object_component id="oc-190">
         <name>.text.Drivers_edmaOpen</name>
         <load_address>0x70052e70</load_address>
         <readonly>true</readonly>
         <executable>true</executable>
         <run_address>0x70052e70</run_address>
         <size>0xa6</size>
         <alignment>0x10</alignment>
         <input_file_ref idref="fl-3"/>
      </object_component>
      <object_component id="oc-283">
         <name>.text.EPWM_setADCTriggerEventPrescale</name>
         <load_address>0x70052f20</load_address>
         <readonly>true</readonly>
         <executable>true</executable>
         <run_address>0x70052f20</run_address>
         <size>0xa6</size>
         <alignment>0x10</alignment>
         <input_file_ref idref="fl-3"/>
      </object_component>
      <object_component id="oc-4e7">
         <name>.text.split</name>
         <load_address>0x70052fc8</load_address>
         <readonly>true</readonly>
         <executable>true</executable>
         <run_address>0x70052fc8</run_address>
         <size>0xa4</size>
         <alignment>0x4</alignment>
         <input_file_ref idref="fl-54"/>
      </object_component>
      <object_component id="oc-4d3">
         <name>.text.HOSTrename</name>
         <load_address>0x7005306c</load_address>
         <readonly>true</readonly>
         <executable>true</executable>
         <run_address>0x7005306c</run_address>
         <size>0xa0</size>
         <alignment>0x4</alignment>
         <input_file_ref idref="fl-80"/>
      </object_component>
      <object_component id="oc-46d">
         <name>.text.PMIC_mcspiWriteRegister</name>
         <load_address>0x70053110</load_address>
         <readonly>true</readonly>
         <executable>true</executable>
         <run_address>0x70053110</run_address>
         <size>0xa0</size>
[...]
         <value>0x70051d21</value>
         <object_component_ref idref="oc-f1"/>
      </symbol>
      <symbol id="sm-6a4">
         <name>virtToPhymap</name>
         <value>0x7005cac8</value>
      </symbol>
      <symbol id="sm-6a5">
         <name>SOC_virtToPhy</name>
         <value>0x7004afa1</value>
         <object_component_ref idref="oc-515"/>
      </symbol>
      <symbol id="sm-6a6">
         <name>isMapAvailable</name>
         <value>0x7006a582</value>
         <object_component_ref idref="oc-526"/>
      </symbol>
      <symbol id="sm-716">
         <name>SOC_rcmIsR5FInLockStepMode</name>
         <value>0x70055531</value>
         <object_component_ref idref="oc-527"/>
      </symbol>
      <symbol id="sm-717">
         <name>SOC_rcmGetPeripheralClockFrequency</name>
         <value>0x7004fe01</value>
         <object_component_ref idref="oc-370"/>
      </symbol>
      <symbol id="sm-718">
         <name>gPeripheralClkSrcInfoMap</name>
         <value>0x7005aba2</value>
         <object_component_ref idref="oc-3d8"/>
      </symbol>
      <symbol id="sm-719">
         <name>gXTALInfo</name>
         <value>0x7005b0a0</value>
         <object_component_ref idref="oc-2dd"/>
      </symbol>
      <symbol id="sm-71a">
         <name>gADPLLJConfigTbl</name>
         <value>0x70059f88</value>
         <object_component_ref idref="oc-41f"/>
      </symbol>
      <symbol id="sm-71b">
         <name>gCR5ClkSrcInfoMap</name>
         <value>0x7005b0c8</value>
         <object_component_ref idref="oc-2dc"/>
      </symbol>
      <symbol id="sm-71c">
         <name>SOC_rcmSetPeripheralClock</name>
         <value>0x700526e1</value>
         <object_component_ref idref="oc-2e7"/>
      </symbol>
      <symbol id="sm-71d">
         <name>SOC_rcmEnablePeripheralClock</name>
         <value>0x70049111</value>
         <object_component_ref idref="oc-2e6"/>
      </symbol>
      <symbol id="sm-71e">
         <name>SOC_rcmGetR5Clock</name>
         <value>0x700554c1</value>
         <object_component_ref idref="oc-152"/>
      </symbol>
      <symbol id="sm-7e5">
         <name>UART_init</name>
         <value>0x70052791</value>
         <object_component_ref idref="oc-18e"/>
      </symbol>
      <symbol id="sm-7e6">
         <name>UART_deinit</name>
         <value>0x70058721</value>
         <object_component_ref idref="oc-125"/>
      </symbol>
      <symbol id="sm-7e7">
         <name>UART_open</name>
         <value>0x7004bac1</value>
         <object_component_ref idref="oc-2b4"/>
      </symbol>
      <symbol id="sm-7e8">
         <name>UART_close</name>
         <value>0x7004e671</value>
         <object_component_ref idref="oc-2c6"/>
      </symbol>
      <symbol id="sm-7e9">
         <name>UART_flushTxFifo</name>
         <value>0x70051b81</value>
         <object_component_ref idref="oc-361"/>
      </symbol>
      <symbol id="sm-7ea">
         <name>UART_getHandle</name>
         <value>0x70056b71</value>
         <object_component_ref idref="oc-415"/>
      </symbol>
      <symbol id="sm-7eb">
         <name>UART_write</name>
         <value>0x7004d191</value>
         <object_component_ref idref="oc-417"/>
      </symbol>
      <symbol id="sm-89e">
         <name>MCSPI_lld_init</name>
         <value>0x7004f311</value>
         <object_component_ref idref="oc-30c"/>
      </symbol>
      <symbol id="sm-89f">
         <name>MCSPI_lld_deInit</name>
         <value>0x70057e21</value>
         <object_component_ref idref="oc-35e"/>
      </symbol>
      <symbol id="sm-8a0">
         <name>MCSPI_reset</name>
         <value>0x70057f61</value>
         <object_component_ref idref="oc-3c4"/>
      </symbol>
      <symbol id="sm-8a1">
         <name>MCSPI_lld_initDma</name>
         <value>0x7004e191</value>
         <object_component_ref idref="oc-307"/>
      </symbol>
      <symbol id="sm-8a2">
         <name>MCSPI_lld_deInitDma</name>
         <value>0x70054941</value>
         <object_component_ref idref="oc-35c"/>
      </symbol>
      <symbol id="sm-8a3">
         <name>MCSPI_setChDataSize</name>
         <value>0x700545c1</value>
         <object_component_ref idref="oc-4db"/>
      </symbol>
      <symbol id="sm-8a4">
         <name>MCSPI_stop</name>
         <value>0x700514e1</value>
         <object_component_ref idref="oc-395"/>
      </symbol>
      <symbol id="sm-8a5">
         <name>MCSPI_lld_readWrite</name>
         <value>0x7004d741</value>
         <object_component_ref idref="oc-4aa"/>
      </symbol>
      <symbol id="sm-8a6">
         <name>MCSPI_lld_readWriteIntr</name>
         <value>0x7004dc91</value>
         <object_component_ref idref="oc-4a7"/>
      </symbol>
      <symbol id="sm-8a7">
         <name>MCSPI_lld_readWriteDma</name>
         <value>0x7004e801</value>
         <object_component_ref idref="oc-4a8"/>
      </symbol>
      <symbol id="sm-8a8">
         <name>MCSPI_lld_controllerIsr</name>
         <value>0x70053fd1</value>
         <object_component_ref idref="oc-30d"/>
      </symbol>
      <symbol id="sm-8a9">
         <name>MCSPI_lld_peripheralIsr</name>
         <value>0x70051c51</value>
         <object_component_ref idref="oc-30e"/>
      </symbol>
      <symbol id="sm-8cf">
         <name>MCSPI_lld_dmaInit</name>
         <value>0x70057f21</value>
         <object_component_ref idref="oc-388"/>
      </symbol>
      <symbol id="sm-8d0">
         <name>MCSPI_lld_dmaChInit</name>
         <value>0x7004b831</value>
         <object_component_ref idref="oc-391"/>
      </symbol>
      <symbol id="sm-8d1">
         <name>MCSPI_lld_dmaStop</name>
         <value>0x700504b1</value>
         <object_component_ref idref="oc-438"/>
      </symbol>
      <symbol id="sm-8d2">
         <name>MCSPI_lld_dmaDeInit</name>
         <value>0x7004cb31</value>
         <object_component_ref idref="oc-3c5"/>
      </symbol>
      <symbol id="sm-8d3">
         <name>MCSPI_lld_dmaTransfer</name>
         <value>0x7004cd71</value>
         <object_component_ref idref="oc-4e0"/>
      </symbol>
      <symbol id="sm-8ea">
         <name>UART_dmaOpen</name>
         <value>0x70054ea1</value>
         <object_component_ref idref="oc-346"/>
      </symbol>
      <symbol id="sm-8eb">
         <name>UART_dmaClose</name>
         <value>0x70054641</value>
         <object_component_ref idref="oc-365"/>
      </symbol>
      <symbol id="sm-8ec">
         <name>UART_dmaDisableChannel</name>
         <value>0x700544c1</value>
         <object_component_ref idref="oc-482"/>
      </symbol>
      <symbol id="sm-8ed">
         <name>UART_writeInterruptDma</name>
         <value>0x70056321</value>
         <object_component_ref idref="oc-45a"/>
      </symbol>
      <symbol id="sm-90b">
         <name>PMIC_tps653860xxOpen</name>
         <value>0x70055f81</value>
         <object_component_ref idref="oc-422"/>
      </symbol>
      <symbol id="sm-90c">
         <name>PMIC_tps653860xxConfigure</name>
         <value>0x700506d1</value>
         <object_component_ref idref="oc-426"/>
      </symbol>
      <symbol id="sm-90d">
         <name>gPmicMcspiTxBuffer</name>
         <value>0x7005cb04</value>
      </symbol>
      <symbol id="sm-90e">
         <name>gPmicMcspiRxBuffer</name>
         <value>0x7005cb00</value>
      </symbol>
      <symbol id="sm-90f">
         <name>PMIC_mcspiReadRegister</name>
         <value>0x70052841</value>
         <object_component_ref idref="oc-46c"/>
      </symbol>
      <symbol id="sm-910">
         <name>PMIC_mcspiWriteRegister</name>
         <value>0x70053111</value>
         <object_component_ref idref="oc-46d"/>
      </symbol>
      <symbol id="sm-911">
         <name>PMIC_tps653860xxClose</name>
         <value>0x700586f1</value>
         <object_component_ref idref="oc-427"/>
      </symbol>
      <symbol id="sm-912">
         <name>PMIC_calcCRC8</name>
         <value>0x70053eb1</value>
         <object_component_ref idref="oc-489"/>
      </symbol>
      <symbol id="sm-913">
         <name>gPmicFxns_TPS653860xx</name>
         <value>0x7006a4ec</value>
         <object_component_ref idref="oc-3e9"/>
      </symbol>
      <symbol id="sm-920">
         <name>PMIC_open</name>
         <value>0x700555a1</value>
         <object_component_ref idref="oc-2f3"/>
      </symbol>
      <symbol id="sm-921">
         <name>PMIC_configure</name>
         <value>0x70057e61</value>
         <object_component_ref idref="oc-226"/>
      </symbol>
      <symbol id="sm-922">
         <name>PMIC_close</name>
         <value>0x700585a1</value>
         <object_component_ref idref="oc-2c4"/>
      </symbol>
      <symbol id="sm-933">
         <name>SFO</name>
         <value>0x7004b2b1</value>
         <object_component_ref idref="oc-108"/>
      </symbol>
      <symbol id="sm-934">
         <name>SFO_CAL</name>
         <value>0x7005caf0</value>
      </symbol>
      <symbol id="sm-935">
         <name>MEP_SF</name>
         <value>0x7005c9a4</value>
      </symbol>
      <symbol id="sm-943">
         <name>fputc</name>
         <value>0x700509c8</value>
         <object_component_ref idref="oc-410"/>
      </symbol>
      <symbol id="sm-944">
         <name>putchar</name>
         <value>0x70059c50</value>
         <object_component_ref idref="oc-3b2"/>
      </symbol>
      <symbol id="sm-94e">
         <name>__TI_wrt_ok</name>
         <value>0x70053250</value>
         <object_component_ref idref="oc-444"/>
      </symbol>
      <symbol id="sm-958">
         <name>setvbuf</name>
         <value>0x7004f070</value>
         <object_component_ref idref="oc-475"/>
      </symbol>
      <symbol id="sm-966">
         <name>abort</name>
         <value>0x70069ea0</value>
         <object_component_ref idref="oc-ac"/>
      </symbol>
      <symbol id="sm-967">
         <name>C$$EXIT</name>
         <value>0x70069ea0</value>
         <object_component_ref idref="oc-ac"/>
      </symbol>
      <symbol id="sm-968">
         <name>__TI_cleanup_ptr</name>
         <value>0x7006a504</value>
         <object_component_ref idref="oc-130"/>
      </symbol>
      <symbol id="sm-969">
         <name>__TI_dtors_ptr</name>
         <value>0x7006a508</value>
         <object_component_ref idref="oc-130"/>
      </symbol>
      <symbol id="sm-96a">
         <name>exit</name>
         <value>0x70056374</value>
         <object_component_ref idref="oc-b1"/>
      </symbol>
      <symbol id="sm-973">
         <name>_nop</name>
         <value>0x70049108</value>
         <object_component_ref idref="oc-1cd"/>
      </symbol>
      <symbol id="sm-974">
         <name>_lock</name>
         <value>0x7006a540</value>
         <object_component_ref idref="oc-12e"/>
      </symbol>
      <symbol id="sm-975">
         <name>_unlock</name>
         <value>0x7006a544</value>
         <object_component_ref idref="oc-131"/>
      </symbol>
      <symbol id="sm-97a">
         <name>_ftable</name>
         <value>0x70069ea8</value>
         <object_component_ref idref="oc-411"/>
      </symbol>
      <symbol id="sm-97b">
         <name>__TI_ft_end</name>
         <value>0x7006a534</value>
         <object_component_ref idref="oc-4b8"/>
      </symbol>
      <symbol id="sm-97c">
         <name>__TI_tmpnams</name>
         <value>0x7005c904</value>
         <object_component_ref idref="oc-4f1"/>
      </symbol>
      <symbol id="sm-99c">
         <name>malloc</name>
         <value>0x7004af94</value>
         <object_component_ref idref="oc-496"/>
      </symbol>
      <symbol id="sm-99d">
         <name>aligned_alloc</name>
         <value>0x7004dadc</value>
         <object_component_ref idref="oc-4b1"/>
      </symbol>
      <symbol id="sm-99e">
         <name>free</name>
         <value>0x7004de40</value>
         <object_component_ref idref="oc-494"/>
      </symbol>
      <symbol id="sm-99f">
         <name>_sys_memory</name>
         <value>0x7005cb18</value>
         <object_component_ref idref="oc-49"/>
      </symbol>
      <symbol id="sm-9a0">
         <name>memalign</name>
         <value>0x7004dadc</value>
         <object_component_ref idref="oc-4b1"/>
      </symbol>
      <symbol id="sm-9ab">
         <name>__TI_auto_init_nobinit_nopinit</name>
         <value>0x70056140</value>
         <object_component_ref idref="oc-8c"/>
      </symbol>
      <symbol id="sm-9b6">
         <name>__TI_doflush</name>
         <value>0x70053c6c</value>
         <object_component_ref idref="oc-44e"/>
      </symbol>
      <symbol id="sm-9c1">
         <name>__TI_cleanup</name>
         <value>0x70056038</value>
         <object_component_ref idref="oc-497"/>
      </symbol>
      <symbol id="sm-9ce">
         <name>fseek</name>
         <value>0x7004910c</value>
         <object_component_ref idref="oc-470"/>
      </symbol>
      <symbol id="sm-9cf">
         <name>fseeko</name>
         <value>0x7005262c</value>
         <object_component_ref idref="oc-490"/>
      </symbol>
      <symbol id="sm-9dd">
         <name>__TI_closefile</name>
         <value>0x70052578</value>
         <object_component_ref idref="oc-4b2"/>
      </symbol>
      <symbol id="sm-9ef">
         <name>write</name>
         <value>0x700581bc</value>
         <object_component_ref idref="oc-44a"/>
      </symbol>
      <symbol id="sm-9f4">
         <name>_device</name>
         <value>0x7006a1a8</value>
         <object_component_ref idref="oc-4a0"/>
      </symbol>
      <symbol id="sm-9f5">
         <name>_stream</name>
         <value>0x7006a2d4</value>
         <object_component_ref idref="oc-47b"/>
      </symbol>
      <symbol id="sm-9fd">
         <name>remove</name>
         <value>0x70049748</value>
         <object_component_ref idref="oc-4ed"/>
      </symbol>
      <symbol id="sm-a08">
         <name>lseek</name>
         <value>0x70058188</value>
         <object_component_ref idref="oc-4ab"/>
      </symbol>
      <symbol id="sm-a12">
         <name>close</name>
         <value>0x70053cf8</value>
         <object_component_ref idref="oc-4e9"/>
      </symbol>
      <symbol id="sm-a1c">
         <name>unlink</name>
         <value>0x70057158</value>
         <object_component_ref idref="oc-51d"/>
      </symbol>
      <symbol id="sm-a26">
         <name>HOSTclose</name>
         <value>0x700556e0</value>
         <object_component_ref idref="oc-4bf"/>
      </symbol>
      <symbol id="sm-a30">
         <name>HOSTlseek</name>
         <value>0x700532ec</value>
         <object_component_ref idref="oc-4cb"/>
      </symbol>
      <symbol id="sm-a3a">
         <name>HOSTopen</name>
         <value>0x700534c8</value>
         <object_component_ref idref="oc-4bb"/>
      </symbol>
      <symbol id="sm-a3b">
         <name>parmbuf</name>
         <value>0x7005cad8</value>
         <object_component_ref idref="oc-4fb"/>
      </symbol>
      <symbol id="sm-a45">
         <name>HOSTread</name>
         <value>0x700540e8</value>
         <object_component_ref idref="oc-4c3"/>
      </symbol>
      <symbol id="sm-a56">
         <name>HOSTrename</name>
         <value>0x7005306c</value>
         <object_component_ref idref="oc-4d3"/>
      </symbol>
      <symbol id="sm-a60">
         <name>HOSTunlink</name>
         <value>0x7005505c</value>
         <object_component_ref idref="oc-4cf"/>
      </symbol>
      <symbol id="sm-a6a">
         <name>HOSTwrite</name>
         <value>0x7005416c</value>
         <object_component_ref idref="oc-4c7"/>
      </symbol>
      <symbol id="sm-a78">
         <name>C$$IO$$</name>
         <value>0x70056134</value>
         <object_component_ref idref="oc-4f4"/>
      </symbol>
      <symbol id="sm-a79">
         <name>__TI_writemsg</name>
         <value>0x700560e8</value>
         <object_component_ref idref="oc-4f4"/>
      </symbol>
      <symbol id="sm-a7a">
         <name>__CIOBUF_</name>
         <value>0x7005c7e4</value>
         <object_component_ref idref="oc-523"/>
      </symbol>
      <symbol id="sm-a7b">
         <name>__TI_readmsg</name>
         <value>0x70056090</value>
         <object_component_ref idref="oc-4fa"/>
      </symbol>
      <symbol id="sm-a7c">
         <name>_CIOBUF_</name>
         <value>0x7005c7e4</value>
         <object_component_ref idref="oc-523"/>
      </symbol>
      <symbol id="sm-a8a">
         <name>finddevice</name>
         <value>0x700563c8</value>
         <object_component_ref idref="oc-536"/>
      </symbol>
      <symbol id="sm-a8b">
         <name>getdevice</name>
         <value>0x700519e8</value>
         <object_component_ref idref="oc-52c"/>
      </symbol>
      <symbol id="sm-a96">
         <name>strcmp</name>
         <value>0x7004a5a0</value>
         <object_component_ref idref="oc-539"/>
      </symbol>
      <symbol id="sm-aa0">
         <name>__aeabi_ldiv0</name>
         <value>0x70059d50</value>
         <object_component_ref idref="oc-2df"/>
      </symbol>
      <symbol id="sm-aa6">
         <name>__aeabi_memcpy</name>
         <value>0x7004804c</value>
         <object_component_ref idref="oc-13e"/>
      </symbol>
      <symbol id="sm-aa7">
         <name>__aeabi_memcpy4</name>
         <value>0x7004804c</value>
         <object_component_ref idref="oc-13e"/>
      </symbol>
      <symbol id="sm-aa8">
         <name>__aeabi_memcpy8</name>
         <value>0x7004804c</value>
         <object_component_ref idref="oc-13e"/>
      </symbol>
      <symbol id="sm-aaf">
         <name>__aeabi_memclr</name>
         <value>0x70048a84</value>
         <object_component_ref idref="oc-85"/>
      </symbol>
      <symbol id="sm-ab0">
         <name>__aeabi_memclr4</name>
         <value>0x70048a84</value>
         <object_component_ref idref="oc-85"/>
      </symbol>
      <symbol id="sm-ab1">
         <name>__aeabi_memclr8</name>
         <value>0x70048a84</value>
         <object_component_ref idref="oc-85"/>
      </symbol>
      <symbol id="sm-ab7">
         <name>__aeabi_uldivmod</name>
         <value>0x70059134</value>
         <object_component_ref idref="oc-15e"/>
      </symbol>
      <symbol id="sm-abd">
         <name>__udivmoddi4</name>
         <value>0x70050038</value>
         <object_component_ref idref="oc-1f1"/>
      </symbol>
      <symbol id="sm-ac5">
         <name>TI_memcpy_small</name>
         <value>0x70059768</value>
         <object_component_ref idref="oc-2c9"/>
      </symbol>
      <symbol id="sm-acd">
         <name>TI_memset_small</name>
         <value>0x70059948</value>
         <object_component_ref idref="oc-138"/>
      </symbol>
      <symbol id="sm-ad6">
         <name>gAddrTranslateConfig</name>
         <value>0x7006a4e0</value>
         <object_component_ref idref="oc-2ef"/>
      </symbol>
      <symbol id="sm-ad7">
         <name>AddrTranslateP_getLocalAddr</name>
         <value>0x70050cb1</value>
         <object_component_ref idref="oc-21f"/>
      </symbol>
      <symbol id="sm-ae0">
         <name>CSL_armR5GetCpuID</name>
         <value>0x70058c01</value>
         <object_component_ref idref="oc-189"/>
      </symbol>
      <symbol id="sm-ae8">
         <name>TaskP_yield</name>
         <value>0x70059d91</value>
         <object_component_ref idref="oc-3c8"/>
      </symbol>
      <symbol id="sm-aee">
         <name>CSL_armR5ReadMpidrReg</name>
         <value>0x7004b2a4</value>
         <object_component_ref idref="oc-214"/>
      </symbol>
      <symbol id="sm-aef">
         <name>_system_post_cinit</name>
         <value>0x0</value>
      </symbol>
      <symbol id="sm-af0">
         <name>__TI_Handler_Table_Limit</name>
         <value>0x0</value>
      </symbol>
      <symbol id="sm-af1">
         <name>__TI_Handler_Table_Base</name>
         <value>0x0</value>
      </symbol>
      <symbol id="sm-af2">
         <name>__TI_CINIT_Base</name>
         <value>0x0</value>
      </symbol>
      <symbol id="sm-af3">
         <name>__TI_CINIT_Limit</name>
         <value>0x0</value>
      </symbol>
   </symbol_table>
   <title>Link successful</title>
</link_info>
