<?xml version="1.0" encoding="ISO-8859-1" ?>
<link_info>
   <banner>TI ARM Clang Linker PC v3.2.1.LTS</banner>
   <copyright>Copyright (c) 1996-2018 Texas Instruments Incorporated</copyright>
   <link_time>0x662bf1e2</link_time>
   <link_errors>0x0</link_errors>
   <output_file>C:\dev\bitbucket\c2000\Hero2\epwm_hr_duty_cycle_am263px-cc_r5fss0-0_nortos_ti-arm-clang\Debug\epwm_hr_duty_cycle_am263px-cc_r5fss0-0_nortos_ti-arm-clang.out</output_file>
   <entry_point>
      <name>_vectors</name>
      <address>0x0</address>
   </entry_point>
   <input_file_list>
      <input_file id="fl-1">
         <path>C:\dev\bitbucket\c2000\Hero2\epwm_hr_duty_cycle_am263px-cc_r5fss0-0_nortos_ti-arm-clang\Debug\.\</path>
         <kind>object</kind>
         <file>epwm_hr_duty_cycle.o</file>
         <name>epwm_hr_duty_cycle.o</name>
      </input_file>
      <input_file id="fl-2">
         <path>C:\dev\bitbucket\c2000\Hero2\epwm_hr_duty_cycle_am263px-cc_r5fss0-0_nortos_ti-arm-clang\Debug\.\syscfg\</path>
         <kind>object</kind>
         <file>ti_dpl_config.o</file>
         <name>ti_dpl_config.o</name>
      </input_file>
      <input_file id="fl-3">
         <path>C:\dev\bitbucket\c2000\Hero2\epwm_hr_duty_cycle_am263px-cc_r5fss0-0_nortos_ti-arm-clang\Debug\.\syscfg\</path>
         <kind>object</kind>
         <file>ti_drivers_config.o</file>
         <name>ti_drivers_config.o</name>
      </input_file>
      <input_file id="fl-4">
         <path>C:\dev\bitbucket\c2000\Hero2\epwm_hr_duty_cycle_am263px-cc_r5fss0-0_nortos_ti-arm-clang\Debug\.\syscfg\</path>
         <kind>object</kind>
         <file>ti_drivers_open_close.o</file>
         <name>ti_drivers_open_close.o</name>
      </input_file>
      <input_file id="fl-5">
         <path>C:\dev\bitbucket\c2000\Hero2\epwm_hr_duty_cycle_am263px-cc_r5fss0-0_nortos_ti-arm-clang\Debug\.\syscfg\</path>
         <kind>object</kind>
         <file>ti_pinmux_config.o</file>
         <name>ti_pinmux_config.o</name>
      </input_file>
      <input_file id="fl-6">
         <path>C:\dev\bitbucket\c2000\Hero2\epwm_hr_duty_cycle_am263px-cc_r5fss0-0_nortos_ti-arm-clang\Debug\.\syscfg\</path>
         <kind>object</kind>
         <file>ti_power_clock_config.o</file>
         <name>ti_power_clock_config.o</name>
      </input_file>
      <input_file id="fl-7">
         <path>C:\dev\bitbucket\c2000\Hero2\epwm_hr_duty_cycle_am263px-cc_r5fss0-0_nortos_ti-arm-clang\Debug\.\syscfg\</path>
         <kind>object</kind>
         <file>ti_board_config.o</file>
         <name>ti_board_config.o</name>
      </input_file>
      <input_file id="fl-8">
         <path>C:\dev\bitbucket\c2000\Hero2\epwm_hr_duty_cycle_am263px-cc_r5fss0-0_nortos_ti-arm-clang\Debug\.\syscfg\</path>
         <kind>object</kind>
         <file>ti_board_open_close.o</file>
         <name>ti_board_open_close.o</name>
      </input_file>
      <input_file id="fl-9">
         <path>C:\dev\bitbucket\c2000\Hero2\epwm_hr_duty_cycle_am263px-cc_r5fss0-0_nortos_ti-arm-clang\Debug\.\syscfg\</path>
         <kind>object</kind>
         <file>ti_enet_config.o</file>
         <name>ti_enet_config.o</name>
      </input_file>
      <input_file id="fl-a">
         <path>C:\dev\bitbucket\c2000\Hero2\epwm_hr_duty_cycle_am263px-cc_r5fss0-0_nortos_ti-arm-clang\Debug\.\syscfg\</path>
         <kind>object</kind>
         <file>ti_enet_open_close.o</file>
         <name>ti_enet_open_close.o</name>
      </input_file>
      <input_file id="fl-b">
         <path>C:\dev\bitbucket\c2000\Hero2\epwm_hr_duty_cycle_am263px-cc_r5fss0-0_nortos_ti-arm-clang\Debug\.\syscfg\</path>
         <kind>object</kind>
         <file>ti_enet_soc.o</file>
         <name>ti_enet_soc.o</name>
      </input_file>
      <input_file id="fl-c">
         <path>C:\dev\bitbucket\c2000\Hero2\epwm_hr_duty_cycle_am263px-cc_r5fss0-0_nortos_ti-arm-clang\Debug\.\syscfg\</path>
         <kind>object</kind>
         <file>ti_enet_lwipif.o</file>
         <name>ti_enet_lwipif.o</name>
      </input_file>
      <input_file id="fl-d">
         <path>C:\dev\bitbucket\c2000\Hero2\epwm_hr_duty_cycle_am263px-cc_r5fss0-0_nortos_ti-arm-clang\Debug\.\</path>
         <kind>object</kind>
         <file>main.o</file>
         <name>main.o</name>
      </input_file>
      <input_file id="fl-1c">
         <path>C:\dev\bitbucket\c2000\Hero2\epwm_hr_duty_cycle_am263px-cc_r5fss0-0_nortos_ti-arm-clang\Debug\</path>
         <kind>object</kind>
         <file>&lt;internal&gt;</file>
         <name>&lt;internal&gt;</name>
      </input_file>
      <input_file id="fl-1d">
         <path>C:\ti\mcu_plus_sdk_am263px_09_01_00_20\source\kernel\nortos\lib\</path>
         <kind>archive</kind>
         <file>nortos.am263px.r5f.ti-arm-clang.debug.lib</file>
         <name>DebugP_uartLogWriter.obj</name>
      </input_file>
      <input_file id="fl-1e">
         <path>C:\ti\mcu_plus_sdk_am263px_09_01_00_20\source\kernel\nortos\lib\</path>
         <kind>archive</kind>
         <file>nortos.am263px.r5f.ti-arm-clang.debug.lib</file>
         <name>DebugP_log.obj</name>
      </input_file>
      <input_file id="fl-1f">
         <path>C:\ti\mcu_plus_sdk_am263px_09_01_00_20\source\kernel\nortos\lib\</path>
         <kind>archive</kind>
         <file>nortos.am263px.r5f.ti-arm-clang.debug.lib</file>
         <name>DebugP_nortos.obj</name>
      </input_file>
      <input_file id="fl-20">
         <path>C:\ti\mcu_plus_sdk_am263px_09_01_00_20\source\kernel\nortos\lib\</path>
         <kind>archive</kind>
         <file>nortos.am263px.r5f.ti-arm-clang.debug.lib</file>
         <name>SemaphoreP_nortos.obj</name>
      </input_file>
      <input_file id="fl-21">
         <path>C:\ti\mcu_plus_sdk_am263px_09_01_00_20\source\kernel\nortos\lib\</path>
         <kind>archive</kind>
         <file>nortos.am263px.r5f.ti-arm-clang.debug.lib</file>
         <name>ClockP_nortos.obj</name>
      </input_file>
      <input_file id="fl-22">
         <path>C:\ti\mcu_plus_sdk_am263px_09_01_00_20\source\kernel\nortos\lib\</path>
         <kind>archive</kind>
         <file>nortos.am263px.r5f.ti-arm-clang.debug.lib</file>
         <name>ClockP_nortos_r5.obj</name>
      </input_file>
      <input_file id="fl-23">
         <path>C:\ti\mcu_plus_sdk_am263px_09_01_00_20\source\kernel\nortos\lib\</path>
         <kind>archive</kind>
         <file>nortos.am263px.r5f.ti-arm-clang.debug.lib</file>
         <name>TimerP_rti.obj</name>
      </input_file>
      <input_file id="fl-24">
         <path>C:\ti\mcu_plus_sdk_am263px_09_01_00_20\source\kernel\nortos\lib\</path>
         <kind>archive</kind>
         <file>nortos.am263px.r5f.ti-arm-clang.debug.lib</file>
         <name>HwiP_armv7r_vim.obj</name>
      </input_file>
      <input_file id="fl-25">
         <path>C:\ti\mcu_plus_sdk_am263px_09_01_00_20\source\kernel\nortos\lib\</path>
         <kind>archive</kind>
         <file>nortos.am263px.r5f.ti-arm-clang.debug.lib</file>
         <name>HwiP_armv7r_handlers_nortos.obj</name>
      </input_file>
      <input_file id="fl-26">
         <path>C:\ti\mcu_plus_sdk_am263px_09_01_00_20\source\kernel\nortos\lib\</path>
         <kind>archive</kind>
         <file>nortos.am263px.r5f.ti-arm-clang.debug.lib</file>
         <name>MpuP_armv7r.obj</name>
      </input_file>
      <input_file id="fl-27">
         <path>C:\ti\mcu_plus_sdk_am263px_09_01_00_20\source\kernel\nortos\lib\</path>
         <kind>archive</kind>
         <file>nortos.am263px.r5f.ti-arm-clang.debug.lib</file>
         <name>CacheP_armv7r.obj</name>
      </input_file>
      <input_file id="fl-28">
         <path>C:\ti\mcu_plus_sdk_am263px_09_01_00_20\source\kernel\nortos\lib\</path>
         <kind>archive</kind>
         <file>nortos.am263px.r5f.ti-arm-clang.debug.lib</file>
         <name>printf.obj</name>
      </input_file>
      <input_file id="fl-29">
         <path>C:\ti\mcu_plus_sdk_am263px_09_01_00_20\source\kernel\nortos\lib\</path>
         <kind>archive</kind>
         <file>nortos.am263px.r5f.ti-arm-clang.debug.lib</file>
         <name>PmuP_armv7r.obj</name>
      </input_file>
      <input_file id="fl-2a">
         <path>C:\ti\mcu_plus_sdk_am263px_09_01_00_20\source\kernel\nortos\lib\</path>
         <kind>archive</kind>
         <file>nortos.am263px.r5f.ti-arm-clang.debug.lib</file>
         <name>HwiP_armv7r_handlers_nortos_asm.obj</name>
      </input_file>
      <input_file id="fl-2b">
         <path>C:\ti\mcu_plus_sdk_am263px_09_01_00_20\source\kernel\nortos\lib\</path>
         <kind>archive</kind>
         <file>nortos.am263px.r5f.ti-arm-clang.debug.lib</file>
         <name>HwiP_armv7r_vectors_nortos_asm.obj</name>
      </input_file>
      <input_file id="fl-2c">
         <path>C:\ti\mcu_plus_sdk_am263px_09_01_00_20\source\kernel\nortos\lib\</path>
         <kind>archive</kind>
         <file>nortos.am263px.r5f.ti-arm-clang.debug.lib</file>
         <name>boot_armv7r_asm.obj</name>
      </input_file>
      <input_file id="fl-2d">
         <path>C:\ti\mcu_plus_sdk_am263px_09_01_00_20\source\kernel\nortos\lib\</path>
         <kind>archive</kind>
         <file>nortos.am263px.r5f.ti-arm-clang.debug.lib</file>
         <name>HwiP_armv7r_asm.obj</name>
      </input_file>
      <input_file id="fl-2e">
         <path>C:\ti\mcu_plus_sdk_am263px_09_01_00_20\source\kernel\nortos\lib\</path>
         <kind>archive</kind>
         <file>nortos.am263px.r5f.ti-arm-clang.debug.lib</file>
         <name>MpuP_armv7r_asm.obj</name>
      </input_file>
      <input_file id="fl-2f">
         <path>C:\ti\mcu_plus_sdk_am263px_09_01_00_20\source\kernel\nortos\lib\</path>
         <kind>archive</kind>
         <file>nortos.am263px.r5f.ti-arm-clang.debug.lib</file>
         <name>CacheP_armv7r_asm.obj</name>
      </input_file>
      <input_file id="fl-30">
         <path>C:\ti\mcu_plus_sdk_am263px_09_01_00_20\source\kernel\nortos\lib\</path>
         <kind>archive</kind>
         <file>nortos.am263px.r5f.ti-arm-clang.debug.lib</file>
         <name>PmuP_armv7r_asm.obj</name>
      </input_file>
      <input_file id="fl-31">
         <path>C:\ti\mcu_plus_sdk_am263px_09_01_00_20\source\kernel\nortos\lib\</path>
         <kind>archive</kind>
         <file>nortos.am263px.r5f.ti-arm-clang.debug.lib</file>
         <name>boot_armv7r.obj</name>
      </input_file>
      <input_file id="fl-32">
         <path>C:\ti\mcu_plus_sdk_am263px_09_01_00_20\source\drivers\lib\</path>
         <kind>archive</kind>
         <file>drivers.am263px.r5f.ti-arm-clang.debug.lib</file>
         <name>edma.obj</name>
      </input_file>
      <input_file id="fl-33">
         <path>C:\ti\mcu_plus_sdk_am263px_09_01_00_20\source\drivers\lib\</path>
         <kind>archive</kind>
         <file>drivers.am263px.r5f.ti-arm-clang.debug.lib</file>
         <name>etpwm.obj</name>
      </input_file>
      <input_file id="fl-34">
         <path>C:\ti\mcu_plus_sdk_am263px_09_01_00_20\source\drivers\lib\</path>
         <kind>archive</kind>
         <file>drivers.am263px.r5f.ti-arm-clang.debug.lib</file>
         <name>mcspi_v0.obj</name>
      </input_file>
      <input_file id="fl-35">
         <path>C:\ti\mcu_plus_sdk_am263px_09_01_00_20\source\drivers\lib\</path>
         <kind>archive</kind>
         <file>drivers.am263px.r5f.ti-arm-clang.debug.lib</file>
         <name>pinmux.obj</name>
      </input_file>
      <input_file id="fl-36">
         <path>C:\ti\mcu_plus_sdk_am263px_09_01_00_20\source\drivers\lib\</path>
         <kind>archive</kind>
         <file>drivers.am263px.r5f.ti-arm-clang.debug.lib</file>
         <name>soc.obj</name>
      </input_file>
      <input_file id="fl-37">
         <path>C:\ti\mcu_plus_sdk_am263px_09_01_00_20\source\drivers\lib\</path>
         <kind>archive</kind>
         <file>drivers.am263px.r5f.ti-arm-clang.debug.lib</file>
         <name>soc_rcm.obj</name>
      </input_file>
      <input_file id="fl-38">
         <path>C:\ti\mcu_plus_sdk_am263px_09_01_00_20\source\drivers\lib\</path>
         <kind>archive</kind>
         <file>drivers.am263px.r5f.ti-arm-clang.debug.lib</file>
         <name>uart_v0.obj</name>
      </input_file>
      <input_file id="fl-39">
         <path>C:\ti\mcu_plus_sdk_am263px_09_01_00_20\source\drivers\lib\</path>
         <kind>archive</kind>
         <file>drivers.am263px.r5f.ti-arm-clang.debug.lib</file>
         <name>mcspi_v0_lld.obj</name>
      </input_file>
      <input_file id="fl-3a">
         <path>C:\ti\mcu_plus_sdk_am263px_09_01_00_20\source\drivers\lib\</path>
         <kind>archive</kind>
         <file>drivers.am263px.r5f.ti-arm-clang.debug.lib</file>
         <name>mcspi_dma_edma.obj</name>
      </input_file>
      <input_file id="fl-3b">
         <path>C:\ti\mcu_plus_sdk_am263px_09_01_00_20\source\drivers\lib\</path>
         <kind>archive</kind>
         <file>drivers.am263px.r5f.ti-arm-clang.debug.lib</file>
         <name>uart_dma.obj</name>
      </input_file>
      <input_file id="fl-3c">
         <path>C:\ti\mcu_plus_sdk_am263px_09_01_00_20\source\board\lib\</path>
         <kind>archive</kind>
         <file>board.am263px.r5f.ti-arm-clang.debug.lib</file>
         <name>pmic_tps653860xx.obj</name>
      </input_file>
      <input_file id="fl-3d">
         <path>C:\ti\mcu_plus_sdk_am263px_09_01_00_20\source\board\lib\</path>
         <kind>archive</kind>
         <file>board.am263px.r5f.ti-arm-clang.debug.lib</file>
         <name>pmic.obj</name>
      </input_file>
      <input_file id="fl-4c">
         <path>C:\ti\ccs1260\ccs\tools\compiler\ti-cgt-armllvm_3.2.1.LTS\lib\armv7r-ti-none-eabihf\c\</path>
         <kind>archive</kind>
         <file>libc.a</file>
         <name>fputc.c.obj</name>
      </input_file>
      <input_file id="fl-4d">
         <path>C:\ti\ccs1260\ccs\tools\compiler\ti-cgt-armllvm_3.2.1.LTS\lib\armv7r-ti-none-eabihf\c\</path>
         <kind>archive</kind>
         <file>libc.a</file>
         <name>_io_perm.c.obj</name>
      </input_file>
      <input_file id="fl-4e">
         <path>C:\ti\ccs1260\ccs\tools\compiler\ti-cgt-armllvm_3.2.1.LTS\lib\armv7r-ti-none-eabihf\c\</path>
         <kind>archive</kind>
         <file>libc.a</file>
         <name>setvbuf.c.obj</name>
      </input_file>
      <input_file id="fl-4f">
         <path>C:\ti\ccs1260\ccs\tools\compiler\ti-cgt-armllvm_3.2.1.LTS\lib\armv7r-ti-none-eabihf\c\</path>
         <kind>archive</kind>
         <file>libc.a</file>
         <name>exit.c.obj</name>
      </input_file>
      <input_file id="fl-50">
         <path>C:\ti\ccs1260\ccs\tools\compiler\ti-cgt-armllvm_3.2.1.LTS\lib\armv7r-ti-none-eabihf\c\</path>
         <kind>archive</kind>
         <file>libc.a</file>
         <name>_lock.c.obj</name>
      </input_file>
      <input_file id="fl-51">
         <path>C:\ti\ccs1260\ccs\tools\compiler\ti-cgt-armllvm_3.2.1.LTS\lib\armv7r-ti-none-eabihf\c\</path>
         <kind>archive</kind>
         <file>libc.a</file>
         <name>defs.c.obj</name>
      </input_file>
      <input_file id="fl-52">
         <path>C:\ti\ccs1260\ccs\tools\compiler\ti-cgt-armllvm_3.2.1.LTS\lib\armv7r-ti-none-eabihf\c\</path>
         <kind>archive</kind>
         <file>libc.a</file>
         <name>memory.c.obj</name>
      </input_file>
      <input_file id="fl-53">
         <path>C:\ti\ccs1260\ccs\tools\compiler\ti-cgt-armllvm_3.2.1.LTS\lib\armv7r-ti-none-eabihf\c\</path>
         <kind>archive</kind>
         <file>libc.a</file>
         <name>autoinit.c.obj</name>
      </input_file>
      <input_file id="fl-54">
         <path>C:\ti\ccs1260\ccs\tools\compiler\ti-cgt-armllvm_3.2.1.LTS\lib\armv7r-ti-none-eabihf\c\</path>
         <kind>archive</kind>
         <file>libc.a</file>
         <name>cpy_tbl.c.obj</name>
      </input_file>
      <input_file id="fl-55">
         <path>C:\ti\ccs1260\ccs\tools\compiler\ti-cgt-armllvm_3.2.1.LTS\lib\armv7r-ti-none-eabihf\c\</path>
         <kind>archive</kind>
         <file>libc.a</file>
         <name>fflush.c.obj</name>
      </input_file>
      <input_file id="fl-56">
         <path>C:\ti\ccs1260\ccs\tools\compiler\ti-cgt-armllvm_3.2.1.LTS\lib\armv7r-ti-none-eabihf\c\</path>
         <kind>archive</kind>
         <file>libc.a</file>
         <name>fopen.c.obj</name>
      </input_file>
      <input_file id="fl-57">
         <path>C:\ti\ccs1260\ccs\tools\compiler\ti-cgt-armllvm_3.2.1.LTS\lib\armv7r-ti-none-eabihf\c\</path>
         <kind>archive</kind>
         <file>libc.a</file>
         <name>fseek.c.obj</name>
      </input_file>
      <input_file id="fl-58">
         <path>C:\ti\ccs1260\ccs\tools\compiler\ti-cgt-armllvm_3.2.1.LTS\lib\armv7r-ti-none-eabihf\c\</path>
         <kind>archive</kind>
         <file>libc.a</file>
         <name>aeabi_portable.c.obj</name>
      </input_file>
      <input_file id="fl-59">
         <path>C:\ti\ccs1260\ccs\tools\compiler\ti-cgt-armllvm_3.2.1.LTS\lib\armv7r-ti-none-eabihf\c\</path>
         <kind>archive</kind>
         <file>libc.a</file>
         <name>assert.c.obj</name>
      </input_file>
      <input_file id="fl-5a">
         <path>C:\ti\ccs1260\ccs\tools\compiler\ti-cgt-armllvm_3.2.1.LTS\lib\armv7r-ti-none-eabihf\c\</path>
         <kind>archive</kind>
         <file>libc.a</file>
         <name>sprintf.c.obj</name>
      </input_file>
      <input_file id="fl-5b">
         <path>C:\ti\ccs1260\ccs\tools\compiler\ti-cgt-armllvm_3.2.1.LTS\lib\armv7r-ti-none-eabihf\c\</path>
         <kind>archive</kind>
         <file>libc.a</file>
         <name>fclose.c.obj</name>
      </input_file>
      <input_file id="fl-5c">
         <path>C:\ti\ccs1260\ccs\tools\compiler\ti-cgt-armllvm_3.2.1.LTS\lib\armv7r-ti-none-eabihf\c\</path>
         <kind>archive</kind>
         <file>libc.a</file>
         <name>fputs.c.obj</name>
      </input_file>
      <input_file id="fl-5d">
         <path>C:\ti\ccs1260\ccs\tools\compiler\ti-cgt-armllvm_3.2.1.LTS\lib\armv7r-ti-none-eabihf\c\</path>
         <kind>archive</kind>
         <file>libc.a</file>
         <name>_printfi.c.obj</name>
      </input_file>
      <input_file id="fl-5e">
         <path>C:\ti\ccs1260\ccs\tools\compiler\ti-cgt-armllvm_3.2.1.LTS\lib\armv7r-ti-none-eabihf\c\</path>
         <kind>archive</kind>
         <file>libc.a</file>
         <name>s_frexp.c.obj</name>
      </input_file>
      <input_file id="fl-5f">
         <path>C:\ti\ccs1260\ccs\tools\compiler\ti-cgt-armllvm_3.2.1.LTS\lib\armv7r-ti-none-eabihf\c\</path>
         <kind>archive</kind>
         <file>libc.a</file>
         <name>s_scalbn.c.obj</name>
      </input_file>
      <input_file id="fl-60">
         <path>C:\ti\ccs1260\ccs\tools\compiler\ti-cgt-armllvm_3.2.1.LTS\lib\armv7r-ti-none-eabihf\c\</path>
         <kind>archive</kind>
         <file>libc.a</file>
         <name>_ltoa.c.obj</name>
      </input_file>
      <input_file id="fl-61">
         <path>C:\ti\ccs1260\ccs\tools\compiler\ti-cgt-armllvm_3.2.1.LTS\lib\armv7r-ti-none-eabihf\c\</path>
         <kind>archive</kind>
         <file>libc.a</file>
         <name>atoi.c.obj</name>
      </input_file>
      <input_file id="fl-62">
         <path>C:\ti\ccs1260\ccs\tools\compiler\ti-cgt-armllvm_3.2.1.LTS\lib\armv7r-ti-none-eabihf\c\</path>
         <kind>archive</kind>
         <file>libc.a</file>
         <name>memccpy.c.obj</name>
      </input_file>
      <input_file id="fl-63">
         <path>C:\ti\ccs1260\ccs\tools\compiler\ti-cgt-armllvm_3.2.1.LTS\lib\armv7r-ti-none-eabihf\c\</path>
         <kind>archive</kind>
         <file>libc.a</file>
         <name>wcslen.c.obj</name>
      </input_file>
      <input_file id="fl-64">
         <path>C:\ti\ccs1260\ccs\tools\compiler\ti-cgt-armllvm_3.2.1.LTS\lib\armv7r-ti-none-eabihf\c\</path>
         <kind>archive</kind>
         <file>libc.a</file>
         <name>aeabi_ctype.S.obj</name>
      </input_file>
      <input_file id="fl-73">
         <path>C:\ti\ccs1260\ccs\tools\compiler\ti-cgt-armllvm_3.2.1.LTS\lib\armv7r-ti-none-eabihf\c\</path>
         <kind>archive</kind>
         <file>libsysbm.a</file>
         <name>write.c.obj</name>
      </input_file>
      <input_file id="fl-74">
         <path>C:\ti\ccs1260\ccs\tools\compiler\ti-cgt-armllvm_3.2.1.LTS\lib\armv7r-ti-none-eabihf\c\</path>
         <kind>archive</kind>
         <file>libsysbm.a</file>
         <name>host_device.c.obj</name>
      </input_file>
      <input_file id="fl-75">
         <path>C:\ti\ccs1260\ccs\tools\compiler\ti-cgt-armllvm_3.2.1.LTS\lib\armv7r-ti-none-eabihf\c\</path>
         <kind>archive</kind>
         <file>libsysbm.a</file>
         <name>remove.c.obj</name>
      </input_file>
      <input_file id="fl-76">
         <path>C:\ti\ccs1260\ccs\tools\compiler\ti-cgt-armllvm_3.2.1.LTS\lib\armv7r-ti-none-eabihf\c\</path>
         <kind>archive</kind>
         <file>libsysbm.a</file>
         <name>open.c.obj</name>
      </input_file>
      <input_file id="fl-77">
         <path>C:\ti\ccs1260\ccs\tools\compiler\ti-cgt-armllvm_3.2.1.LTS\lib\armv7r-ti-none-eabihf\c\</path>
         <kind>archive</kind>
         <file>libsysbm.a</file>
         <name>lseek.c.obj</name>
      </input_file>
      <input_file id="fl-78">
         <path>C:\ti\ccs1260\ccs\tools\compiler\ti-cgt-armllvm_3.2.1.LTS\lib\armv7r-ti-none-eabihf\c\</path>
         <kind>archive</kind>
         <file>libsysbm.a</file>
         <name>close.c.obj</name>
      </input_file>
      <input_file id="fl-79">
         <path>C:\ti\ccs1260\ccs\tools\compiler\ti-cgt-armllvm_3.2.1.LTS\lib\armv7r-ti-none-eabihf\c\</path>
         <kind>archive</kind>
         <file>libsysbm.a</file>
         <name>unlink.c.obj</name>
      </input_file>
      <input_file id="fl-7a">
         <path>C:\ti\ccs1260\ccs\tools\compiler\ti-cgt-armllvm_3.2.1.LTS\lib\armv7r-ti-none-eabihf\c\</path>
         <kind>archive</kind>
         <file>libsysbm.a</file>
         <name>hostclose.c.obj</name>
      </input_file>
      <input_file id="fl-7b">
         <path>C:\ti\ccs1260\ccs\tools\compiler\ti-cgt-armllvm_3.2.1.LTS\lib\armv7r-ti-none-eabihf\c\</path>
         <kind>archive</kind>
         <file>libsysbm.a</file>
         <name>hostlseek.c.obj</name>
      </input_file>
      <input_file id="fl-7c">
         <path>C:\ti\ccs1260\ccs\tools\compiler\ti-cgt-armllvm_3.2.1.LTS\lib\armv7r-ti-none-eabihf\c\</path>
         <kind>archive</kind>
         <file>libsysbm.a</file>
         <name>hostopen.c.obj</name>
      </input_file>
      <input_file id="fl-7d">
         <path>C:\ti\ccs1260\ccs\tools\compiler\ti-cgt-armllvm_3.2.1.LTS\lib\armv7r-ti-none-eabihf\c\</path>
         <kind>archive</kind>
         <file>libsysbm.a</file>
         <name>hostread.c.obj</name>
      </input_file>
      <input_file id="fl-7e">
         <path>C:\ti\ccs1260\ccs\tools\compiler\ti-cgt-armllvm_3.2.1.LTS\lib\armv7r-ti-none-eabihf\c\</path>
         <kind>archive</kind>
         <file>libsysbm.a</file>
         <name>hostrename.c.obj</name>
      </input_file>
      <input_file id="fl-7f">
         <path>C:\ti\ccs1260\ccs\tools\compiler\ti-cgt-armllvm_3.2.1.LTS\lib\armv7r-ti-none-eabihf\c\</path>
         <kind>archive</kind>
         <file>libsysbm.a</file>
         <name>hostunlink.c.obj</name>
      </input_file>
      <input_file id="fl-80">
         <path>C:\ti\ccs1260\ccs\tools\compiler\ti-cgt-armllvm_3.2.1.LTS\lib\armv7r-ti-none-eabihf\c\</path>
         <kind>archive</kind>
         <file>libsysbm.a</file>
         <name>hostwrite.c.obj</name>
      </input_file>
      <input_file id="fl-81">
         <path>C:\ti\ccs1260\ccs\tools\compiler\ti-cgt-armllvm_3.2.1.LTS\lib\armv7r-ti-none-eabihf\c\</path>
         <kind>archive</kind>
         <file>libsysbm.a</file>
         <name>trgmsg.c.obj</name>
      </input_file>
      <input_file id="fl-d9">
         <path>C:\ti\ccs1260\ccs\tools\compiler\ti-cgt-armllvm_3.2.1.LTS\lib\armv7r-ti-none-eabihf\c\</path>
         <kind>archive</kind>
         <file>libc.a</file>
         <name>getdevice.c.obj</name>
      </input_file>
      <input_file id="fl-da">
         <path>C:\ti\ccs1260\ccs\tools\compiler\ti-cgt-armllvm_3.2.1.LTS\lib\armv7r-ti-none-eabihf\c\</path>
         <kind>archive</kind>
         <file>libc.a</file>
         <name>strcmp32.S.obj</name>
      </input_file>
      <input_file id="fl-db">
         <path>C:\ti\ccs1260\ccs\tools\compiler\ti-cgt-armllvm_3.2.1.LTS\lib\clang\15.0.7\lib\armv7r-ti-none-eabihf\</path>
         <kind>archive</kind>
         <file>libclang_rt.builtins.a</file>
         <name>divsi3.S.obj</name>
      </input_file>
      <input_file id="fl-dc">
         <path>C:\ti\ccs1260\ccs\tools\compiler\ti-cgt-armllvm_3.2.1.LTS\lib\clang\15.0.7\lib\armv7r-ti-none-eabihf\</path>
         <kind>archive</kind>
         <file>libclang_rt.builtins.a</file>
         <name>udivsi3.S.obj</name>
      </input_file>
      <input_file id="fl-dd">
         <path>C:\ti\ccs1260\ccs\tools\compiler\ti-cgt-armllvm_3.2.1.LTS\lib\clang\15.0.7\lib\armv7r-ti-none-eabihf\</path>
         <kind>archive</kind>
         <file>libclang_rt.builtins.a</file>
         <name>aeabi_div0.c.obj</name>
      </input_file>
      <input_file id="fl-de">
         <path>C:\ti\ccs1260\ccs\tools\compiler\ti-cgt-armllvm_3.2.1.LTS\lib\clang\15.0.7\lib\armv7r-ti-none-eabihf\</path>
         <kind>archive</kind>
         <file>libclang_rt.builtins.a</file>
         <name>aeabi_memcpy.S.obj</name>
      </input_file>
      <input_file id="fl-df">
         <path>C:\ti\ccs1260\ccs\tools\compiler\ti-cgt-armllvm_3.2.1.LTS\lib\clang\15.0.7\lib\armv7r-ti-none-eabihf\</path>
         <kind>archive</kind>
         <file>libclang_rt.builtins.a</file>
         <name>aeabi_memset.S.obj</name>
      </input_file>
      <input_file id="fl-e0">
         <path>C:\ti\ccs1260\ccs\tools\compiler\ti-cgt-armllvm_3.2.1.LTS\lib\clang\15.0.7\lib\armv7r-ti-none-eabihf\</path>
         <kind>archive</kind>
         <file>libclang_rt.builtins.a</file>
         <name>aeabi_uldivmod.S.obj</name>
      </input_file>
      <input_file id="fl-e1">
         <path>C:\ti\ccs1260\ccs\tools\compiler\ti-cgt-armllvm_3.2.1.LTS\lib\clang\15.0.7\lib\armv7r-ti-none-eabihf\</path>
         <kind>archive</kind>
         <file>libclang_rt.builtins.a</file>
         <name>udivmoddi4.S.obj</name>
      </input_file>
      <input_file id="fl-e2">
         <path>C:\ti\ccs1260\ccs\tools\compiler\ti-cgt-armllvm_3.2.1.LTS\lib\armv7r-ti-none-eabihf\c\</path>
         <kind>archive</kind>
         <file>libc.a</file>
         <name>memcpy32.S.obj</name>
      </input_file>
      <input_file id="fl-e3">
         <path>C:\ti\ccs1260\ccs\tools\compiler\ti-cgt-armllvm_3.2.1.LTS\lib\armv7r-ti-none-eabihf\c\</path>
         <kind>archive</kind>
         <file>libc.a</file>
         <name>memset32.S.obj</name>
      </input_file>
      <input_file id="fl-e4">
         <path>C:\ti\mcu_plus_sdk_am263px_09_01_00_20\source\kernel\nortos\lib\</path>
         <kind>archive</kind>
         <file>nortos.am263px.r5f.ti-arm-clang.debug.lib</file>
         <name>AddrTranslateP_32bit.obj</name>
      </input_file>
      <input_file id="fl-e5">
         <path>C:\ti\mcu_plus_sdk_am263px_09_01_00_20\source\kernel\nortos\lib\</path>
         <kind>archive</kind>
         <file>nortos.am263px.r5f.ti-arm-clang.debug.lib</file>
         <name>CpuId_armv7r.obj</name>
      </input_file>
      <input_file id="fl-e6">
         <path>C:\ti\mcu_plus_sdk_am263px_09_01_00_20\source\kernel\nortos\lib\</path>
         <kind>archive</kind>
         <file>nortos.am263px.r5f.ti-arm-clang.debug.lib</file>
         <name>TaskP_nortos.obj</name>
      </input_file>
      <input_file id="fl-e7">
         <path>C:\ti\mcu_plus_sdk_am263px_09_01_00_20\source\kernel\nortos\lib\</path>
         <kind>archive</kind>
         <file>nortos.am263px.r5f.ti-arm-clang.debug.lib</file>
         <name>CpuId_armv7r_asm.obj</name>
      </input_file>
   </input_file_list>
   <object_component_list>
      <object_component id="oc-2a">
         <name>.vectors</name>
         <load_address>0x0</load_address>
         <readonly>true</readonly>
         <executable>true</executable>
         <run_address>0x0</run_address>
         <size>0x40</size>
         <alignment>0x4</alignment>
         <input_file_ref idref="fl-2b"/>
      </object_component>
      <object_component id="oc-6d">
         <name>.text.hwi</name>
         <load_address>0x70060de0</load_address>
         <readonly>true</readonly>
         <executable>true</executable>
         <run_address>0x70060de0</run_address>
         <size>0x5c6</size>
         <alignment>0x10</alignment>
         <input_file_ref idref="fl-24"/>
      </object_component>
      <object_component id="oc-4f">
         <name>.text.hwi</name>
         <load_address>0x700613b0</load_address>
         <readonly>true</readonly>
         <executable>true</executable>
         <run_address>0x700613b0</run_address>
         <size>0x3d4</size>
         <alignment>0x10</alignment>
         <input_file_ref idref="fl-25"/>
      </object_component>
      <object_component id="oc-53">
         <name>.text.hwi</name>
         <load_address>0x70061784</load_address>
         <readonly>true</readonly>
         <executable>true</executable>
         <run_address>0x70061784</run_address>
         <size>0xc0</size>
         <alignment>0x4</alignment>
         <input_file_ref idref="fl-2a"/>
      </object_component>
      <object_component id="oc-73">
         <name>.text.hwi</name>
         <load_address>0x70061844</load_address>
         <readonly>true</readonly>
         <executable>true</executable>
         <run_address>0x70061844</run_address>
         <size>0x70</size>
         <alignment>0x4</alignment>
         <input_file_ref idref="fl-2d"/>
      </object_component>
      <object_component id="oc-c1">
         <name>.text.cache</name>
         <load_address>0x700618c0</load_address>
         <readonly>true</readonly>
         <executable>true</executable>
         <run_address>0x700618c0</run_address>
         <size>0x340</size>
         <alignment>0x4</alignment>
         <input_file_ref idref="fl-2f"/>
      </object_component>
      <object_component id="oc-7f">
         <name>.text.cache</name>
         <load_address>0x70061c00</load_address>
         <readonly>true</readonly>
         <executable>true</executable>
         <run_address>0x70061c00</run_address>
         <size>0x158</size>
         <alignment>0x10</alignment>
         <input_file_ref idref="fl-27"/>
      </object_component>
      <object_component id="oc-7b">
         <name>.text.mpu</name>
         <load_address>0x70061d60</load_address>
         <readonly>true</readonly>
         <executable>true</executable>
         <run_address>0x70061d60</run_address>
         <size>0x246</size>
         <alignment>0x10</alignment>
         <input_file_ref idref="fl-26"/>
      </object_component>
      <object_component id="oc-bd">
         <name>.text.mpu</name>
         <load_address>0x70061fa8</load_address>
         <readonly>true</readonly>
         <executable>true</executable>
         <run_address>0x70061fa8</run_address>
         <size>0x78</size>
         <alignment>0x4</alignment>
         <input_file_ref idref="fl-2e"/>
      </object_component>
      <object_component id="oc-4b">
         <name>.text.boot</name>
         <load_address>0x70062020</load_address>
         <readonly>true</readonly>
         <executable>true</executable>
         <run_address>0x70062020</run_address>
         <size>0xfc</size>
         <alignment>0x4</alignment>
         <input_file_ref idref="fl-2c"/>
      </object_component>
      <object_component id="oc-b4">
         <name>.text.boot</name>
         <load_address>0x70062120</load_address>
         <readonly>true</readonly>
         <executable>true</executable>
         <run_address>0x70062120</run_address>
         <size>0x24</size>
         <alignment>0x10</alignment>
         <input_file_ref idref="fl-1e"/>
      </object_component>
      <object_component id="oc-5d">
         <name>.text.boot</name>
         <load_address>0x70062150</load_address>
         <readonly>true</readonly>
         <executable>true</executable>
         <run_address>0x70062150</run_address>
         <size>0xc</size>
         <alignment>0x10</alignment>
         <input_file_ref idref="fl-2"/>
      </object_component>
      <object_component id="oc-ac">
         <name>.text:abort</name>
         <load_address>0x70062160</load_address>
         <readonly>true</readonly>
         <executable>true</executable>
         <run_address>0x70062160</run_address>
         <size>0x8</size>
         <alignment>0x4</alignment>
         <input_file_ref idref="fl-4f"/>
      </object_component>
      <object_component id="oc-183">
         <name>.text.Drivers_epwmOpen</name>
         <load_address>0x70040000</load_address>
         <readonly>true</readonly>
         <executable>true</executable>
         <run_address>0x70040000</run_address>
         <size>0xd1c</size>
         <alignment>0x10</alignment>
         <input_file_ref idref="fl-4"/>
      </object_component>
      <object_component id="oc-13a">
         <name>.text.__aeabi_memcpy</name>
         <load_address>0x70040d1c</load_address>
         <readonly>true</readonly>
         <executable>true</executable>
         <run_address>0x70040d1c</run_address>
         <size>0x4</size>
         <alignment>0x4</alignment>
         <input_file_ref idref="fl-de"/>
      </object_component>
      <object_component id="oc-294">
         <name>.text._vsnprintf</name>
         <load_address>0x70040d20</load_address>
         <readonly>true</readonly>
         <executable>true</executable>
         <run_address>0x70040d20</run_address>
         <size>0xa34</size>
         <alignment>0x10</alignment>
         <input_file_ref idref="fl-28"/>
      </object_component>
      <object_component id="oc-85">
         <name>.text.__aeabi_memclr</name>
         <load_address>0x70041754</load_address>
         <readonly>true</readonly>
         <executable>true</executable>
         <run_address>0x70041754</run_address>
         <size>0xc</size>
         <alignment>0x4</alignment>
         <input_file_ref idref="fl-df"/>
      </object_component>
      <object_component id="oc-34b">
         <name>.text.SOC_rcmGetClkSrcAndDivReg</name>
         <load_address>0x70041760</load_address>
         <readonly>true</readonly>
         <executable>true</executable>
         <run_address>0x70041760</run_address>
         <size>0x678</size>
         <alignment>0x10</alignment>
         <input_file_ref idref="fl-37"/>
      </object_component>
      <object_component id="oc-1ae">
         <name>.text._nop</name>
         <load_address>0x70041dd8</load_address>
         <readonly>true</readonly>
         <executable>true</executable>
         <run_address>0x70041dd8</run_address>
         <size>0x4</size>
         <alignment>0x4</alignment>
         <input_file_ref idref="fl-50"/>
      </object_component>
      <object_component id="oc-444">
         <name>.text.fseek</name>
         <load_address>0x70041ddc</load_address>
         <readonly>true</readonly>
         <executable>true</executable>
         <run_address>0x70041ddc</run_address>
         <size>0x4</size>
         <alignment>0x4</alignment>
         <input_file_ref idref="fl-57"/>
      </object_component>
      <object_component id="oc-2c3">
         <name>.text.SOC_rcmEnablePeripheralClock</name>
         <load_address>0x70041de0</load_address>
         <readonly>true</readonly>
         <executable>true</executable>
         <run_address>0x70041de0</run_address>
         <size>0x638</size>
         <alignment>0x10</alignment>
         <input_file_ref idref="fl-37"/>
      </object_component>
      <object_component id="oc-4c1">
         <name>.text.remove</name>
         <load_address>0x70042418</load_address>
         <readonly>true</readonly>
         <executable>true</executable>
         <run_address>0x70042418</run_address>
         <size>0x4</size>
         <alignment>0x4</alignment>
         <input_file_ref idref="fl-75"/>
      </object_component>
      <object_component id="oc-330">
         <name>.text._ftoa</name>
         <load_address>0x70042420</load_address>
         <readonly>true</readonly>
         <executable>true</executable>
         <run_address>0x70042420</run_address>
         <size>0x51e</size>
         <alignment>0x10</alignment>
         <input_file_ref idref="fl-28"/>
      </object_component>
      <object_component id="oc-209">
         <name>.text.MCSPI_open</name>
         <load_address>0x70042940</load_address>
         <readonly>true</readonly>
         <executable>true</executable>
         <run_address>0x70042940</run_address>
         <size>0x4aa</size>
         <alignment>0x10</alignment>
         <input_file_ref idref="fl-34"/>
      </object_component>
      <object_component id="oc-331">
         <name>.text._etoa</name>
         <load_address>0x70042df0</load_address>
         <readonly>true</readonly>
         <executable>true</executable>
         <run_address>0x70042df0</run_address>
         <size>0x478</size>
         <alignment>0x10</alignment>
         <input_file_ref idref="fl-28"/>
      </object_component>
      <object_component id="oc-134">
         <name>.text:TI_memset_small</name>
         <load_address>0x70043268</load_address>
         <readonly>true</readonly>
         <executable>true</executable>
         <run_address>0x70043268</run_address>
         <size>0x18</size>
         <alignment>0x4</alignment>
         <input_file_ref idref="fl-e3"/>
      </object_component>
      <object_component id="oc-51a">
         <name>.text:strcmp</name>
         <load_address>0x70043280</load_address>
         <readonly>true</readonly>
         <executable>true</executable>
         <run_address>0x70043280</run_address>
         <size>0x390</size>
         <alignment>0x20</alignment>
         <input_file_ref idref="fl-da"/>
      </object_component>
      <object_component id="oc-17a">
         <name>.text.EDMA_initialize</name>
         <load_address>0x70043610</load_address>
         <readonly>true</readonly>
         <executable>true</executable>
         <run_address>0x70043610</run_address>
         <size>0x336</size>
         <alignment>0x10</alignment>
         <input_file_ref idref="fl-32"/>
      </object_component>
      <object_component id="oc-4b5">
         <name>.text.MCSPI_transferControllerPoll</name>
         <load_address>0x70043950</load_address>
         <readonly>true</readonly>
         <executable>true</executable>
         <run_address>0x70043950</run_address>
         <size>0x324</size>
         <alignment>0x10</alignment>
         <input_file_ref idref="fl-39"/>
      </object_component>
      <object_component id="oc-46a">
         <name>.text.malloc</name>
         <load_address>0x70043c74</load_address>
         <readonly>true</readonly>
         <executable>true</executable>
         <run_address>0x70043c74</run_address>
         <size>0xc</size>
         <alignment>0x4</alignment>
         <input_file_ref idref="fl-52"/>
      </object_component>
      <object_component id="oc-4e9">
         <name>.text.SOC_virtToPhy</name>
         <load_address>0x70043c80</load_address>
         <readonly>true</readonly>
         <executable>true</executable>
         <run_address>0x70043c80</run_address>
         <size>0x302</size>
         <alignment>0x10</alignment>
         <input_file_ref idref="fl-36"/>
      </object_component>
      <object_component id="oc-50f">
         <name>.text</name>
         <load_address>0x70043f84</load_address>
         <readonly>true</readonly>
         <executable>true</executable>
         <run_address>0x70043f84</run_address>
         <size>0xc</size>
         <alignment>0x4</alignment>
         <input_file_ref idref="fl-e7"/>
      </object_component>
      <object_component id="oc-45e">
         <name>.text.MCSPI_transfer</name>
         <load_address>0x70043f90</load_address>
         <readonly>true</readonly>
         <executable>true</executable>
         <run_address>0x70043f90</run_address>
         <size>0x29e</size>
         <alignment>0x10</alignment>
         <input_file_ref idref="fl-34"/>
      </object_component>
      <object_component id="oc-369">
         <name>.text.MCSPI_lld_dmaChInit</name>
         <load_address>0x70044230</load_address>
         <readonly>true</readonly>
         <executable>true</executable>
         <run_address>0x70044230</run_address>
         <size>0x28a</size>
         <alignment>0x10</alignment>
         <input_file_ref idref="fl-3a"/>
      </object_component>
      <object_component id="oc-290">
         <name>.text.UART_open</name>
         <load_address>0x700444c0</load_address>
         <readonly>true</readonly>
         <executable>true</executable>
         <run_address>0x700444c0</run_address>
         <size>0x276</size>
         <alignment>0x10</alignment>
         <input_file_ref idref="fl-38"/>
      </object_component>
      <object_component id="oc-403">
         <name>.text.Alloc_resource</name>
         <load_address>0x70044740</load_address>
         <readonly>true</readonly>
         <executable>true</executable>
         <run_address>0x70044740</run_address>
         <size>0x250</size>
         <alignment>0x10</alignment>
         <input_file_ref idref="fl-32"/>
      </object_component>
      <object_component id="oc-36c">
         <name>.text.MCSPI_continueTxRx</name>
         <load_address>0x70044990</load_address>
         <readonly>true</readonly>
         <executable>true</executable>
         <run_address>0x70044990</run_address>
         <size>0x242</size>
         <alignment>0x10</alignment>
         <input_file_ref idref="fl-39"/>
      </object_component>
      <object_component id="oc-374">
         <name>.text.UART_fifoConfig</name>
         <load_address>0x70044be0</load_address>
         <readonly>true</readonly>
         <executable>true</executable>
         <run_address>0x70044be0</run_address>
         <size>0x242</size>
         <alignment>0x10</alignment>
         <input_file_ref idref="fl-38"/>
      </object_component>
      <object_component id="oc-329">
         <name>.text.UART_controllerIsr</name>
         <load_address>0x70044e30</load_address>
         <readonly>true</readonly>
         <executable>true</executable>
         <run_address>0x70044e30</run_address>
         <size>0x240</size>
         <alignment>0x10</alignment>
         <input_file_ref idref="fl-38"/>
      </object_component>
      <object_component id="oc-391">
         <name>.text._ntoa_format</name>
         <load_address>0x70045070</load_address>
         <readonly>true</readonly>
         <executable>true</executable>
         <run_address>0x70045070</run_address>
         <size>0x23e</size>
         <alignment>0x10</alignment>
         <input_file_ref idref="fl-28"/>
      </object_component>
      <object_component id="oc-399">
         <name>.text.MCSPI_lld_dmaDeInit</name>
         <load_address>0x700452b0</load_address>
         <readonly>true</readonly>
         <executable>true</executable>
         <run_address>0x700452b0</run_address>
         <size>0x23a</size>
         <alignment>0x10</alignment>
         <input_file_ref idref="fl-3a"/>
      </object_component>
      <object_component id="oc-4b4">
         <name>.text.MCSPI_lld_dmaTransfer</name>
         <load_address>0x700454f0</load_address>
         <readonly>true</readonly>
         <executable>true</executable>
         <run_address>0x700454f0</run_address>
         <size>0x22a</size>
         <alignment>0x10</alignment>
         <input_file_ref idref="fl-3a"/>
      </object_component>
      <object_component id="oc-25d">
         <name>.text.EPWM_setADCTriggerSource</name>
         <load_address>0x70045720</load_address>
         <readonly>true</readonly>
         <executable>true</executable>
         <run_address>0x70045720</run_address>
         <size>0x1ee</size>
         <alignment>0x10</alignment>
         <input_file_ref idref="fl-4"/>
      </object_component>
      <object_component id="oc-3eb">
         <name>.text.UART_write</name>
         <load_address>0x70045910</load_address>
         <readonly>true</readonly>
         <executable>true</executable>
         <run_address>0x70045910</run_address>
         <size>0x1e6</size>
         <alignment>0x10</alignment>
         <input_file_ref idref="fl-38"/>
      </object_component>
      <object_component id="oc-3c4">
         <name>.text.MCSPI_setChConfig</name>
         <load_address>0x70045b00</load_address>
         <readonly>true</readonly>
         <executable>true</executable>
         <run_address>0x70045b00</run_address>
         <size>0x1d6</size>
         <alignment>0x10</alignment>
         <input_file_ref idref="fl-39"/>
      </object_component>
      <object_component id="oc-1c7">
         <name>.text.TimerP_setup</name>
         <load_address>0x70045ce0</load_address>
         <readonly>true</readonly>
         <executable>true</executable>
         <run_address>0x70045ce0</run_address>
         <size>0x1d6</size>
         <alignment>0x10</alignment>
         <input_file_ref idref="fl-23"/>
      </object_component>
      <object_component id="oc-47e">
         <name>.text.MCSPI_lld_readWrite</name>
         <load_address>0x70045ec0</load_address>
         <readonly>true</readonly>
         <executable>true</executable>
         <run_address>0x70045ec0</run_address>
         <size>0x1d0</size>
         <alignment>0x10</alignment>
         <input_file_ref idref="fl-39"/>
      </object_component>
      <object_component id="oc-1a9">
         <name>.text.EDMA_deinitialize</name>
         <load_address>0x70046090</load_address>
         <readonly>true</readonly>
         <executable>true</executable>
         <run_address>0x70046090</run_address>
         <size>0x1ca</size>
         <alignment>0x10</alignment>
         <input_file_ref idref="fl-32"/>
      </object_component>
      <object_component id="oc-485">
         <name>.text.aligned_alloc</name>
         <load_address>0x7004625c</load_address>
         <readonly>true</readonly>
         <executable>true</executable>
         <run_address>0x7004625c</run_address>
         <size>0x1b4</size>
         <alignment>0x4</alignment>
         <input_file_ref idref="fl-52"/>
      </object_component>
      <object_component id="oc-47b">
         <name>.text.MCSPI_lld_readWriteIntr</name>
         <load_address>0x70046410</load_address>
         <readonly>true</readonly>
         <executable>true</executable>
         <run_address>0x70046410</run_address>
         <size>0x1b0</size>
         <alignment>0x10</alignment>
         <input_file_ref idref="fl-39"/>
      </object_component>
      <object_component id="oc-468">
         <name>.text.free</name>
         <load_address>0x700465c0</load_address>
         <readonly>true</readonly>
         <executable>true</executable>
         <run_address>0x700465c0</run_address>
         <size>0x1b0</size>
         <alignment>0x4</alignment>
         <input_file_ref idref="fl-52"/>
      </object_component>
      <object_component id="oc-36e">
         <name>.text.MCSPI_continuePeripheralTxRx</name>
         <load_address>0x70046770</load_address>
         <readonly>true</readonly>
         <executable>true</executable>
         <run_address>0x70046770</run_address>
         <size>0x1a0</size>
         <alignment>0x10</alignment>
         <input_file_ref idref="fl-39"/>
      </object_component>
      <object_component id="oc-2e0">
         <name>.text.MCSPI_lld_initDma</name>
         <load_address>0x70046910</load_address>
         <readonly>true</readonly>
         <executable>true</executable>
         <run_address>0x70046910</run_address>
         <size>0x198</size>
         <alignment>0x10</alignment>
         <input_file_ref idref="fl-39"/>
      </object_component>
      <object_component id="oc-2d1">
         <name>.text.EDMA_transferCompletionMasterIsrFxn</name>
         <load_address>0x70046ab0</load_address>
         <readonly>true</readonly>
         <executable>true</executable>
         <run_address>0x70046ab0</run_address>
         <size>0x196</size>
         <alignment>0x10</alignment>
         <input_file_ref idref="fl-32"/>
      </object_component>
      <object_component id="oc-2a3">
         <name>.text.MCSPI_close</name>
         <load_address>0x70046c50</load_address>
         <readonly>true</readonly>
         <executable>true</executable>
         <run_address>0x70046c50</run_address>
         <size>0x192</size>
         <alignment>0x10</alignment>
         <input_file_ref idref="fl-34"/>
      </object_component>
      <object_component id="oc-2a4">
         <name>.text.UART_close</name>
         <load_address>0x70046df0</load_address>
         <readonly>true</readonly>
         <executable>true</executable>
         <run_address>0x70046df0</run_address>
         <size>0x190</size>
         <alignment>0x10</alignment>
         <input_file_ref idref="fl-38"/>
      </object_component>
      <object_component id="oc-47c">
         <name>.text.MCSPI_lld_readWriteDma</name>
         <load_address>0x70046f80</load_address>
         <readonly>true</readonly>
         <executable>true</executable>
         <run_address>0x70046f80</run_address>
         <size>0x17c</size>
         <alignment>0x10</alignment>
         <input_file_ref idref="fl-39"/>
      </object_component>
      <object_component id="oc-322">
         <name>.text.UART_configInstance</name>
         <load_address>0x70047100</load_address>
         <readonly>true</readonly>
         <executable>true</executable>
         <run_address>0x70047100</run_address>
         <size>0x16a</size>
         <alignment>0x10</alignment>
         <input_file_ref idref="fl-38"/>
      </object_component>
      <object_component id="oc-258">
         <name>.text.EPWM_setInterruptSource</name>
         <load_address>0x70047270</load_address>
         <readonly>true</readonly>
         <executable>true</executable>
         <run_address>0x70047270</run_address>
         <size>0x162</size>
         <alignment>0x10</alignment>
         <input_file_ref idref="fl-4"/>
      </object_component>
      <object_component id="oc-3ec">
         <name>.text.EDMA_unregisterIntr</name>
         <load_address>0x700473e0</load_address>
         <readonly>true</readonly>
         <executable>true</executable>
         <run_address>0x700473e0</run_address>
         <size>0x15a</size>
         <alignment>0x10</alignment>
         <input_file_ref idref="fl-32"/>
      </object_component>
      <object_component id="oc-147">
         <name>.text.SOC_controlModuleUnlockMMR</name>
         <load_address>0x70047540</load_address>
         <readonly>true</readonly>
         <executable>true</executable>
         <run_address>0x70047540</run_address>
         <size>0x158</size>
         <alignment>0x10</alignment>
         <input_file_ref idref="fl-36"/>
      </object_component>
      <object_component id="oc-383">
         <name>.text.UART_procLineStatusErr</name>
         <load_address>0x700476a0</load_address>
         <readonly>true</readonly>
         <executable>true</executable>
         <run_address>0x700476a0</run_address>
         <size>0x150</size>
         <alignment>0x10</alignment>
         <input_file_ref idref="fl-38"/>
      </object_component>
      <object_component id="oc-a3">
         <name>.text.epwm_hr_duty_cycle_main</name>
         <load_address>0x700477f0</load_address>
         <readonly>true</readonly>
         <executable>true</executable>
         <run_address>0x700477f0</run_address>
         <size>0x150</size>
         <alignment>0x10</alignment>
         <input_file_ref idref="fl-1"/>
      </object_component>
      <object_component id="oc-449">
         <name>.text.setvbuf</name>
         <load_address>0x70047940</load_address>
         <readonly>true</readonly>
         <executable>true</executable>
         <run_address>0x70047940</run_address>
         <size>0x144</size>
         <alignment>0x4</alignment>
         <input_file_ref idref="fl-4e"/>
      </object_component>
      <object_component id="oc-4b0">
         <name>.text.MCSPI_setFifoConfig</name>
         <load_address>0x70047a90</load_address>
         <readonly>true</readonly>
         <executable>true</executable>
         <run_address>0x70047a90</run_address>
         <size>0x142</size>
         <alignment>0x10</alignment>
         <input_file_ref idref="fl-39"/>
      </object_component>
      <object_component id="oc-2e5">
         <name>.text.MCSPI_lld_init</name>
         <load_address>0x70047be0</load_address>
         <readonly>true</readonly>
         <executable>true</executable>
         <run_address>0x70047be0</run_address>
         <size>0x140</size>
         <alignment>0x10</alignment>
         <input_file_ref idref="fl-39"/>
      </object_component>
      <object_component id="oc-149">
         <name>.text.ClockP_init</name>
         <load_address>0x70047d20</load_address>
         <readonly>true</readonly>
         <executable>true</executable>
         <run_address>0x70047d20</run_address>
         <size>0x13c</size>
         <alignment>0x10</alignment>
         <input_file_ref idref="fl-22"/>
      </object_component>
      <object_component id="oc-435">
         <name>.text.EDMA_isDmaChannelAllocated</name>
         <load_address>0x70047e60</load_address>
         <readonly>true</readonly>
         <executable>true</executable>
         <run_address>0x70047e60</run_address>
         <size>0x13a</size>
         <alignment>0x10</alignment>
         <input_file_ref idref="fl-32"/>
      </object_component>
      <object_component id="oc-32e">
         <name>.text._ntoa_long_long</name>
         <load_address>0x70047fa0</load_address>
         <readonly>true</readonly>
         <executable>true</executable>
         <run_address>0x70047fa0</run_address>
         <size>0x138</size>
         <alignment>0x10</alignment>
         <input_file_ref idref="fl-28"/>
      </object_component>
      <object_component id="oc-204">
         <name>.text.EDMA_open</name>
         <load_address>0x700480e0</load_address>
         <readonly>true</readonly>
         <executable>true</executable>
         <run_address>0x700480e0</run_address>
         <size>0x12e</size>
         <alignment>0x10</alignment>
         <input_file_ref idref="fl-32"/>
      </object_component>
      <object_component id="oc-3ce">
         <name>.text.EDMA_registerIntr</name>
         <load_address>0x70048210</load_address>
         <readonly>true</readonly>
         <executable>true</executable>
         <run_address>0x70048210</run_address>
         <size>0x12e</size>
         <alignment>0x10</alignment>
         <input_file_ref idref="fl-32"/>
      </object_component>
      <object_component id="oc-26a">
         <name>.text.EPWM_setXCMPActionQualifierAction</name>
         <load_address>0x70048340</load_address>
         <readonly>true</readonly>
         <executable>true</executable>
         <run_address>0x70048340</run_address>
         <size>0x12c</size>
         <alignment>0x10</alignment>
         <input_file_ref idref="fl-4"/>
      </object_component>
      <object_component id="oc-148">
         <name>.text.SOC_controlModuleLockMMR</name>
         <load_address>0x70048470</load_address>
         <readonly>true</readonly>
         <executable>true</executable>
         <run_address>0x70048470</run_address>
         <size>0x126</size>
         <alignment>0x10</alignment>
         <input_file_ref idref="fl-36"/>
      </object_component>
      <object_component id="oc-349">
         <name>.text.SOC_rcmGetPeripheralClockFrequency</name>
         <load_address>0x700485a0</load_address>
         <readonly>true</readonly>
         <executable>true</executable>
         <run_address>0x700485a0</run_address>
         <size>0x11c</size>
         <alignment>0x10</alignment>
         <input_file_ref idref="fl-37"/>
      </object_component>
      <object_component id="oc-1d3">
         <name>.text</name>
         <load_address>0x700486bc</load_address>
         <readonly>true</readonly>
         <executable>true</executable>
         <run_address>0x700486bc</run_address>
         <size>0x118</size>
         <alignment>0x4</alignment>
         <input_file_ref idref="fl-e1"/>
      </object_component>
      <object_component id="oc-433">
         <name>.text.EDMA_isTccAllocated</name>
         <load_address>0x700487e0</load_address>
         <readonly>true</readonly>
         <executable>true</executable>
         <run_address>0x700487e0</run_address>
         <size>0x116</size>
         <alignment>0x10</alignment>
         <input_file_ref idref="fl-32"/>
      </object_component>
      <object_component id="oc-376">
         <name>.text.UART_divisorLatchWrite</name>
         <load_address>0x70048900</load_address>
         <readonly>true</readonly>
         <executable>true</executable>
         <run_address>0x70048900</run_address>
         <size>0x116</size>
         <alignment>0x10</alignment>
         <input_file_ref idref="fl-38"/>
      </object_component>
      <object_component id="oc-32f">
         <name>.text._ntoa_long</name>
         <load_address>0x70048a20</load_address>
         <readonly>true</readonly>
         <executable>true</executable>
         <run_address>0x70048a20</run_address>
         <size>0x114</size>
         <alignment>0x10</alignment>
         <input_file_ref idref="fl-28"/>
      </object_component>
      <object_component id="oc-40c">
         <name>.text.MCSPI_lld_dmaStop</name>
         <load_address>0x70048b40</load_address>
         <readonly>true</readonly>
         <executable>true</executable>
         <run_address>0x70048b40</run_address>
         <size>0x10e</size>
         <alignment>0x10</alignment>
         <input_file_ref idref="fl-3a"/>
      </object_component>
      <object_component id="oc-3a9">
         <name>.text.SOC_rcmADPLLJGetFOut</name>
         <load_address>0x70048c50</load_address>
         <readonly>true</readonly>
         <executable>true</executable>
         <run_address>0x70048c50</run_address>
         <size>0x10e</size>
         <alignment>0x10</alignment>
         <input_file_ref idref="fl-37"/>
      </object_component>
      <object_component id="oc-3fa">
         <name>.text.PMIC_tps653860xxConfigure</name>
         <load_address>0x70048d60</load_address>
         <readonly>true</readonly>
         <executable>true</executable>
         <run_address>0x70048d60</run_address>
         <size>0x100</size>
         <alignment>0x10</alignment>
         <input_file_ref idref="fl-3c"/>
      </object_component>
      <object_component id="oc-4ec">
         <name>.text.MCSPI_dmaStart</name>
         <load_address>0x70048e60</load_address>
         <readonly>true</readonly>
         <executable>true</executable>
         <run_address>0x70048e60</run_address>
         <size>0xfc</size>
         <alignment>0x10</alignment>
         <input_file_ref idref="fl-3a"/>
      </object_component>
      <object_component id="oc-116">
         <name>.text.SemaphoreP_pend</name>
         <load_address>0x70048f60</load_address>
         <readonly>true</readonly>
         <executable>true</executable>
         <run_address>0x70048f60</run_address>
         <size>0xf6</size>
         <alignment>0x10</alignment>
         <input_file_ref idref="fl-20"/>
      </object_component>
      <object_component id="oc-3e4">
         <name>.text.fputc</name>
         <load_address>0x70049058</load_address>
         <readonly>true</readonly>
         <executable>true</executable>
         <run_address>0x70049058</run_address>
         <size>0xf4</size>
         <alignment>0x4</alignment>
         <input_file_ref idref="fl-4c"/>
      </object_component>
      <object_component id="oc-3d6">
         <name>.text.MCSPI_initiateLastChunkTransfer</name>
         <load_address>0x70049150</load_address>
         <readonly>true</readonly>
         <executable>true</executable>
         <run_address>0x70049150</run_address>
         <size>0xf2</size>
         <alignment>0x10</alignment>
         <input_file_ref idref="fl-39"/>
      </object_component>
      <object_component id="oc-4b2">
         <name>.text.MCSPI_setPeripheralFifoConfig</name>
         <load_address>0x70049250</load_address>
         <readonly>true</readonly>
         <executable>true</executable>
         <run_address>0x70049250</run_address>
         <size>0xf0</size>
         <alignment>0x10</alignment>
         <input_file_ref idref="fl-39"/>
      </object_component>
      <object_component id="oc-1f5">
         <name>.text.AddrTranslateP_getLocalAddr</name>
         <load_address>0x70049340</load_address>
         <readonly>true</readonly>
         <executable>true</executable>
         <run_address>0x70049340</run_address>
         <size>0xea</size>
         <alignment>0x10</alignment>
         <input_file_ref idref="fl-e4"/>
      </object_component>
      <object_component id="oc-342">
         <name>.text.SOC_rcmGetCoreFout</name>
         <load_address>0x70049430</load_address>
         <readonly>true</readonly>
         <executable>true</executable>
         <run_address>0x70049430</run_address>
         <size>0xe6</size>
         <alignment>0x10</alignment>
         <input_file_ref idref="fl-37"/>
      </object_component>
      <object_component id="oc-3f4">
         <name>.text.SOC_rcmGetPerFout</name>
         <load_address>0x70049520</load_address>
         <readonly>true</readonly>
         <executable>true</executable>
         <run_address>0x70049520</run_address>
         <size>0xe6</size>
         <alignment>0x10</alignment>
         <input_file_ref idref="fl-37"/>
      </object_component>
      <object_component id="oc-3ed">
         <name>.text.EDMA_freeChannelRegion</name>
         <load_address>0x70049610</load_address>
         <readonly>true</readonly>
         <executable>true</executable>
         <run_address>0x70049610</run_address>
         <size>0xe4</size>
         <alignment>0x10</alignment>
         <input_file_ref idref="fl-32"/>
      </object_component>
      <object_component id="oc-3f0">
         <name>.text.EDMA_freeParam</name>
         <load_address>0x70049700</load_address>
         <readonly>true</readonly>
         <executable>true</executable>
         <run_address>0x70049700</run_address>
         <size>0xe2</size>
         <alignment>0x10</alignment>
         <input_file_ref idref="fl-32"/>
      </object_component>
      <object_component id="oc-3ee">
         <name>.text.EDMA_freeDmaChannel</name>
         <load_address>0x700497f0</load_address>
         <readonly>true</readonly>
         <executable>true</executable>
         <run_address>0x700497f0</run_address>
         <size>0xe0</size>
         <alignment>0x10</alignment>
         <input_file_ref idref="fl-32"/>
      </object_component>
      <object_component id="oc-3ef">
         <name>.text.EDMA_freeTcc</name>
         <load_address>0x700498d0</load_address>
         <readonly>true</readonly>
         <executable>true</executable>
         <run_address>0x700498d0</run_address>
         <size>0xe0</size>
         <alignment>0x10</alignment>
         <input_file_ref idref="fl-32"/>
      </object_component>
      <object_component id="oc-385">
         <name>.text.UART_intrEnable</name>
         <load_address>0x700499b0</load_address>
         <readonly>true</readonly>
         <executable>true</executable>
         <run_address>0x700499b0</run_address>
         <size>0xde</size>
         <alignment>0x10</alignment>
         <input_file_ref idref="fl-38"/>
      </object_component>
      <object_component id="oc-400">
         <name>.text.MCSPI_setClkConfig</name>
         <load_address>0x70049a90</load_address>
         <readonly>true</readonly>
         <executable>true</executable>
         <run_address>0x70049a90</run_address>
         <size>0xdc</size>
         <alignment>0x10</alignment>
         <input_file_ref idref="fl-39"/>
      </object_component>
      <object_component id="oc-36d">
         <name>.text.MCSPI_stop</name>
         <load_address>0x70049b70</load_address>
         <readonly>true</readonly>
         <executable>true</executable>
         <run_address>0x70049b70</run_address>
         <size>0xda</size>
         <alignment>0x10</alignment>
         <input_file_ref idref="fl-39"/>
      </object_component>
      <object_component id="oc-33b">
         <name>.text.UART_intrDisable</name>
         <load_address>0x70049c50</load_address>
         <readonly>true</readonly>
         <executable>true</executable>
         <run_address>0x70049c50</run_address>
         <size>0xda</size>
         <alignment>0x10</alignment>
         <input_file_ref idref="fl-38"/>
      </object_component>
      <object_component id="oc-3cd">
         <name>.text.MCSPI_edmaIsrTx</name>
         <load_address>0x70049d30</load_address>
         <readonly>true</readonly>
         <executable>true</executable>
         <run_address>0x70049d30</run_address>
         <size>0xd8</size>
         <alignment>0x10</alignment>
         <input_file_ref idref="fl-3a"/>
      </object_component>
      <object_component id="oc-434">
         <name>.text.EDMA_disableChInShadowRegRegion</name>
         <load_address>0x70049e10</load_address>
         <readonly>true</readonly>
         <executable>true</executable>
         <run_address>0x70049e10</run_address>
         <size>0xce</size>
         <alignment>0x10</alignment>
         <input_file_ref idref="fl-32"/>
      </object_component>
      <object_component id="oc-406">
         <name>.text.EDMA_enableChInShadowRegRegion</name>
         <load_address>0x70049ee0</load_address>
         <readonly>true</readonly>
         <executable>true</executable>
         <run_address>0x70049ee0</run_address>
         <size>0xcc</size>
         <alignment>0x10</alignment>
         <input_file_ref idref="fl-32"/>
      </object_component>
      <object_component id="oc-4b6">
         <name>.text.MCSPI_transferPeripheralPoll</name>
         <load_address>0x70049fb0</load_address>
         <readonly>true</readonly>
         <executable>true</executable>
         <run_address>0x70049fb0</run_address>
         <size>0xc8</size>
         <alignment>0x10</alignment>
         <input_file_ref idref="fl-39"/>
      </object_component>
      <object_component id="oc-506">
         <name>.text.getdevice</name>
         <load_address>0x7004a078</load_address>
         <readonly>true</readonly>
         <executable>true</executable>
         <run_address>0x7004a078</run_address>
         <size>0xc8</size>
         <alignment>0x4</alignment>
         <input_file_ref idref="fl-d9"/>
      </object_component>
      <object_component id="oc-408">
         <name>.text.EDMA_mapChToEvtQ</name>
         <load_address>0x7004a140</load_address>
         <readonly>true</readonly>
         <executable>true</executable>
         <run_address>0x7004a140</run_address>
         <size>0xc4</size>
         <alignment>0x10</alignment>
         <input_file_ref idref="fl-32"/>
      </object_component>
      <object_component id="oc-33a">
         <name>.text.UART_flushTxFifo</name>
         <load_address>0x7004a210</load_address>
         <readonly>true</readonly>
         <executable>true</executable>
         <run_address>0x7004a210</run_address>
         <size>0xc4</size>
         <alignment>0x10</alignment>
         <input_file_ref idref="fl-38"/>
      </object_component>
      <object_component id="oc-2e8">
         <name>.text.MCSPI_lld_peripheralIsr</name>
         <load_address>0x7004a2e0</load_address>
         <readonly>true</readonly>
         <executable>true</executable>
         <run_address>0x7004a2e0</run_address>
         <size>0xc2</size>
         <alignment>0x10</alignment>
         <input_file_ref idref="fl-39"/>
      </object_component>
      <object_component id="oc-430">
         <name>.text.UART_writePolling</name>
         <load_address>0x7004a3b0</load_address>
         <readonly>true</readonly>
         <executable>true</executable>
         <run_address>0x7004a3b0</run_address>
         <size>0xc2</size>
         <alignment>0x10</alignment>
         <input_file_ref idref="fl-38"/>
      </object_component>
      <object_component id="oc-3cc">
         <name>.text.EDMA_configureChannelRegion</name>
         <load_address>0x7004a480</load_address>
         <readonly>true</readonly>
         <executable>true</executable>
         <run_address>0x7004a480</run_address>
         <size>0xc0</size>
         <alignment>0x10</alignment>
         <input_file_ref idref="fl-32"/>
      </object_component>
      <object_component id="oc-3ad">
         <name>.text.SOC_rcmGetPerHSDivOut</name>
         <load_address>0x7004a540</load_address>
         <readonly>true</readonly>
         <executable>true</executable>
         <run_address>0x7004a540</run_address>
         <size>0xc0</size>
         <alignment>0x10</alignment>
         <input_file_ref idref="fl-37"/>
      </object_component>
      <object_component id="oc-393">
         <name>.text._out_rev</name>
         <load_address>0x7004a600</load_address>
         <readonly>true</readonly>
         <executable>true</executable>
         <run_address>0x7004a600</run_address>
         <size>0xc0</size>
         <alignment>0x10</alignment>
         <input_file_ref idref="fl-28"/>
      </object_component>
      <object_component id="oc-1c9">
         <name>.text.ClockP_timerTickIsr</name>
         <load_address>0x7004a6c0</load_address>
         <readonly>true</readonly>
         <executable>true</executable>
         <run_address>0x7004a6c0</run_address>
         <size>0xbe</size>
         <alignment>0x10</alignment>
         <input_file_ref idref="fl-21"/>
      </object_component>
      <object_component id="oc-28d">
         <name>.text.SOC_xbarSelectInterruptXBarInputSource</name>
         <load_address>0x7004a780</load_address>
         <readonly>true</readonly>
         <executable>true</executable>
         <run_address>0x7004a780</run_address>
         <size>0xbe</size>
         <alignment>0x10</alignment>
         <input_file_ref idref="fl-4"/>
      </object_component>
      <object_component id="oc-248">
         <name>.text.EPWM_setFallingEdgeDeadBandDelayInput</name>
         <load_address>0x7004a840</load_address>
         <readonly>true</readonly>
         <executable>true</executable>
         <run_address>0x7004a840</run_address>
         <size>0xbc</size>
         <alignment>0x10</alignment>
         <input_file_ref idref="fl-4"/>
      </object_component>
      <object_component id="oc-2a0">
         <name>.text.ClockP_stop</name>
         <load_address>0x7004a900</load_address>
         <readonly>true</readonly>
         <executable>true</executable>
         <run_address>0x7004a900</run_address>
         <size>0xba</size>
         <alignment>0x10</alignment>
         <input_file_ref idref="fl-21"/>
      </object_component>
      <object_component id="oc-21e">
         <name>.text.EPWM_setCounterCompareShadowLoadMode</name>
         <load_address>0x7004a9c0</load_address>
         <readonly>true</readonly>
         <executable>true</executable>
         <run_address>0x7004a9c0</run_address>
         <size>0xba</size>
         <alignment>0x10</alignment>
         <input_file_ref idref="fl-4"/>
      </object_component>
      <object_component id="oc-3d3">
         <name>.text.MCSPI_fifoRead</name>
         <load_address>0x7004aa80</load_address>
         <readonly>true</readonly>
         <executable>true</executable>
         <run_address>0x7004aa80</run_address>
         <size>0xb6</size>
         <alignment>0x10</alignment>
         <input_file_ref idref="fl-39"/>
      </object_component>
      <object_component id="oc-486">
         <name>.text.__TI_closefile</name>
         <load_address>0x7004ab38</load_address>
         <readonly>true</readonly>
         <executable>true</executable>
         <run_address>0x7004ab38</run_address>
         <size>0xb4</size>
         <alignment>0x4</alignment>
         <input_file_ref idref="fl-5b"/>
      </object_component>
      <object_component id="oc-464">
         <name>.text.fseeko</name>
         <load_address>0x7004abec</load_address>
         <readonly>true</readonly>
         <executable>true</executable>
         <run_address>0x7004abec</run_address>
         <size>0xb4</size>
         <alignment>0x4</alignment>
         <input_file_ref idref="fl-57"/>
      </object_component>
      <object_component id="oc-2c4">
         <name>.text.SOC_rcmSetPeripheralClock</name>
         <load_address>0x7004aca0</load_address>
         <readonly>true</readonly>
         <executable>true</executable>
         <run_address>0x7004aca0</run_address>
         <size>0xb0</size>
         <alignment>0x10</alignment>
         <input_file_ref idref="fl-37"/>
      </object_component>
      <object_component id="oc-17f">
         <name>.text.UART_init</name>
         <load_address>0x7004ad50</load_address>
         <readonly>true</readonly>
         <executable>true</executable>
         <run_address>0x7004ad50</run_address>
         <size>0xb0</size>
         <alignment>0x10</alignment>
         <input_file_ref idref="fl-38"/>
      </object_component>
      <object_component id="oc-440">
         <name>.text.PMIC_mcspiReadRegister</name>
         <load_address>0x7004ae00</load_address>
         <readonly>true</readonly>
         <executable>true</executable>
         <run_address>0x7004ae00</run_address>
         <size>0xac</size>
         <alignment>0x10</alignment>
         <input_file_ref idref="fl-3c"/>
      </object_component>
      <object_component id="oc-182">
         <name>.text.Drivers_mcspiOpen</name>
         <load_address>0x7004aeb0</load_address>
         <readonly>true</readonly>
         <executable>true</executable>
         <run_address>0x7004aeb0</run_address>
         <size>0xaa</size>
         <alignment>0x10</alignment>
         <input_file_ref idref="fl-4"/>
      </object_component>
      <object_component id="oc-185">
         <name>.text.Drivers_uartOpen</name>
         <load_address>0x7004af60</load_address>
         <readonly>true</readonly>
         <executable>true</executable>
         <run_address>0x7004af60</run_address>
         <size>0xaa</size>
         <alignment>0x10</alignment>
         <input_file_ref idref="fl-4"/>
      </object_component>
      <object_component id="oc-2a5">
         <name>.text.EDMA_close</name>
         <load_address>0x7004b010</load_address>
         <readonly>true</readonly>
         <executable>true</executable>
         <run_address>0x7004b010</run_address>
         <size>0xaa</size>
         <alignment>0x10</alignment>
         <input_file_ref idref="fl-32"/>
      </object_component>
      <object_component id="oc-479">
         <name>.text.UART_fifoWrite</name>
         <load_address>0x7004b0c0</load_address>
         <readonly>true</readonly>
         <executable>true</executable>
         <run_address>0x7004b0c0</run_address>
         <size>0xaa</size>
         <alignment>0x10</alignment>
         <input_file_ref idref="fl-38"/>
      </object_component>
      <object_component id="oc-1fa">
         <name>.text.Board_pmicOpen</name>
         <load_address>0x7004b170</load_address>
         <readonly>true</readonly>
         <executable>true</executable>
         <run_address>0x7004b170</run_address>
         <size>0xa8</size>
         <alignment>0x10</alignment>
         <input_file_ref idref="fl-8"/>
      </object_component>
      <object_component id="oc-2a1">
         <name>.text.ClockP_addToList</name>
         <load_address>0x7004b220</load_address>
         <readonly>true</readonly>
         <executable>true</executable>
         <run_address>0x7004b220</run_address>
         <size>0xa8</size>
         <alignment>0x10</alignment>
         <input_file_ref idref="fl-21"/>
      </object_component>
      <object_component id="oc-1a3">
         <name>.text.ClockP_destruct</name>
         <load_address>0x7004b2d0</load_address>
         <readonly>true</readonly>
         <executable>true</executable>
         <run_address>0x7004b2d0</run_address>
         <size>0xa8</size>
         <alignment>0x10</alignment>
         <input_file_ref idref="fl-21"/>
      </object_component>
      <object_component id="oc-d8">
         <name>.text.pmu</name>
         <load_address>0x7004b380</load_address>
         <readonly>true</readonly>
         <executable>true</executable>
         <run_address>0x7004b380</run_address>
         <size>0xa8</size>
         <alignment>0x10</alignment>
         <input_file_ref idref="fl-29"/>
      </object_component>
      <object_component id="oc-181">
         <name>.text.Drivers_edmaOpen</name>
         <load_address>0x7004b430</load_address>
         <readonly>true</readonly>
         <executable>true</executable>
         <run_address>0x7004b430</run_address>
         <size>0xa6</size>
         <alignment>0x10</alignment>
         <input_file_ref idref="fl-4"/>
      </object_component>
      <object_component id="oc-25e">
         <name>.text.EPWM_setADCTriggerEventPrescale</name>
         <load_address>0x7004b4e0</load_address>
         <readonly>true</readonly>
         <executable>true</executable>
         <run_address>0x7004b4e0</run_address>
         <size>0xa6</size>
         <alignment>0x10</alignment>
         <input_file_ref idref="fl-4"/>
      </object_component>
      <object_component id="oc-4bb">
         <name>.text.split</name>
         <load_address>0x7004b588</load_address>
         <readonly>true</readonly>
         <executable>true</executable>
         <run_address>0x7004b588</run_address>
         <size>0xa4</size>
         <alignment>0x4</alignment>
         <input_file_ref idref="fl-52"/>
      </object_component>
      <object_component id="oc-4a7">
         <name>.text.HOSTrename</name>
         <load_address>0x7004b62c</load_address>
         <readonly>true</readonly>
         <executable>true</executable>
         <run_address>0x7004b62c</run_address>
         <size>0xa0</size>
         <alignment>0x4</alignment>
         <input_file_ref idref="fl-7e"/>
      </object_component>
      <object_component id="oc-441">
         <name>.text.PMIC_mcspiWriteRegister</name>
         <load_address>0x7004b6d0</load_address>
         <readonly>true</readonly>
         <executable>true</executable>
         <run_address>0x7004b6d0</run_address>
         <size>0xa0</size>
         <alignment>0x10</alignment>
         <input_file_ref idref="fl-3c"/>
      </object_component>
      <object_component id="oc-2bb">
         <name>.text.SOC_rcmGetCoreHSDivOut</name>
         <load_address>0x7004b770</load_address>
         <readonly>true</readonly>
         <executable>true</executable>
         <run_address>0x7004b770</run_address>
         <size>0xa0</size>
         <alignment>0x10</alignment>
         <input_file_ref idref="fl-37"/>
      </object_component>
      <object_component id="oc-418">
         <name>.text.__TI_wrt_ok</name>
         <load_address>0x7004b810</load_address>
         <readonly>true</readonly>
         <executable>true</executable>
         <run_address>0x7004b810</run_address>
         <size>0x9c</size>
         <alignment>0x4</alignment>
         <input_file_ref idref="fl-4d"/>
      </object_component>
      <object_component id="oc-49f">
         <name>.text.HOSTlseek</name>
         <load_address>0x7004b8ac</load_address>
         <readonly>true</readonly>
         <executable>true</executable>
         <run_address>0x7004b8ac</run_address>
         <size>0x98</size>
         <alignment>0x4</alignment>
         <input_file_ref idref="fl-7b"/>
      </object_component>
      <object_component id="oc-e5">
         <name>.text.MCSPI_init</name>
         <load_address>0x7004b950</load_address>
         <readonly>true</readonly>
[...]
      <symbol id="sm-66c">
         <name>SOC_getSelfCpuClk</name>
         <value>0x700519d1</value>
         <object_component_ref idref="oc-d3"/>
      </symbol>
      <symbol id="sm-66d">
         <name>SOC_setEpwmTbClk</name>
         <value>0x7004d671</value>
         <object_component_ref idref="oc-ef"/>
      </symbol>
      <symbol id="sm-66e">
         <name>SOC_setEpwmGroup</name>
         <value>0x7004d7c1</value>
         <object_component_ref idref="oc-f0"/>
      </symbol>
      <symbol id="sm-66f">
         <name>virtToPhymap</name>
         <value>0x70054da0</value>
      </symbol>
      <symbol id="sm-670">
         <name>SOC_virtToPhy</name>
         <value>0x70043c81</value>
         <object_component_ref idref="oc-4e9"/>
      </symbol>
      <symbol id="sm-671">
         <name>isMapAvailable</name>
         <value>0x700627ac</value>
         <object_component_ref idref="oc-4fa"/>
      </symbol>
      <symbol id="sm-6e1">
         <name>SOC_rcmIsR5FInLockStepMode</name>
         <value>0x7004d9f1</value>
         <object_component_ref idref="oc-501"/>
      </symbol>
      <symbol id="sm-6e2">
         <name>SOC_rcmGetPeripheralClockFrequency</name>
         <value>0x700485a1</value>
         <object_component_ref idref="oc-349"/>
      </symbol>
      <symbol id="sm-6e3">
         <name>gPeripheralClkSrcInfoMap</name>
         <value>0x70052e68</value>
         <object_component_ref idref="oc-3ac"/>
      </symbol>
      <symbol id="sm-6e4">
         <name>gXTALInfo</name>
         <value>0x70053344</value>
         <object_component_ref idref="oc-2ba"/>
      </symbol>
      <symbol id="sm-6e5">
         <name>gADPLLJConfigTbl</name>
         <value>0x70052308</value>
         <object_component_ref idref="oc-3f3"/>
      </symbol>
      <symbol id="sm-6e6">
         <name>gCR5ClkSrcInfoMap</name>
         <value>0x7005336c</value>
         <object_component_ref idref="oc-2b9"/>
      </symbol>
      <symbol id="sm-6e7">
         <name>SOC_rcmSetPeripheralClock</name>
         <value>0x7004aca1</value>
         <object_component_ref idref="oc-2c4"/>
      </symbol>
      <symbol id="sm-6e8">
         <name>SOC_rcmEnablePeripheralClock</name>
         <value>0x70041de1</value>
         <object_component_ref idref="oc-2c3"/>
      </symbol>
      <symbol id="sm-6e9">
         <name>SOC_rcmGetR5Clock</name>
         <value>0x7004d981</value>
         <object_component_ref idref="oc-14e"/>
      </symbol>
      <symbol id="sm-7b0">
         <name>UART_init</name>
         <value>0x7004ad51</value>
         <object_component_ref idref="oc-17f"/>
      </symbol>
      <symbol id="sm-7b1">
         <name>UART_deinit</name>
         <value>0x70050b21</value>
         <object_component_ref idref="oc-121"/>
      </symbol>
      <symbol id="sm-7b2">
         <name>UART_open</name>
         <value>0x700444c1</value>
         <object_component_ref idref="oc-290"/>
      </symbol>
      <symbol id="sm-7b3">
         <name>UART_close</name>
         <value>0x70046df1</value>
         <object_component_ref idref="oc-2a4"/>
      </symbol>
      <symbol id="sm-7b4">
         <name>UART_flushTxFifo</name>
         <value>0x7004a211</value>
         <object_component_ref idref="oc-33a"/>
      </symbol>
      <symbol id="sm-7b5">
         <name>UART_getHandle</name>
         <value>0x7004efd1</value>
         <object_component_ref idref="oc-3e9"/>
      </symbol>
      <symbol id="sm-7b6">
         <name>UART_write</name>
         <value>0x70045911</value>
         <object_component_ref idref="oc-3eb"/>
      </symbol>
      <symbol id="sm-869">
         <name>MCSPI_lld_init</name>
         <value>0x70047be1</value>
         <object_component_ref idref="oc-2e5"/>
      </symbol>
      <symbol id="sm-86a">
         <name>MCSPI_lld_deInit</name>
         <value>0x70050261</value>
         <object_component_ref idref="oc-337"/>
      </symbol>
      <symbol id="sm-86b">
         <name>MCSPI_reset</name>
         <value>0x700503a1</value>
         <object_component_ref idref="oc-398"/>
      </symbol>
      <symbol id="sm-86c">
         <name>MCSPI_lld_initDma</name>
         <value>0x70046911</value>
         <object_component_ref idref="oc-2e0"/>
      </symbol>
      <symbol id="sm-86d">
         <name>MCSPI_lld_deInitDma</name>
         <value>0x7004ce71</value>
         <object_component_ref idref="oc-335"/>
      </symbol>
      <symbol id="sm-86e">
         <name>MCSPI_setChDataSize</name>
         <value>0x7004caf1</value>
         <object_component_ref idref="oc-4af"/>
      </symbol>
      <symbol id="sm-86f">
         <name>MCSPI_stop</name>
         <value>0x70049b71</value>
         <object_component_ref idref="oc-36d"/>
      </symbol>
      <symbol id="sm-870">
         <name>MCSPI_lld_readWrite</name>
         <value>0x70045ec1</value>
         <object_component_ref idref="oc-47e"/>
      </symbol>
      <symbol id="sm-871">
         <name>MCSPI_lld_readWriteIntr</name>
         <value>0x70046411</value>
         <object_component_ref idref="oc-47b"/>
      </symbol>
      <symbol id="sm-872">
         <name>MCSPI_lld_readWriteDma</name>
         <value>0x70046f81</value>
         <object_component_ref idref="oc-47c"/>
      </symbol>
      <symbol id="sm-873">
         <name>MCSPI_lld_controllerIsr</name>
         <value>0x7004c501</value>
         <object_component_ref idref="oc-2e7"/>
      </symbol>
      <symbol id="sm-874">
         <name>MCSPI_lld_peripheralIsr</name>
         <value>0x7004a2e1</value>
         <object_component_ref idref="oc-2e8"/>
      </symbol>
      <symbol id="sm-89a">
         <name>MCSPI_lld_dmaInit</name>
         <value>0x70050361</value>
         <object_component_ref idref="oc-360"/>
      </symbol>
      <symbol id="sm-89b">
         <name>MCSPI_lld_dmaChInit</name>
         <value>0x70044231</value>
         <object_component_ref idref="oc-369"/>
      </symbol>
      <symbol id="sm-89c">
         <name>MCSPI_lld_dmaStop</name>
         <value>0x70048b41</value>
         <object_component_ref idref="oc-40c"/>
      </symbol>
      <symbol id="sm-89d">
         <name>MCSPI_lld_dmaDeInit</name>
         <value>0x700452b1</value>
         <object_component_ref idref="oc-399"/>
      </symbol>
      <symbol id="sm-89e">
         <name>MCSPI_lld_dmaTransfer</name>
         <value>0x700454f1</value>
         <object_component_ref idref="oc-4b4"/>
      </symbol>
      <symbol id="sm-8b5">
         <name>UART_dmaOpen</name>
         <value>0x7004d3d1</value>
         <object_component_ref idref="oc-323"/>
      </symbol>
      <symbol id="sm-8b6">
         <name>UART_dmaClose</name>
         <value>0x7004cb71</value>
         <object_component_ref idref="oc-33e"/>
      </symbol>
      <symbol id="sm-8b7">
         <name>UART_dmaDisableChannel</name>
         <value>0x7004c9f1</value>
         <object_component_ref idref="oc-456"/>
      </symbol>
      <symbol id="sm-8b8">
         <name>UART_writeInterruptDma</name>
         <value>0x7004e781</value>
         <object_component_ref idref="oc-42e"/>
      </symbol>
      <symbol id="sm-8d6">
         <name>PMIC_tps653860xxOpen</name>
         <value>0x7004e3e1</value>
         <object_component_ref idref="oc-3f6"/>
      </symbol>
      <symbol id="sm-8d7">
         <name>PMIC_tps653860xxConfigure</name>
         <value>0x70048d61</value>
         <object_component_ref idref="oc-3fa"/>
      </symbol>
      <symbol id="sm-8d8">
         <name>gPmicMcspiTxBuffer</name>
         <value>0x70054dd8</value>
      </symbol>
      <symbol id="sm-8d9">
         <name>gPmicMcspiRxBuffer</name>
         <value>0x70054dd4</value>
      </symbol>
      <symbol id="sm-8da">
         <name>PMIC_mcspiReadRegister</name>
         <value>0x7004ae01</value>
         <object_component_ref idref="oc-440"/>
      </symbol>
      <symbol id="sm-8db">
         <name>PMIC_mcspiWriteRegister</name>
         <value>0x7004b6d1</value>
         <object_component_ref idref="oc-441"/>
      </symbol>
      <symbol id="sm-8dc">
         <name>PMIC_tps653860xxClose</name>
         <value>0x70050af1</value>
         <object_component_ref idref="oc-3fb"/>
      </symbol>
      <symbol id="sm-8dd">
         <name>PMIC_calcCRC8</name>
         <value>0x7004c3e1</value>
         <object_component_ref idref="oc-45d"/>
      </symbol>
      <symbol id="sm-8de">
         <name>gPmicFxns_TPS653860xx</name>
         <value>0x7006271c</value>
         <object_component_ref idref="oc-3bd"/>
      </symbol>
      <symbol id="sm-8eb">
         <name>PMIC_open</name>
         <value>0x7004da61</value>
         <object_component_ref idref="oc-2cb"/>
      </symbol>
      <symbol id="sm-8ec">
         <name>PMIC_configure</name>
         <value>0x700502a1</value>
         <object_component_ref idref="oc-1fc"/>
      </symbol>
      <symbol id="sm-8ed">
         <name>PMIC_close</name>
         <value>0x700509a1</value>
         <object_component_ref idref="oc-2a2"/>
      </symbol>
      <symbol id="sm-8fb">
         <name>fputc</name>
         <value>0x70049058</value>
         <object_component_ref idref="oc-3e4"/>
      </symbol>
      <symbol id="sm-8fc">
         <name>putchar</name>
         <value>0x70051fc0</value>
         <object_component_ref idref="oc-38a"/>
      </symbol>
      <symbol id="sm-906">
         <name>__TI_wrt_ok</name>
         <value>0x7004b810</value>
         <object_component_ref idref="oc-418"/>
      </symbol>
      <symbol id="sm-910">
         <name>setvbuf</name>
         <value>0x70047940</value>
         <object_component_ref idref="oc-449"/>
      </symbol>
      <symbol id="sm-91e">
         <name>abort</name>
         <value>0x70062160</value>
         <object_component_ref idref="oc-ac"/>
      </symbol>
      <symbol id="sm-91f">
         <name>C$$EXIT</name>
         <value>0x70062160</value>
         <object_component_ref idref="oc-ac"/>
      </symbol>
      <symbol id="sm-920">
         <name>__TI_cleanup_ptr</name>
         <value>0x70062734</value>
         <object_component_ref idref="oc-12c"/>
      </symbol>
      <symbol id="sm-921">
         <name>__TI_dtors_ptr</name>
         <value>0x70062738</value>
         <object_component_ref idref="oc-12c"/>
      </symbol>
      <symbol id="sm-922">
         <name>exit</name>
         <value>0x7004e7d4</value>
         <object_component_ref idref="oc-b1"/>
      </symbol>
      <symbol id="sm-92b">
         <name>_nop</name>
         <value>0x70041dd8</value>
         <object_component_ref idref="oc-1ae"/>
      </symbol>
      <symbol id="sm-92c">
         <name>_lock</name>
         <value>0x70062770</value>
         <object_component_ref idref="oc-12a"/>
      </symbol>
      <symbol id="sm-92d">
         <name>_unlock</name>
         <value>0x70062774</value>
         <object_component_ref idref="oc-12d"/>
      </symbol>
      <symbol id="sm-932">
         <name>_ftable</name>
         <value>0x70062168</value>
         <object_component_ref idref="oc-3e5"/>
      </symbol>
      <symbol id="sm-933">
         <name>__TI_ft_end</name>
         <value>0x70062764</value>
         <object_component_ref idref="oc-48c"/>
      </symbol>
      <symbol id="sm-934">
         <name>__TI_tmpnams</name>
         <value>0x70054ba4</value>
         <object_component_ref idref="oc-4c5"/>
      </symbol>
      <symbol id="sm-954">
         <name>malloc</name>
         <value>0x70043c74</value>
         <object_component_ref idref="oc-46a"/>
      </symbol>
      <symbol id="sm-955">
         <name>aligned_alloc</name>
         <value>0x7004625c</value>
         <object_component_ref idref="oc-485"/>
      </symbol>
      <symbol id="sm-956">
         <name>free</name>
         <value>0x700465c0</value>
         <object_component_ref idref="oc-468"/>
      </symbol>
      <symbol id="sm-957">
         <name>_sys_memory</name>
         <value>0x70054de0</value>
         <object_component_ref idref="oc-49"/>
      </symbol>
      <symbol id="sm-958">
         <name>memalign</name>
         <value>0x7004625c</value>
         <object_component_ref idref="oc-485"/>
      </symbol>
      <symbol id="sm-963">
         <name>__TI_auto_init_nobinit_nopinit</name>
         <value>0x7004e5a0</value>
         <object_component_ref idref="oc-8c"/>
      </symbol>
      <symbol id="sm-96e">
         <name>__TI_doflush</name>
         <value>0x7004c22c</value>
         <object_component_ref idref="oc-422"/>
      </symbol>
      <symbol id="sm-979">
         <name>__TI_cleanup</name>
         <value>0x7004e498</value>
         <object_component_ref idref="oc-46b"/>
      </symbol>
      <symbol id="sm-986">
         <name>fseek</name>
         <value>0x70041ddc</value>
         <object_component_ref idref="oc-444"/>
      </symbol>
      <symbol id="sm-987">
         <name>fseeko</name>
         <value>0x7004abec</value>
         <object_component_ref idref="oc-464"/>
      </symbol>
      <symbol id="sm-995">
         <name>__TI_closefile</name>
         <value>0x7004ab38</value>
         <object_component_ref idref="oc-486"/>
      </symbol>
      <symbol id="sm-9a7">
         <name>write</name>
         <value>0x700505fc</value>
         <object_component_ref idref="oc-41e"/>
      </symbol>
      <symbol id="sm-9ac">
         <name>_device</name>
         <value>0x70062390</value>
         <object_component_ref idref="oc-474"/>
      </symbol>
      <symbol id="sm-9ad">
         <name>_stream</name>
         <value>0x700624bc</value>
         <object_component_ref idref="oc-44f"/>
      </symbol>
      <symbol id="sm-9b5">
         <name>remove</name>
         <value>0x70042418</value>
         <object_component_ref idref="oc-4c1"/>
      </symbol>
      <symbol id="sm-9c0">
         <name>lseek</name>
         <value>0x700505c8</value>
         <object_component_ref idref="oc-47f"/>
      </symbol>
      <symbol id="sm-9ca">
         <name>close</name>
         <value>0x7004c2b8</value>
         <object_component_ref idref="oc-4bd"/>
      </symbol>
      <symbol id="sm-9d4">
         <name>unlink</name>
         <value>0x7004f608</value>
         <object_component_ref idref="oc-4f1"/>
      </symbol>
      <symbol id="sm-9de">
         <name>HOSTclose</name>
         <value>0x7004dba0</value>
         <object_component_ref idref="oc-493"/>
      </symbol>
      <symbol id="sm-9e8">
         <name>HOSTlseek</name>
         <value>0x7004b8ac</value>
         <object_component_ref idref="oc-49f"/>
      </symbol>
      <symbol id="sm-9f2">
         <name>HOSTopen</name>
         <value>0x7004ba88</value>
         <object_component_ref idref="oc-48f"/>
      </symbol>
      <symbol id="sm-9f3">
         <name>parmbuf</name>
         <value>0x70054db0</value>
         <object_component_ref idref="oc-4cf"/>
      </symbol>
      <symbol id="sm-9fd">
         <name>HOSTread</name>
         <value>0x7004c618</value>
         <object_component_ref idref="oc-497"/>
      </symbol>
      <symbol id="sm-a0e">
         <name>HOSTrename</name>
         <value>0x7004b62c</value>
         <object_component_ref idref="oc-4a7"/>
      </symbol>
      <symbol id="sm-a18">
         <name>HOSTunlink</name>
         <value>0x7004d51c</value>
         <object_component_ref idref="oc-4a3"/>
      </symbol>
      <symbol id="sm-a22">
         <name>HOSTwrite</name>
         <value>0x7004c69c</value>
         <object_component_ref idref="oc-49b"/>
      </symbol>
      <symbol id="sm-a30">
         <name>C$$IO$$</name>
         <value>0x7004e594</value>
         <object_component_ref idref="oc-4c8"/>
      </symbol>
      <symbol id="sm-a31">
         <name>__TI_writemsg</name>
         <value>0x7004e548</value>
         <object_component_ref idref="oc-4c8"/>
      </symbol>
      <symbol id="sm-a32">
         <name>__CIOBUF_</name>
         <value>0x70054a84</value>
         <object_component_ref idref="oc-4f7"/>
      </symbol>
      <symbol id="sm-a33">
         <name>__TI_readmsg</name>
         <value>0x7004e4f0</value>
         <object_component_ref idref="oc-4ce"/>
      </symbol>
      <symbol id="sm-a34">
         <name>_CIOBUF_</name>
         <value>0x70054a84</value>
         <object_component_ref idref="oc-4f7"/>
      </symbol>
      <symbol id="sm-a42">
         <name>finddevice</name>
         <value>0x7004e828</value>
         <object_component_ref idref="oc-516"/>
      </symbol>
      <symbol id="sm-a43">
         <name>getdevice</name>
         <value>0x7004a078</value>
         <object_component_ref idref="oc-506"/>
      </symbol>
      <symbol id="sm-a4e">
         <name>strcmp</name>
         <value>0x70043280</value>
         <object_component_ref idref="oc-51a"/>
      </symbol>
      <symbol id="sm-a58">
         <name>__aeabi_ldiv0</name>
         <value>0x700520c0</value>
         <object_component_ref idref="oc-2bc"/>
      </symbol>
      <symbol id="sm-a5e">
         <name>__aeabi_memcpy</name>
         <value>0x70040d1c</value>
         <object_component_ref idref="oc-13a"/>
      </symbol>
      <symbol id="sm-a5f">
         <name>__aeabi_memcpy4</name>
         <value>0x70040d1c</value>
         <object_component_ref idref="oc-13a"/>
      </symbol>
      <symbol id="sm-a60">
         <name>__aeabi_memcpy8</name>
         <value>0x70040d1c</value>
         <object_component_ref idref="oc-13a"/>
      </symbol>
      <symbol id="sm-a67">
         <name>__aeabi_memclr</name>
         <value>0x70041754</value>
         <object_component_ref idref="oc-85"/>
      </symbol>
      <symbol id="sm-a68">
         <name>__aeabi_memclr4</name>
         <value>0x70041754</value>
         <object_component_ref idref="oc-85"/>
      </symbol>
      <symbol id="sm-a69">
         <name>__aeabi_memclr8</name>
         <value>0x70041754</value>
         <object_component_ref idref="oc-85"/>
      </symbol>
      <symbol id="sm-a6f">
         <name>__aeabi_uldivmod</name>
         <value>0x70051504</value>
         <object_component_ref idref="oc-15a"/>
      </symbol>
      <symbol id="sm-a75">
         <name>__udivmoddi4</name>
         <value>0x700486bc</value>
         <object_component_ref idref="oc-1d3"/>
      </symbol>
      <symbol id="sm-a7d">
         <name>TI_memcpy_small</name>
         <value>0x70051b28</value>
         <object_component_ref idref="oc-2a7"/>
      </symbol>
      <symbol id="sm-a85">
         <name>TI_memset_small</name>
         <value>0x70043268</value>
         <object_component_ref idref="oc-134"/>
      </symbol>
      <symbol id="sm-a8e">
         <name>gAddrTranslateConfig</name>
         <value>0x70062710</value>
         <object_component_ref idref="oc-2c7"/>
      </symbol>
      <symbol id="sm-a8f">
         <name>AddrTranslateP_getLocalAddr</name>
         <value>0x70049341</value>
         <object_component_ref idref="oc-1f5"/>
      </symbol>
      <symbol id="sm-a98">
         <name>CSL_armR5GetCpuID</name>
         <value>0x70051001</value>
         <object_component_ref idref="oc-4fc"/>
      </symbol>
      <symbol id="sm-aa0">
         <name>TaskP_yield</name>
         <value>0x70052101</value>
         <object_component_ref idref="oc-39c"/>
      </symbol>
      <symbol id="sm-aa6">
         <name>CSL_armR5ReadMpidrReg</name>
         <value>0x70043f84</value>
         <object_component_ref idref="oc-50f"/>
      </symbol>
      <symbol id="sm-aa7">
         <name>_system_post_cinit</name>
         <value>0x0</value>
      </symbol>
      <symbol id="sm-aa8">
         <name>__TI_Handler_Table_Limit</name>
         <value>0x0</value>
      </symbol>
      <symbol id="sm-aa9">
         <name>__TI_Handler_Table_Base</name>
         <value>0x0</value>
      </symbol>
      <symbol id="sm-aaa">
         <name>__TI_CINIT_Base</name>
         <value>0x0</value>
      </symbol>
      <symbol id="sm-aab">
         <name>__TI_CINIT_Limit</name>
         <value>0x0</value>
      </symbol>
   </symbol_table>
   <title>Link successful</title>
</link_info>
