<?xml version="1.0" encoding="ISO-8859-1" ?>
<link_info>
   <banner>TI ARM Clang Linker PC v3.2.1.LTS</banner>
   <copyright>Copyright (c) 1996-2018 Texas Instruments Incorporated</copyright>
   <link_time>0x662bd4e3</link_time>
   <link_errors>0x0</link_errors>
   <output_file>C:\dev\bitbucket\c2000\Hero2\epwm_hr_duty_cycle_am263px-cc_r5fss0-0_nortos_ti-arm-clang\Release\epwm_hr_duty_cycle_am263px-cc_r5fss0-0_nortos_ti-arm-clang.out</output_file>
   <entry_point>
      <name>_vectors</name>
      <address>0x0</address>
   </entry_point>
   <input_file_list>
      <input_file id="fl-1">
         <path>C:\dev\bitbucket\c2000\Hero2\epwm_hr_duty_cycle_am263px-cc_r5fss0-0_nortos_ti-arm-clang\Release\.\</path>
         <kind>object</kind>
         <file>epwm_hr_duty_cycle.o</file>
         <name>epwm_hr_duty_cycle.o</name>
      </input_file>
      <input_file id="fl-2">
         <path>C:\dev\bitbucket\c2000\Hero2\epwm_hr_duty_cycle_am263px-cc_r5fss0-0_nortos_ti-arm-clang\Release\.\syscfg\</path>
         <kind>object</kind>
         <file>ti_dpl_config.o</file>
         <name>ti_dpl_config.o</name>
      </input_file>
      <input_file id="fl-3">
         <path>C:\dev\bitbucket\c2000\Hero2\epwm_hr_duty_cycle_am263px-cc_r5fss0-0_nortos_ti-arm-clang\Release\.\syscfg\</path>
         <kind>object</kind>
         <file>ti_drivers_config.o</file>
         <name>ti_drivers_config.o</name>
      </input_file>
      <input_file id="fl-4">
         <path>C:\dev\bitbucket\c2000\Hero2\epwm_hr_duty_cycle_am263px-cc_r5fss0-0_nortos_ti-arm-clang\Release\.\syscfg\</path>
         <kind>object</kind>
         <file>ti_drivers_open_close.o</file>
         <name>ti_drivers_open_close.o</name>
      </input_file>
      <input_file id="fl-5">
         <path>C:\dev\bitbucket\c2000\Hero2\epwm_hr_duty_cycle_am263px-cc_r5fss0-0_nortos_ti-arm-clang\Release\.\syscfg\</path>
         <kind>object</kind>
         <file>ti_pinmux_config.o</file>
         <name>ti_pinmux_config.o</name>
      </input_file>
      <input_file id="fl-6">
         <path>C:\dev\bitbucket\c2000\Hero2\epwm_hr_duty_cycle_am263px-cc_r5fss0-0_nortos_ti-arm-clang\Release\.\syscfg\</path>
         <kind>object</kind>
         <file>ti_power_clock_config.o</file>
         <name>ti_power_clock_config.o</name>
      </input_file>
      <input_file id="fl-7">
         <path>C:\dev\bitbucket\c2000\Hero2\epwm_hr_duty_cycle_am263px-cc_r5fss0-0_nortos_ti-arm-clang\Release\.\syscfg\</path>
         <kind>object</kind>
         <file>ti_board_config.o</file>
         <name>ti_board_config.o</name>
      </input_file>
      <input_file id="fl-8">
         <path>C:\dev\bitbucket\c2000\Hero2\epwm_hr_duty_cycle_am263px-cc_r5fss0-0_nortos_ti-arm-clang\Release\.\syscfg\</path>
         <kind>object</kind>
         <file>ti_board_open_close.o</file>
         <name>ti_board_open_close.o</name>
      </input_file>
      <input_file id="fl-9">
         <path>C:\dev\bitbucket\c2000\Hero2\epwm_hr_duty_cycle_am263px-cc_r5fss0-0_nortos_ti-arm-clang\Release\.\syscfg\</path>
         <kind>object</kind>
         <file>ti_enet_config.o</file>
         <name>ti_enet_config.o</name>
      </input_file>
      <input_file id="fl-a">
         <path>C:\dev\bitbucket\c2000\Hero2\epwm_hr_duty_cycle_am263px-cc_r5fss0-0_nortos_ti-arm-clang\Release\.\syscfg\</path>
         <kind>object</kind>
         <file>ti_enet_open_close.o</file>
         <name>ti_enet_open_close.o</name>
      </input_file>
      <input_file id="fl-b">
         <path>C:\dev\bitbucket\c2000\Hero2\epwm_hr_duty_cycle_am263px-cc_r5fss0-0_nortos_ti-arm-clang\Release\.\syscfg\</path>
         <kind>object</kind>
         <file>ti_enet_soc.o</file>
         <name>ti_enet_soc.o</name>
      </input_file>
      <input_file id="fl-c">
         <path>C:\dev\bitbucket\c2000\Hero2\epwm_hr_duty_cycle_am263px-cc_r5fss0-0_nortos_ti-arm-clang\Release\.\syscfg\</path>
         <kind>object</kind>
         <file>ti_enet_lwipif.o</file>
         <name>ti_enet_lwipif.o</name>
      </input_file>
      <input_file id="fl-d">
         <path>C:\dev\bitbucket\c2000\Hero2\epwm_hr_duty_cycle_am263px-cc_r5fss0-0_nortos_ti-arm-clang\Release\.\</path>
         <kind>object</kind>
         <file>main.o</file>
         <name>main.o</name>
      </input_file>
      <input_file id="fl-1c">
         <path>C:\dev\bitbucket\c2000\Hero2\epwm_hr_duty_cycle_am263px-cc_r5fss0-0_nortos_ti-arm-clang\Release\</path>
         <kind>object</kind>
         <file>&lt;internal&gt;</file>
         <name>&lt;internal&gt;</name>
      </input_file>
      <input_file id="fl-1d">
         <path>C:\ti\mcu_plus_sdk_am263px_09_01_00_20\source\kernel\nortos\lib\</path>
         <kind>archive</kind>
         <file>nortos.am263px.r5f.ti-arm-clang.release.lib</file>
         <name>DebugP_uartLogWriter.obj</name>
      </input_file>
      <input_file id="fl-1e">
         <path>C:\ti\mcu_plus_sdk_am263px_09_01_00_20\source\kernel\nortos\lib\</path>
         <kind>archive</kind>
         <file>nortos.am263px.r5f.ti-arm-clang.release.lib</file>
         <name>DebugP_log.obj</name>
      </input_file>
      <input_file id="fl-1f">
         <path>C:\ti\mcu_plus_sdk_am263px_09_01_00_20\source\kernel\nortos\lib\</path>
         <kind>archive</kind>
         <file>nortos.am263px.r5f.ti-arm-clang.release.lib</file>
         <name>DebugP_nortos.obj</name>
      </input_file>
      <input_file id="fl-20">
         <path>C:\ti\mcu_plus_sdk_am263px_09_01_00_20\source\kernel\nortos\lib\</path>
         <kind>archive</kind>
         <file>nortos.am263px.r5f.ti-arm-clang.release.lib</file>
         <name>SemaphoreP_nortos.obj</name>
      </input_file>
      <input_file id="fl-21">
         <path>C:\ti\mcu_plus_sdk_am263px_09_01_00_20\source\kernel\nortos\lib\</path>
         <kind>archive</kind>
         <file>nortos.am263px.r5f.ti-arm-clang.release.lib</file>
         <name>ClockP_nortos.obj</name>
      </input_file>
      <input_file id="fl-22">
         <path>C:\ti\mcu_plus_sdk_am263px_09_01_00_20\source\kernel\nortos\lib\</path>
         <kind>archive</kind>
         <file>nortos.am263px.r5f.ti-arm-clang.release.lib</file>
         <name>ClockP_nortos_r5.obj</name>
      </input_file>
      <input_file id="fl-23">
         <path>C:\ti\mcu_plus_sdk_am263px_09_01_00_20\source\kernel\nortos\lib\</path>
         <kind>archive</kind>
         <file>nortos.am263px.r5f.ti-arm-clang.release.lib</file>
         <name>TimerP_rti.obj</name>
      </input_file>
      <input_file id="fl-24">
         <path>C:\ti\mcu_plus_sdk_am263px_09_01_00_20\source\kernel\nortos\lib\</path>
         <kind>archive</kind>
         <file>nortos.am263px.r5f.ti-arm-clang.release.lib</file>
         <name>HwiP_armv7r_vim.obj</name>
      </input_file>
      <input_file id="fl-25">
         <path>C:\ti\mcu_plus_sdk_am263px_09_01_00_20\source\kernel\nortos\lib\</path>
         <kind>archive</kind>
         <file>nortos.am263px.r5f.ti-arm-clang.release.lib</file>
         <name>HwiP_armv7r_handlers_nortos.obj</name>
      </input_file>
      <input_file id="fl-26">
         <path>C:\ti\mcu_plus_sdk_am263px_09_01_00_20\source\kernel\nortos\lib\</path>
         <kind>archive</kind>
         <file>nortos.am263px.r5f.ti-arm-clang.release.lib</file>
         <name>MpuP_armv7r.obj</name>
      </input_file>
      <input_file id="fl-27">
         <path>C:\ti\mcu_plus_sdk_am263px_09_01_00_20\source\kernel\nortos\lib\</path>
         <kind>archive</kind>
         <file>nortos.am263px.r5f.ti-arm-clang.release.lib</file>
         <name>CacheP_armv7r.obj</name>
      </input_file>
      <input_file id="fl-28">
         <path>C:\ti\mcu_plus_sdk_am263px_09_01_00_20\source\kernel\nortos\lib\</path>
         <kind>archive</kind>
         <file>nortos.am263px.r5f.ti-arm-clang.release.lib</file>
         <name>printf.obj</name>
      </input_file>
      <input_file id="fl-29">
         <path>C:\ti\mcu_plus_sdk_am263px_09_01_00_20\source\kernel\nortos\lib\</path>
         <kind>archive</kind>
         <file>nortos.am263px.r5f.ti-arm-clang.release.lib</file>
         <name>PmuP_armv7r.obj</name>
      </input_file>
      <input_file id="fl-2a">
         <path>C:\ti\mcu_plus_sdk_am263px_09_01_00_20\source\kernel\nortos\lib\</path>
         <kind>archive</kind>
         <file>nortos.am263px.r5f.ti-arm-clang.release.lib</file>
         <name>HwiP_armv7r_handlers_nortos_asm.obj</name>
      </input_file>
      <input_file id="fl-2b">
         <path>C:\ti\mcu_plus_sdk_am263px_09_01_00_20\source\kernel\nortos\lib\</path>
         <kind>archive</kind>
         <file>nortos.am263px.r5f.ti-arm-clang.release.lib</file>
         <name>HwiP_armv7r_vectors_nortos_asm.obj</name>
      </input_file>
      <input_file id="fl-2c">
         <path>C:\ti\mcu_plus_sdk_am263px_09_01_00_20\source\kernel\nortos\lib\</path>
         <kind>archive</kind>
         <file>nortos.am263px.r5f.ti-arm-clang.release.lib</file>
         <name>boot_armv7r_asm.obj</name>
      </input_file>
      <input_file id="fl-2d">
         <path>C:\ti\mcu_plus_sdk_am263px_09_01_00_20\source\kernel\nortos\lib\</path>
         <kind>archive</kind>
         <file>nortos.am263px.r5f.ti-arm-clang.release.lib</file>
         <name>HwiP_armv7r_asm.obj</name>
      </input_file>
      <input_file id="fl-2e">
         <path>C:\ti\mcu_plus_sdk_am263px_09_01_00_20\source\kernel\nortos\lib\</path>
         <kind>archive</kind>
         <file>nortos.am263px.r5f.ti-arm-clang.release.lib</file>
         <name>MpuP_armv7r_asm.obj</name>
      </input_file>
      <input_file id="fl-2f">
         <path>C:\ti\mcu_plus_sdk_am263px_09_01_00_20\source\kernel\nortos\lib\</path>
         <kind>archive</kind>
         <file>nortos.am263px.r5f.ti-arm-clang.release.lib</file>
         <name>CacheP_armv7r_asm.obj</name>
      </input_file>
      <input_file id="fl-30">
         <path>C:\ti\mcu_plus_sdk_am263px_09_01_00_20\source\kernel\nortos\lib\</path>
         <kind>archive</kind>
         <file>nortos.am263px.r5f.ti-arm-clang.release.lib</file>
         <name>PmuP_armv7r_asm.obj</name>
      </input_file>
      <input_file id="fl-31">
         <path>C:\ti\mcu_plus_sdk_am263px_09_01_00_20\source\kernel\nortos\lib\</path>
         <kind>archive</kind>
         <file>nortos.am263px.r5f.ti-arm-clang.release.lib</file>
         <name>boot_armv7r.obj</name>
      </input_file>
      <input_file id="fl-32">
         <path>C:\ti\mcu_plus_sdk_am263px_09_01_00_20\source\drivers\lib\</path>
         <kind>archive</kind>
         <file>drivers.am263px.r5f.ti-arm-clang.release.lib</file>
         <name>edma.obj</name>
      </input_file>
      <input_file id="fl-33">
         <path>C:\ti\mcu_plus_sdk_am263px_09_01_00_20\source\drivers\lib\</path>
         <kind>archive</kind>
         <file>drivers.am263px.r5f.ti-arm-clang.release.lib</file>
         <name>etpwm.obj</name>
      </input_file>
      <input_file id="fl-34">
         <path>C:\ti\mcu_plus_sdk_am263px_09_01_00_20\source\drivers\lib\</path>
         <kind>archive</kind>
         <file>drivers.am263px.r5f.ti-arm-clang.release.lib</file>
         <name>mcspi_v0.obj</name>
      </input_file>
      <input_file id="fl-35">
         <path>C:\ti\mcu_plus_sdk_am263px_09_01_00_20\source\drivers\lib\</path>
         <kind>archive</kind>
         <file>drivers.am263px.r5f.ti-arm-clang.release.lib</file>
         <name>pinmux.obj</name>
      </input_file>
      <input_file id="fl-36">
         <path>C:\ti\mcu_plus_sdk_am263px_09_01_00_20\source\drivers\lib\</path>
         <kind>archive</kind>
         <file>drivers.am263px.r5f.ti-arm-clang.release.lib</file>
         <name>soc.obj</name>
      </input_file>
      <input_file id="fl-37">
         <path>C:\ti\mcu_plus_sdk_am263px_09_01_00_20\source\drivers\lib\</path>
         <kind>archive</kind>
         <file>drivers.am263px.r5f.ti-arm-clang.release.lib</file>
         <name>soc_rcm.obj</name>
      </input_file>
      <input_file id="fl-38">
         <path>C:\ti\mcu_plus_sdk_am263px_09_01_00_20\source\drivers\lib\</path>
         <kind>archive</kind>
         <file>drivers.am263px.r5f.ti-arm-clang.release.lib</file>
         <name>uart_v0.obj</name>
      </input_file>
      <input_file id="fl-39">
         <path>C:\ti\mcu_plus_sdk_am263px_09_01_00_20\source\drivers\lib\</path>
         <kind>archive</kind>
         <file>drivers.am263px.r5f.ti-arm-clang.release.lib</file>
         <name>mcspi_v0_lld.obj</name>
      </input_file>
      <input_file id="fl-3a">
         <path>C:\ti\mcu_plus_sdk_am263px_09_01_00_20\source\drivers\lib\</path>
         <kind>archive</kind>
         <file>drivers.am263px.r5f.ti-arm-clang.release.lib</file>
         <name>mcspi_dma_edma.obj</name>
      </input_file>
      <input_file id="fl-3b">
         <path>C:\ti\mcu_plus_sdk_am263px_09_01_00_20\source\drivers\lib\</path>
         <kind>archive</kind>
         <file>drivers.am263px.r5f.ti-arm-clang.release.lib</file>
         <name>uart_dma.obj</name>
      </input_file>
      <input_file id="fl-3c">
         <path>C:\ti\mcu_plus_sdk_am263px_09_01_00_20\source\board\lib\</path>
         <kind>archive</kind>
         <file>board.am263px.r5f.ti-arm-clang.release.lib</file>
         <name>pmic_tps653860xx.obj</name>
      </input_file>
      <input_file id="fl-3d">
         <path>C:\ti\mcu_plus_sdk_am263px_09_01_00_20\source\board\lib\</path>
         <kind>archive</kind>
         <file>board.am263px.r5f.ti-arm-clang.release.lib</file>
         <name>pmic.obj</name>
      </input_file>
      <input_file id="fl-4c">
         <path>C:\ti\ccs1260\ccs\tools\compiler\ti-cgt-armllvm_3.2.1.LTS\lib\armv7r-ti-none-eabihf\c\</path>
         <kind>archive</kind>
         <file>libc.a</file>
         <name>fputc.c.obj</name>
      </input_file>
      <input_file id="fl-4d">
         <path>C:\ti\ccs1260\ccs\tools\compiler\ti-cgt-armllvm_3.2.1.LTS\lib\armv7r-ti-none-eabihf\c\</path>
         <kind>archive</kind>
         <file>libc.a</file>
         <name>_io_perm.c.obj</name>
      </input_file>
      <input_file id="fl-4e">
         <path>C:\ti\ccs1260\ccs\tools\compiler\ti-cgt-armllvm_3.2.1.LTS\lib\armv7r-ti-none-eabihf\c\</path>
         <kind>archive</kind>
         <file>libc.a</file>
         <name>setvbuf.c.obj</name>
      </input_file>
      <input_file id="fl-4f">
         <path>C:\ti\ccs1260\ccs\tools\compiler\ti-cgt-armllvm_3.2.1.LTS\lib\armv7r-ti-none-eabihf\c\</path>
         <kind>archive</kind>
         <file>libc.a</file>
         <name>exit.c.obj</name>
      </input_file>
      <input_file id="fl-50">
         <path>C:\ti\ccs1260\ccs\tools\compiler\ti-cgt-armllvm_3.2.1.LTS\lib\armv7r-ti-none-eabihf\c\</path>
         <kind>archive</kind>
         <file>libc.a</file>
         <name>_lock.c.obj</name>
      </input_file>
      <input_file id="fl-51">
         <path>C:\ti\ccs1260\ccs\tools\compiler\ti-cgt-armllvm_3.2.1.LTS\lib\armv7r-ti-none-eabihf\c\</path>
         <kind>archive</kind>
         <file>libc.a</file>
         <name>defs.c.obj</name>
      </input_file>
      <input_file id="fl-52">
         <path>C:\ti\ccs1260\ccs\tools\compiler\ti-cgt-armllvm_3.2.1.LTS\lib\armv7r-ti-none-eabihf\c\</path>
         <kind>archive</kind>
         <file>libc.a</file>
         <name>memory.c.obj</name>
      </input_file>
      <input_file id="fl-53">
         <path>C:\ti\ccs1260\ccs\tools\compiler\ti-cgt-armllvm_3.2.1.LTS\lib\armv7r-ti-none-eabihf\c\</path>
         <kind>archive</kind>
         <file>libc.a</file>
         <name>autoinit.c.obj</name>
      </input_file>
      <input_file id="fl-54">
         <path>C:\ti\ccs1260\ccs\tools\compiler\ti-cgt-armllvm_3.2.1.LTS\lib\armv7r-ti-none-eabihf\c\</path>
         <kind>archive</kind>
         <file>libc.a</file>
         <name>cpy_tbl.c.obj</name>
      </input_file>
      <input_file id="fl-55">
         <path>C:\ti\ccs1260\ccs\tools\compiler\ti-cgt-armllvm_3.2.1.LTS\lib\armv7r-ti-none-eabihf\c\</path>
         <kind>archive</kind>
         <file>libc.a</file>
         <name>fflush.c.obj</name>
      </input_file>
      <input_file id="fl-56">
         <path>C:\ti\ccs1260\ccs\tools\compiler\ti-cgt-armllvm_3.2.1.LTS\lib\armv7r-ti-none-eabihf\c\</path>
         <kind>archive</kind>
         <file>libc.a</file>
         <name>fopen.c.obj</name>
      </input_file>
      <input_file id="fl-57">
         <path>C:\ti\ccs1260\ccs\tools\compiler\ti-cgt-armllvm_3.2.1.LTS\lib\armv7r-ti-none-eabihf\c\</path>
         <kind>archive</kind>
         <file>libc.a</file>
         <name>fseek.c.obj</name>
      </input_file>
      <input_file id="fl-58">
         <path>C:\ti\ccs1260\ccs\tools\compiler\ti-cgt-armllvm_3.2.1.LTS\lib\armv7r-ti-none-eabihf\c\</path>
         <kind>archive</kind>
         <file>libc.a</file>
         <name>aeabi_portable.c.obj</name>
      </input_file>
      <input_file id="fl-59">
         <path>C:\ti\ccs1260\ccs\tools\compiler\ti-cgt-armllvm_3.2.1.LTS\lib\armv7r-ti-none-eabihf\c\</path>
         <kind>archive</kind>
         <file>libc.a</file>
         <name>assert.c.obj</name>
      </input_file>
      <input_file id="fl-5a">
         <path>C:\ti\ccs1260\ccs\tools\compiler\ti-cgt-armllvm_3.2.1.LTS\lib\armv7r-ti-none-eabihf\c\</path>
         <kind>archive</kind>
         <file>libc.a</file>
         <name>sprintf.c.obj</name>
      </input_file>
      <input_file id="fl-5b">
         <path>C:\ti\ccs1260\ccs\tools\compiler\ti-cgt-armllvm_3.2.1.LTS\lib\armv7r-ti-none-eabihf\c\</path>
         <kind>archive</kind>
         <file>libc.a</file>
         <name>fclose.c.obj</name>
      </input_file>
      <input_file id="fl-5c">
         <path>C:\ti\ccs1260\ccs\tools\compiler\ti-cgt-armllvm_3.2.1.LTS\lib\armv7r-ti-none-eabihf\c\</path>
         <kind>archive</kind>
         <file>libc.a</file>
         <name>fputs.c.obj</name>
      </input_file>
      <input_file id="fl-5d">
         <path>C:\ti\ccs1260\ccs\tools\compiler\ti-cgt-armllvm_3.2.1.LTS\lib\armv7r-ti-none-eabihf\c\</path>
         <kind>archive</kind>
         <file>libc.a</file>
         <name>_printfi.c.obj</name>
      </input_file>
      <input_file id="fl-5e">
         <path>C:\ti\ccs1260\ccs\tools\compiler\ti-cgt-armllvm_3.2.1.LTS\lib\armv7r-ti-none-eabihf\c\</path>
         <kind>archive</kind>
         <file>libc.a</file>
         <name>s_frexp.c.obj</name>
      </input_file>
      <input_file id="fl-5f">
         <path>C:\ti\ccs1260\ccs\tools\compiler\ti-cgt-armllvm_3.2.1.LTS\lib\armv7r-ti-none-eabihf\c\</path>
         <kind>archive</kind>
         <file>libc.a</file>
         <name>s_scalbn.c.obj</name>
      </input_file>
      <input_file id="fl-60">
         <path>C:\ti\ccs1260\ccs\tools\compiler\ti-cgt-armllvm_3.2.1.LTS\lib\armv7r-ti-none-eabihf\c\</path>
         <kind>archive</kind>
         <file>libc.a</file>
         <name>_ltoa.c.obj</name>
      </input_file>
      <input_file id="fl-61">
         <path>C:\ti\ccs1260\ccs\tools\compiler\ti-cgt-armllvm_3.2.1.LTS\lib\armv7r-ti-none-eabihf\c\</path>
         <kind>archive</kind>
         <file>libc.a</file>
         <name>atoi.c.obj</name>
      </input_file>
      <input_file id="fl-62">
         <path>C:\ti\ccs1260\ccs\tools\compiler\ti-cgt-armllvm_3.2.1.LTS\lib\armv7r-ti-none-eabihf\c\</path>
         <kind>archive</kind>
         <file>libc.a</file>
         <name>memccpy.c.obj</name>
      </input_file>
      <input_file id="fl-63">
         <path>C:\ti\ccs1260\ccs\tools\compiler\ti-cgt-armllvm_3.2.1.LTS\lib\armv7r-ti-none-eabihf\c\</path>
         <kind>archive</kind>
         <file>libc.a</file>
         <name>wcslen.c.obj</name>
      </input_file>
      <input_file id="fl-64">
         <path>C:\ti\ccs1260\ccs\tools\compiler\ti-cgt-armllvm_3.2.1.LTS\lib\armv7r-ti-none-eabihf\c\</path>
         <kind>archive</kind>
         <file>libc.a</file>
         <name>aeabi_ctype.S.obj</name>
      </input_file>
      <input_file id="fl-73">
         <path>C:\ti\ccs1260\ccs\tools\compiler\ti-cgt-armllvm_3.2.1.LTS\lib\armv7r-ti-none-eabihf\c\</path>
         <kind>archive</kind>
         <file>libsysbm.a</file>
         <name>write.c.obj</name>
      </input_file>
      <input_file id="fl-74">
         <path>C:\ti\ccs1260\ccs\tools\compiler\ti-cgt-armllvm_3.2.1.LTS\lib\armv7r-ti-none-eabihf\c\</path>
         <kind>archive</kind>
         <file>libsysbm.a</file>
         <name>host_device.c.obj</name>
      </input_file>
      <input_file id="fl-75">
         <path>C:\ti\ccs1260\ccs\tools\compiler\ti-cgt-armllvm_3.2.1.LTS\lib\armv7r-ti-none-eabihf\c\</path>
         <kind>archive</kind>
         <file>libsysbm.a</file>
         <name>remove.c.obj</name>
      </input_file>
      <input_file id="fl-76">
         <path>C:\ti\ccs1260\ccs\tools\compiler\ti-cgt-armllvm_3.2.1.LTS\lib\armv7r-ti-none-eabihf\c\</path>
         <kind>archive</kind>
         <file>libsysbm.a</file>
         <name>open.c.obj</name>
      </input_file>
      <input_file id="fl-77">
         <path>C:\ti\ccs1260\ccs\tools\compiler\ti-cgt-armllvm_3.2.1.LTS\lib\armv7r-ti-none-eabihf\c\</path>
         <kind>archive</kind>
         <file>libsysbm.a</file>
         <name>lseek.c.obj</name>
      </input_file>
      <input_file id="fl-78">
         <path>C:\ti\ccs1260\ccs\tools\compiler\ti-cgt-armllvm_3.2.1.LTS\lib\armv7r-ti-none-eabihf\c\</path>
         <kind>archive</kind>
         <file>libsysbm.a</file>
         <name>close.c.obj</name>
      </input_file>
      <input_file id="fl-79">
         <path>C:\ti\ccs1260\ccs\tools\compiler\ti-cgt-armllvm_3.2.1.LTS\lib\armv7r-ti-none-eabihf\c\</path>
         <kind>archive</kind>
         <file>libsysbm.a</file>
         <name>unlink.c.obj</name>
      </input_file>
      <input_file id="fl-7a">
         <path>C:\ti\ccs1260\ccs\tools\compiler\ti-cgt-armllvm_3.2.1.LTS\lib\armv7r-ti-none-eabihf\c\</path>
         <kind>archive</kind>
         <file>libsysbm.a</file>
         <name>hostclose.c.obj</name>
      </input_file>
      <input_file id="fl-7b">
         <path>C:\ti\ccs1260\ccs\tools\compiler\ti-cgt-armllvm_3.2.1.LTS\lib\armv7r-ti-none-eabihf\c\</path>
         <kind>archive</kind>
         <file>libsysbm.a</file>
         <name>hostlseek.c.obj</name>
      </input_file>
      <input_file id="fl-7c">
         <path>C:\ti\ccs1260\ccs\tools\compiler\ti-cgt-armllvm_3.2.1.LTS\lib\armv7r-ti-none-eabihf\c\</path>
         <kind>archive</kind>
         <file>libsysbm.a</file>
         <name>hostopen.c.obj</name>
      </input_file>
      <input_file id="fl-7d">
         <path>C:\ti\ccs1260\ccs\tools\compiler\ti-cgt-armllvm_3.2.1.LTS\lib\armv7r-ti-none-eabihf\c\</path>
         <kind>archive</kind>
         <file>libsysbm.a</file>
         <name>hostread.c.obj</name>
      </input_file>
      <input_file id="fl-7e">
         <path>C:\ti\ccs1260\ccs\tools\compiler\ti-cgt-armllvm_3.2.1.LTS\lib\armv7r-ti-none-eabihf\c\</path>
         <kind>archive</kind>
         <file>libsysbm.a</file>
         <name>hostrename.c.obj</name>
      </input_file>
      <input_file id="fl-7f">
         <path>C:\ti\ccs1260\ccs\tools\compiler\ti-cgt-armllvm_3.2.1.LTS\lib\armv7r-ti-none-eabihf\c\</path>
         <kind>archive</kind>
         <file>libsysbm.a</file>
         <name>hostunlink.c.obj</name>
      </input_file>
      <input_file id="fl-80">
         <path>C:\ti\ccs1260\ccs\tools\compiler\ti-cgt-armllvm_3.2.1.LTS\lib\armv7r-ti-none-eabihf\c\</path>
         <kind>archive</kind>
         <file>libsysbm.a</file>
         <name>hostwrite.c.obj</name>
      </input_file>
      <input_file id="fl-81">
         <path>C:\ti\ccs1260\ccs\tools\compiler\ti-cgt-armllvm_3.2.1.LTS\lib\armv7r-ti-none-eabihf\c\</path>
         <kind>archive</kind>
         <file>libsysbm.a</file>
         <name>trgmsg.c.obj</name>
      </input_file>
      <input_file id="fl-d9">
         <path>C:\ti\ccs1260\ccs\tools\compiler\ti-cgt-armllvm_3.2.1.LTS\lib\armv7r-ti-none-eabihf\c\</path>
         <kind>archive</kind>
         <file>libc.a</file>
         <name>getdevice.c.obj</name>
      </input_file>
      <input_file id="fl-da">
         <path>C:\ti\ccs1260\ccs\tools\compiler\ti-cgt-armllvm_3.2.1.LTS\lib\armv7r-ti-none-eabihf\c\</path>
         <kind>archive</kind>
         <file>libc.a</file>
         <name>strcmp32.S.obj</name>
      </input_file>
      <input_file id="fl-db">
         <path>C:\ti\ccs1260\ccs\tools\compiler\ti-cgt-armllvm_3.2.1.LTS\lib\clang\15.0.7\lib\armv7r-ti-none-eabihf\</path>
         <kind>archive</kind>
         <file>libclang_rt.builtins.a</file>
         <name>divsi3.S.obj</name>
      </input_file>
      <input_file id="fl-dc">
         <path>C:\ti\ccs1260\ccs\tools\compiler\ti-cgt-armllvm_3.2.1.LTS\lib\clang\15.0.7\lib\armv7r-ti-none-eabihf\</path>
         <kind>archive</kind>
         <file>libclang_rt.builtins.a</file>
         <name>udivsi3.S.obj</name>
      </input_file>
      <input_file id="fl-dd">
         <path>C:\ti\ccs1260\ccs\tools\compiler\ti-cgt-armllvm_3.2.1.LTS\lib\clang\15.0.7\lib\armv7r-ti-none-eabihf\</path>
         <kind>archive</kind>
         <file>libclang_rt.builtins.a</file>
         <name>aeabi_div0.c.obj</name>
      </input_file>
      <input_file id="fl-de">
         <path>C:\ti\ccs1260\ccs\tools\compiler\ti-cgt-armllvm_3.2.1.LTS\lib\clang\15.0.7\lib\armv7r-ti-none-eabihf\</path>
         <kind>archive</kind>
         <file>libclang_rt.builtins.a</file>
         <name>aeabi_memcpy.S.obj</name>
      </input_file>
      <input_file id="fl-df">
         <path>C:\ti\ccs1260\ccs\tools\compiler\ti-cgt-armllvm_3.2.1.LTS\lib\clang\15.0.7\lib\armv7r-ti-none-eabihf\</path>
         <kind>archive</kind>
         <file>libclang_rt.builtins.a</file>
         <name>aeabi_memset.S.obj</name>
      </input_file>
      <input_file id="fl-e0">
         <path>C:\ti\ccs1260\ccs\tools\compiler\ti-cgt-armllvm_3.2.1.LTS\lib\clang\15.0.7\lib\armv7r-ti-none-eabihf\</path>
         <kind>archive</kind>
         <file>libclang_rt.builtins.a</file>
         <name>aeabi_uldivmod.S.obj</name>
      </input_file>
      <input_file id="fl-e1">
         <path>C:\ti\ccs1260\ccs\tools\compiler\ti-cgt-armllvm_3.2.1.LTS\lib\clang\15.0.7\lib\armv7r-ti-none-eabihf\</path>
         <kind>archive</kind>
         <file>libclang_rt.builtins.a</file>
         <name>udivmoddi4.S.obj</name>
      </input_file>
      <input_file id="fl-e2">
         <path>C:\ti\ccs1260\ccs\tools\compiler\ti-cgt-armllvm_3.2.1.LTS\lib\armv7r-ti-none-eabihf\c\</path>
         <kind>archive</kind>
         <file>libc.a</file>
         <name>memcpy32.S.obj</name>
      </input_file>
      <input_file id="fl-e3">
         <path>C:\ti\ccs1260\ccs\tools\compiler\ti-cgt-armllvm_3.2.1.LTS\lib\armv7r-ti-none-eabihf\c\</path>
         <kind>archive</kind>
         <file>libc.a</file>
         <name>memset32.S.obj</name>
      </input_file>
      <input_file id="fl-e4">
         <path>C:\ti\mcu_plus_sdk_am263px_09_01_00_20\source\kernel\nortos\lib\</path>
         <kind>archive</kind>
         <file>nortos.am263px.r5f.ti-arm-clang.release.lib</file>
         <name>AddrTranslateP_32bit.obj</name>
      </input_file>
      <input_file id="fl-e5">
         <path>C:\ti\mcu_plus_sdk_am263px_09_01_00_20\source\kernel\nortos\lib\</path>
         <kind>archive</kind>
         <file>nortos.am263px.r5f.ti-arm-clang.release.lib</file>
         <name>CpuId_armv7r.obj</name>
      </input_file>
      <input_file id="fl-e6">
         <path>C:\ti\mcu_plus_sdk_am263px_09_01_00_20\source\kernel\nortos\lib\</path>
         <kind>archive</kind>
         <file>nortos.am263px.r5f.ti-arm-clang.release.lib</file>
         <name>TaskP_nortos.obj</name>
      </input_file>
      <input_file id="fl-e7">
         <path>C:\ti\mcu_plus_sdk_am263px_09_01_00_20\source\kernel\nortos\lib\</path>
         <kind>archive</kind>
         <file>nortos.am263px.r5f.ti-arm-clang.release.lib</file>
         <name>CpuId_armv7r_asm.obj</name>
      </input_file>
   </input_file_list>
   <object_component_list>
      <object_component id="oc-2a">
         <name>.vectors</name>
         <load_address>0x0</load_address>
         <readonly>true</readonly>
         <executable>true</executable>
         <run_address>0x0</run_address>
         <size>0x40</size>
         <alignment>0x4</alignment>
         <input_file_ref idref="fl-2b"/>
      </object_component>
      <object_component id="oc-70">
         <name>.text.hwi</name>
         <load_address>0x70057c50</load_address>
         <readonly>true</readonly>
         <executable>true</executable>
         <run_address>0x70057c50</run_address>
         <size>0x408</size>
         <alignment>0x2</alignment>
         <input_file_ref idref="fl-24"/>
      </object_component>
      <object_component id="oc-4f">
         <name>.text.hwi</name>
         <load_address>0x70058058</load_address>
         <readonly>true</readonly>
         <executable>true</executable>
         <run_address>0x70058058</run_address>
         <size>0x220</size>
         <alignment>0x2</alignment>
         <input_file_ref idref="fl-25"/>
      </object_component>
      <object_component id="oc-53">
         <name>.text.hwi</name>
         <load_address>0x70058278</load_address>
         <readonly>true</readonly>
         <executable>true</executable>
         <run_address>0x70058278</run_address>
         <size>0xc0</size>
         <alignment>0x4</alignment>
         <input_file_ref idref="fl-2a"/>
      </object_component>
      <object_component id="oc-75">
         <name>.text.hwi</name>
         <load_address>0x70058338</load_address>
         <readonly>true</readonly>
         <executable>true</executable>
         <run_address>0x70058338</run_address>
         <size>0x70</size>
         <alignment>0x4</alignment>
         <input_file_ref idref="fl-2d"/>
      </object_component>
      <object_component id="oc-466">
         <name>.tramp.HwiP_enableFIQ.1</name>
         <load_address>0x700583a8</load_address>
         <readonly>true</readonly>
         <executable>true</executable>
         <run_address>0x700583a8</run_address>
         <size>0x8</size>
         <alignment>0x4</alignment>
         <input_file_ref idref="fl-2d"/>
      </object_component>
      <object_component id="oc-c7">
         <name>.text.cache</name>
         <load_address>0x700583b0</load_address>
         <readonly>true</readonly>
         <executable>true</executable>
         <run_address>0x700583b0</run_address>
         <size>0x340</size>
         <alignment>0x4</alignment>
         <input_file_ref idref="fl-2f"/>
      </object_component>
      <object_component id="oc-82">
         <name>.text.cache</name>
         <load_address>0x700586f0</load_address>
         <readonly>true</readonly>
         <executable>true</executable>
         <run_address>0x700586f0</run_address>
         <size>0xd8</size>
         <alignment>0x2</alignment>
         <input_file_ref idref="fl-27"/>
      </object_component>
      <object_component id="oc-469">
         <name>.tramp.CacheP_invL1d.1</name>
         <load_address>0x700587c8</load_address>
         <readonly>true</readonly>
         <executable>true</executable>
         <run_address>0x700587c8</run_address>
         <size>0x8</size>
         <alignment>0x4</alignment>
         <input_file_ref idref="fl-2f"/>
      </object_component>
      <object_component id="oc-468">
         <name>.tramp.CacheP_enableL1p.1</name>
         <load_address>0x700587d0</load_address>
         <readonly>true</readonly>
         <executable>true</executable>
         <run_address>0x700587d0</run_address>
         <size>0x8</size>
         <alignment>0x4</alignment>
         <input_file_ref idref="fl-2f"/>
      </object_component>
      <object_component id="oc-467">
         <name>.tramp.HwiP_restore.2</name>
         <load_address>0x700587d8</load_address>
         <readonly>true</readonly>
         <executable>true</executable>
         <run_address>0x700587d8</run_address>
         <size>0x8</size>
         <alignment>0x4</alignment>
         <input_file_ref idref="fl-2d"/>
      </object_component>
      <object_component id="oc-7e">
         <name>.text.mpu</name>
         <load_address>0x700587e0</load_address>
         <readonly>true</readonly>
         <executable>true</executable>
         <run_address>0x700587e0</run_address>
         <size>0x18e</size>
         <alignment>0x2</alignment>
         <input_file_ref idref="fl-26"/>
      </object_component>
      <object_component id="oc-c3">
         <name>.text.mpu</name>
         <load_address>0x70058970</load_address>
         <readonly>true</readonly>
         <executable>true</executable>
         <run_address>0x70058970</run_address>
         <size>0x78</size>
         <alignment>0x4</alignment>
         <input_file_ref idref="fl-2e"/>
      </object_component>
      <object_component id="oc-46b">
         <name>.tramp.HwiP_restore.3</name>
         <load_address>0x700589e8</load_address>
         <readonly>true</readonly>
         <executable>true</executable>
         <run_address>0x700589e8</run_address>
         <size>0x8</size>
         <alignment>0x4</alignment>
         <input_file_ref idref="fl-2d"/>
      </object_component>
      <object_component id="oc-46a">
         <name>.tramp.MpuP_isEnableAsm.1</name>
         <load_address>0x700589f0</load_address>
         <readonly>true</readonly>
         <executable>true</executable>
         <run_address>0x700589f0</run_address>
         <size>0x8</size>
         <alignment>0x4</alignment>
         <input_file_ref idref="fl-2e"/>
      </object_component>
      <object_component id="oc-4b">
         <name>.text.boot</name>
         <load_address>0x700589f8</load_address>
         <readonly>true</readonly>
         <executable>true</executable>
         <run_address>0x700589f8</run_address>
         <size>0xfc</size>
         <alignment>0x4</alignment>
         <input_file_ref idref="fl-2c"/>
      </object_component>
      <object_component id="oc-bb">
         <name>.text.boot</name>
         <load_address>0x70058af4</load_address>
         <readonly>true</readonly>
         <executable>true</executable>
         <run_address>0x70058af4</run_address>
         <size>0x1e</size>
         <alignment>0x2</alignment>
         <input_file_ref idref="fl-1e"/>
      </object_component>
      <object_component id="oc-5d">
         <name>.text.boot</name>
         <load_address>0x70058b12</load_address>
         <readonly>true</readonly>
         <executable>true</executable>
         <run_address>0x70058b12</run_address>
         <size>0xe</size>
         <alignment>0x2</alignment>
         <input_file_ref idref="fl-2"/>
      </object_component>
      <object_component id="oc-b2">
         <name>.text:abort</name>
         <load_address>0x70058b20</load_address>
         <readonly>true</readonly>
         <executable>true</executable>
         <run_address>0x70058b20</run_address>
         <size>0x8</size>
         <alignment>0x4</alignment>
         <input_file_ref idref="fl-4f"/>
      </object_component>
      <object_component id="oc-1a0">
         <name>.text.Drivers_epwmOpen</name>
         <load_address>0x7004da80</load_address>
         <readonly>true</readonly>
         <executable>true</executable>
         <run_address>0x7004da80</run_address>
         <size>0xf1a</size>
         <alignment>0x2</alignment>
         <input_file_ref idref="fl-4"/>
      </object_component>
      <object_component id="oc-ae">
         <name>.text.Board_deinit</name>
         <load_address>0x7004e99a</load_address>
         <readonly>true</readonly>
         <executable>true</executable>
         <run_address>0x7004e99a</run_address>
         <size>0x2</size>
         <alignment>0x2</alignment>
         <input_file_ref idref="fl-7"/>
      </object_component>
      <object_component id="oc-24d">
         <name>.text._vsnprintf</name>
         <load_address>0x7004e99c</load_address>
         <readonly>true</readonly>
         <executable>true</executable>
         <run_address>0x7004e99c</run_address>
         <size>0x598</size>
         <alignment>0x4</alignment>
         <input_file_ref idref="fl-28"/>
      </object_component>
      <object_component id="oc-28a">
         <name>.text.SOC_rcmEnablePeripheralClock</name>
         <load_address>0x7004ef34</load_address>
         <readonly>true</readonly>
         <executable>true</executable>
         <run_address>0x7004ef34</run_address>
         <size>0x4b8</size>
         <alignment>0x4</alignment>
         <input_file_ref idref="fl-37"/>
      </object_component>
      <object_component id="oc-249">
         <name>.text.UART_open</name>
         <load_address>0x7004f3ec</load_address>
         <readonly>true</readonly>
         <executable>true</executable>
         <run_address>0x7004f3ec</run_address>
         <size>0x454</size>
         <alignment>0x4</alignment>
         <input_file_ref idref="fl-38"/>
      </object_component>
      <object_component id="oc-2b1">
         <name>.text._ftoa</name>
         <load_address>0x7004f840</load_address>
         <readonly>true</readonly>
         <executable>true</executable>
         <run_address>0x7004f840</run_address>
         <size>0x398</size>
         <alignment>0x8</alignment>
         <input_file_ref idref="fl-28"/>
      </object_component>
      <object_component id="oc-2cb">
         <name>.text.TimerP_clearOverflowInt</name>
         <load_address>0x7004fbd8</load_address>
         <readonly>true</readonly>
         <executable>true</executable>
         <run_address>0x7004fbd8</run_address>
         <size>0x8</size>
         <alignment>0x2</alignment>
         <input_file_ref idref="fl-23"/>
      </object_component>
      <object_component id="oc-426">
         <name>.text:strcmp</name>
         <load_address>0x7004fbe0</load_address>
         <readonly>true</readonly>
         <executable>true</executable>
         <run_address>0x7004fbe0</run_address>
         <size>0x390</size>
         <alignment>0x20</alignment>
         <input_file_ref idref="fl-da"/>
      </object_component>
      <object_component id="oc-2b2">
         <name>.text._etoa</name>
         <load_address>0x7004ff70</load_address>
         <readonly>true</readonly>
         <executable>true</executable>
         <run_address>0x7004ff70</run_address>
         <size>0x310</size>
         <alignment>0x8</alignment>
         <input_file_ref idref="fl-28"/>
      </object_component>
      <object_component id="oc-212">
         <name>.text.MCSPI_open</name>
         <load_address>0x70050280</load_address>
         <readonly>true</readonly>
         <executable>true</executable>
         <run_address>0x70050280</run_address>
         <size>0x2fc</size>
         <alignment>0x4</alignment>
         <input_file_ref idref="fl-34"/>
      </object_component>
      <object_component id="oc-f5">
         <name>.text.EDMA_init</name>
         <load_address>0x7005057c</load_address>
         <readonly>true</readonly>
         <executable>true</executable>
         <run_address>0x7005057c</run_address>
         <size>0x2a8</size>
         <alignment>0x4</alignment>
         <input_file_ref idref="fl-32"/>
      </object_component>
      <object_component id="oc-28b">
         <name>.text.SOC_rcmSetPeripheralClock</name>
         <load_address>0x70050824</load_address>
         <readonly>true</readonly>
         <executable>true</executable>
         <run_address>0x70050824</run_address>
         <size>0x24c</size>
         <alignment>0x4</alignment>
         <input_file_ref idref="fl-37"/>
      </object_component>
      <object_component id="oc-302">
         <name>.text.EDMA_freeChannelRegion</name>
         <load_address>0x70050a70</load_address>
         <readonly>true</readonly>
         <executable>true</executable>
         <run_address>0x70050a70</run_address>
         <size>0x200</size>
         <alignment>0x4</alignment>
         <input_file_ref idref="fl-32"/>
      </object_component>
      <object_component id="oc-3c9">
         <name>.text.MCSPI_lld_dmaTransfer</name>
         <load_address>0x70050c70</load_address>
         <readonly>true</readonly>
         <executable>true</executable>
         <run_address>0x70050c70</run_address>
         <size>0x1fe</size>
         <alignment>0x2</alignment>
         <input_file_ref idref="fl-3a"/>
      </object_component>
      <object_component id="oc-a3">
         <name>.text.Board_init</name>
         <load_address>0x70050e6e</load_address>
         <readonly>true</readonly>
         <executable>true</executable>
         <run_address>0x70050e6e</run_address>
         <size>0x2</size>
         <alignment>0x2</alignment>
         <input_file_ref idref="fl-7"/>
      </object_component>
      <object_component id="oc-328">
         <name>.text.UART_write</name>
         <load_address>0x70050e70</load_address>
         <readonly>true</readonly>
         <executable>true</executable>
         <run_address>0x70050e70</run_address>
         <size>0x1f0</size>
         <alignment>0x4</alignment>
         <input_file_ref idref="fl-38"/>
      </object_component>
      <object_component id="oc-2ae">
         <name>.text.UART_controllerIsr</name>
         <load_address>0x70051060</load_address>
         <readonly>true</readonly>
         <executable>true</executable>
         <run_address>0x70051060</run_address>
         <size>0x1d8</size>
         <alignment>0x4</alignment>
         <input_file_ref idref="fl-38"/>
      </object_component>
      <object_component id="oc-3c8">
         <name>.text.MCSPI_transferControllerPoll</name>
         <load_address>0x70051238</load_address>
         <readonly>true</readonly>
         <executable>true</executable>
         <run_address>0x70051238</run_address>
         <size>0x1cc</size>
         <alignment>0x4</alignment>
         <input_file_ref idref="fl-39"/>
      </object_component>
      <object_component id="oc-2a1">
         <name>.text.MCSPI_lld_controllerIsr</name>
         <load_address>0x70051404</load_address>
         <readonly>true</readonly>
         <executable>true</executable>
         <run_address>0x70051404</run_address>
         <size>0x1b8</size>
         <alignment>0x4</alignment>
         <input_file_ref idref="fl-39"/>
      </object_component>
      <object_component id="oc-39a">
         <name>.text.aligned_alloc</name>
         <load_address>0x700515bc</load_address>
         <readonly>true</readonly>
         <executable>true</executable>
         <run_address>0x700515bc</run_address>
         <size>0x1b4</size>
         <alignment>0x4</alignment>
         <input_file_ref idref="fl-52"/>
      </object_component>
      <object_component id="oc-37e">
         <name>.text.free</name>
         <load_address>0x70051770</load_address>
         <readonly>true</readonly>
         <executable>true</executable>
         <run_address>0x70051770</run_address>
         <size>0x1b0</size>
         <alignment>0x4</alignment>
         <input_file_ref idref="fl-52"/>
      </object_component>
      <object_component id="oc-2e3">
         <name>.text.MCSPI_lld_dmaChInit</name>
         <load_address>0x70051920</load_address>
         <readonly>true</readonly>
         <executable>true</executable>
         <run_address>0x70051920</run_address>
         <size>0x1a0</size>
         <alignment>0x4</alignment>
         <input_file_ref idref="fl-3a"/>
      </object_component>
      <object_component id="oc-2e2">
         <name>.text.MCSPI_lld_chConfig</name>
         <load_address>0x70051ac0</load_address>
         <readonly>true</readonly>
         <executable>true</executable>
         <run_address>0x70051ac0</run_address>
         <size>0x19c</size>
         <alignment>0x4</alignment>
         <input_file_ref idref="fl-39"/>
      </object_component>
      <object_component id="oc-375">
         <name>.text.MCSPI_transfer</name>
         <load_address>0x70051c5c</load_address>
         <readonly>true</readonly>
         <executable>true</executable>
         <run_address>0x70051c5c</run_address>
         <size>0x18c</size>
         <alignment>0x4</alignment>
         <input_file_ref idref="fl-34"/>
      </object_component>
      <object_component id="oc-131">
         <name>.text.EDMA_deinit</name>
         <load_address>0x70051de8</load_address>
         <readonly>true</readonly>
         <executable>true</executable>
         <run_address>0x70051de8</run_address>
         <size>0x168</size>
         <alignment>0x4</alignment>
         <input_file_ref idref="fl-32"/>
      </object_component>
      <object_component id="oc-2b7">
         <name>.text.MCSPI_lld_dmaDeInit</name>
         <load_address>0x70051f50</load_address>
         <readonly>true</readonly>
         <executable>true</executable>
         <run_address>0x70051f50</run_address>
         <size>0x156</size>
         <alignment>0x2</alignment>
         <input_file_ref idref="fl-3a"/>
      </object_component>
      <object_component id="oc-300">
         <name>.text._ntoa_format</name>
         <load_address>0x700520a6</load_address>
         <readonly>true</readonly>
         <executable>true</executable>
         <run_address>0x700520a6</run_address>
         <size>0x152</size>
         <alignment>0x2</alignment>
         <input_file_ref idref="fl-28"/>
      </object_component>
      <object_component id="oc-3fb">
         <name>.text.SOC_virtToPhy</name>
         <load_address>0x700521f8</load_address>
         <readonly>true</readonly>
         <executable>true</executable>
         <run_address>0x700521f8</run_address>
         <size>0x148</size>
         <alignment>0x4</alignment>
         <input_file_ref idref="fl-36"/>
      </object_component>
      <object_component id="oc-367">
         <name>.text.setvbuf</name>
         <load_address>0x70052340</load_address>
         <readonly>true</readonly>
         <executable>true</executable>
         <run_address>0x70052340</run_address>
         <size>0x144</size>
         <alignment>0x4</alignment>
         <input_file_ref idref="fl-4e"/>
      </object_component>
      <object_component id="oc-1e8">
         <name>.text.TimerP_setup</name>
         <load_address>0x70052484</load_address>
         <readonly>true</readonly>
         <executable>true</executable>
         <run_address>0x70052484</run_address>
         <size>0x140</size>
         <alignment>0x2</alignment>
         <input_file_ref idref="fl-23"/>
      </object_component>
      <object_component id="oc-a8">
         <name>.text.epwm_hr_duty_cycle_main</name>
         <load_address>0x700525c4</load_address>
         <readonly>true</readonly>
         <executable>true</executable>
         <run_address>0x700525c4</run_address>
         <size>0x13c</size>
         <alignment>0x2</alignment>
         <input_file_ref idref="fl-1"/>
      </object_component>
      <object_component id="oc-390">
         <name>.text.MCSPI_lld_readWrite</name>
         <load_address>0x70052700</load_address>
         <readonly>true</readonly>
         <executable>true</executable>
         <run_address>0x70052700</run_address>
         <size>0x12c</size>
         <alignment>0x2</alignment>
         <input_file_ref idref="fl-39"/>
      </object_component>
      <object_component id="oc-1ca">
         <name>.text.UART_close</name>
         <load_address>0x7005282c</load_address>
         <readonly>true</readonly>
         <executable>true</executable>
         <run_address>0x7005282c</run_address>
         <size>0x12c</size>
         <alignment>0x4</alignment>
         <input_file_ref idref="fl-38"/>
      </object_component>
      <object_component id="oc-33f">
         <name>.text.Alloc_resource</name>
         <load_address>0x70052958</load_address>
         <readonly>true</readonly>
         <executable>true</executable>
         <run_address>0x70052958</run_address>
         <size>0x124</size>
         <alignment>0x4</alignment>
         <input_file_ref idref="fl-32"/>
      </object_component>
      <object_component id="oc-38f">
         <name>.text.MCSPI_lld_readWriteIntr</name>
         <load_address>0x70052a7c</load_address>
         <readonly>true</readonly>
         <executable>true</executable>
         <run_address>0x70052a7c</run_address>
         <size>0x124</size>
         <alignment>0x2</alignment>
         <input_file_ref idref="fl-39"/>
      </object_component>
      <object_component id="oc-1f3">
         <name>.text</name>
         <load_address>0x70052ba0</load_address>
         <readonly>true</readonly>
         <executable>true</executable>
         <run_address>0x70052ba0</run_address>
         <size>0x118</size>
         <alignment>0x4</alignment>
         <input_file_ref idref="fl-e1"/>
      </object_component>
      <object_component id="oc-2d4">
         <name>.text.SOC_rcmGetPeripheralClockFrequency</name>
         <load_address>0x70052cb8</load_address>
         <readonly>true</readonly>
         <executable>true</executable>
         <run_address>0x70052cb8</run_address>
         <size>0x114</size>
         <alignment>0x4</alignment>
         <input_file_ref idref="fl-37"/>
      </object_component>
      <object_component id="oc-291">
         <name>.text.EDMA_transferCompletionMasterIsrFxn</name>
         <load_address>0x70052dcc</load_address>
         <readonly>true</readonly>
         <executable>true</executable>
         <run_address>0x70052dcc</run_address>
         <size>0x108</size>
         <alignment>0x4</alignment>
         <input_file_ref idref="fl-32"/>
      </object_component>
      <object_component id="oc-156">
         <name>.text.ClockP_init</name>
         <load_address>0x70052ed4</load_address>
         <readonly>true</readonly>
         <executable>true</executable>
         <run_address>0x70052ed4</run_address>
         <size>0x102</size>
         <alignment>0x2</alignment>
         <input_file_ref idref="fl-22"/>
      </object_component>
      <object_component id="oc-134">
         <name>.text.Dpl_deinit</name>
         <load_address>0x70052fd6</load_address>
         <readonly>true</readonly>
         <executable>true</executable>
         <run_address>0x70052fd6</run_address>
         <size>0x2</size>
         <alignment>0x2</alignment>
         <input_file_ref idref="fl-2"/>
      </object_component>
      <object_component id="oc-1c8">
         <name>.text.MCSPI_close</name>
         <load_address>0x70052fd8</load_address>
         <readonly>true</readonly>
         <executable>true</executable>
         <run_address>0x70052fd8</run_address>
         <size>0x100</size>
         <alignment>0x4</alignment>
         <input_file_ref idref="fl-34"/>
      </object_component>
      <object_component id="oc-294">
         <name>.text.MCSPI_lld_initDma</name>
         <load_address>0x700530d8</load_address>
         <readonly>true</readonly>
         <executable>true</executable>
         <run_address>0x700530d8</run_address>
         <size>0xfc</size>
         <alignment>0x4</alignment>
         <input_file_ref idref="fl-39"/>
      </object_component>
      <object_component id="oc-322">
         <name>.text.fputc</name>
         <load_address>0x700531d4</load_address>
         <readonly>true</readonly>
         <executable>true</executable>
         <run_address>0x700531d4</run_address>
         <size>0xf4</size>
         <alignment>0x4</alignment>
         <input_file_ref idref="fl-4c"/>
      </object_component>
      <object_component id="oc-2eb">
         <name>.text.MCSPI_continuePeripheralTxRx</name>
         <load_address>0x700532c8</load_address>
         <readonly>true</readonly>
         <executable>true</executable>
         <run_address>0x700532c8</run_address>
         <size>0xe6</size>
         <alignment>0x2</alignment>
         <input_file_ref idref="fl-39"/>
      </object_component>
      <object_component id="oc-391">
         <name>.text.MCSPI_lld_readWriteDma</name>
         <load_address>0x700533ae</load_address>
         <readonly>true</readonly>
         <executable>true</executable>
         <run_address>0x700533ae</run_address>
         <size>0xe2</size>
         <alignment>0x2</alignment>
         <input_file_ref idref="fl-39"/>
      </object_component>
      <object_component id="oc-295">
         <name>.text.MCSPI_lld_init</name>
         <load_address>0x70053490</load_address>
         <readonly>true</readonly>
         <executable>true</executable>
         <run_address>0x70053490</run_address>
         <size>0xcc</size>
         <alignment>0x4</alignment>
         <input_file_ref idref="fl-39"/>
      </object_component>
      <object_component id="oc-413">
         <name>.text.getdevice</name>
         <load_address>0x7005355c</load_address>
         <readonly>true</readonly>
         <executable>true</executable>
         <run_address>0x7005355c</run_address>
         <size>0xc8</size>
         <alignment>0x4</alignment>
         <input_file_ref idref="fl-d9"/>
      </object_component>
      <object_component id="oc-301">
         <name>.text.EDMA_unregisterIntr</name>
         <load_address>0x70053624</load_address>
         <readonly>true</readonly>
         <executable>true</executable>
         <run_address>0x70053624</run_address>
         <size>0xc4</size>
         <alignment>0x4</alignment>
         <input_file_ref idref="fl-32"/>
      </object_component>
      <object_component id="oc-31e">
         <name>.text.EDMA_registerIntr</name>
         <load_address>0x700536e8</load_address>
         <readonly>true</readonly>
         <executable>true</executable>
         <run_address>0x700536e8</run_address>
         <size>0xbc</size>
         <alignment>0x4</alignment>
         <input_file_ref idref="fl-32"/>
      </object_component>
      <object_component id="oc-39b">
         <name>.text.__TI_closefile</name>
         <load_address>0x700537a4</load_address>
         <readonly>true</readonly>
         <executable>true</executable>
         <run_address>0x700537a4</run_address>
         <size>0xb4</size>
         <alignment>0x4</alignment>
         <input_file_ref idref="fl-5b"/>
      </object_component>
      <object_component id="oc-37a">
         <name>.text.fseeko</name>
         <load_address>0x70053858</load_address>
         <readonly>true</readonly>
         <executable>true</executable>
         <run_address>0x70053858</run_address>
         <size>0xb4</size>
         <alignment>0x4</alignment>
         <input_file_ref idref="fl-57"/>
      </object_component>
      <object_component id="oc-2b3">
         <name>.text._ntoa_long_long</name>
         <load_address>0x7005390c</load_address>
         <readonly>true</readonly>
         <executable>true</executable>
         <run_address>0x7005390c</run_address>
         <size>0xb0</size>
         <alignment>0x2</alignment>
         <input_file_ref idref="fl-28"/>
      </object_component>
      <object_component id="oc-20e">
         <name>.text.EDMA_open</name>
         <load_address>0x700539bc</load_address>
         <readonly>true</readonly>
         <executable>true</executable>
         <run_address>0x700539bc</run_address>
         <size>0xac</size>
         <alignment>0x4</alignment>
         <input_file_ref idref="fl-32"/>
      </object_component>
      <object_component id="oc-282">
         <name>.text.SOC_rcmGetCoreHSDivOut</name>
         <load_address>0x70053a68</load_address>
         <readonly>true</readonly>
         <executable>true</executable>
         <run_address>0x70053a68</run_address>
         <size>0xac</size>
         <alignment>0x4</alignment>
         <input_file_ref idref="fl-37"/>
      </object_component>
      <object_component id="oc-2a6">
         <name>.text.UART_divisorLatchWrite</name>
         <load_address>0x70053b14</load_address>
         <readonly>true</readonly>
         <executable>true</executable>
         <run_address>0x70053b14</run_address>
         <size>0xac</size>
         <alignment>0x2</alignment>
         <input_file_ref idref="fl-38"/>
      </object_component>
      <object_component id="oc-33a">
         <name>.text.PMIC_tps653860xxConfigure</name>
         <load_address>0x70053bc0</load_address>
         <readonly>true</readonly>
         <executable>true</executable>
         <run_address>0x70053bc0</run_address>
         <size>0xaa</size>
         <alignment>0x2</alignment>
         <input_file_ref idref="fl-3c"/>
      </object_component>
      <object_component id="oc-2fc">
         <name>.text._out_rev</name>
         <load_address>0x70053c6a</load_address>
         <readonly>true</readonly>
         <executable>true</executable>
         <run_address>0x70053c6a</run_address>
         <size>0xa6</size>
         <alignment>0x2</alignment>
         <input_file_ref idref="fl-28"/>
      </object_component>
      <object_component id="oc-3ce">
         <name>.text.split</name>
         <load_address>0x70053d10</load_address>
         <readonly>true</readonly>
         <executable>true</executable>
         <run_address>0x70053d10</run_address>
         <size>0xa4</size>
         <alignment>0x4</alignment>
         <input_file_ref idref="fl-52"/>
      </object_component>
      <object_component id="oc-3bc">
         <name>.text.HOSTrename</name>
         <load_address>0x70053db4</load_address>
         <readonly>true</readonly>
         <executable>true</executable>
         <run_address>0x70053db4</run_address>
         <size>0xa0</size>
         <alignment>0x4</alignment>
         <input_file_ref idref="fl-7e"/>
      </object_component>
      <object_component id="oc-360">
         <name>.text.PMIC_mcspiReadRegister</name>
         <load_address>0x70053e54</load_address>
         <readonly>true</readonly>
         <executable>true</executable>
         <run_address>0x70053e54</run_address>
         <size>0x9c</size>
         <alignment>0x2</alignment>
         <input_file_ref idref="fl-3c"/>
      </object_component>
      <object_component id="oc-347">
         <name>.text.__TI_wrt_ok</name>
         <load_address>0x70053ef0</load_address>
         <readonly>true</readonly>
         <executable>true</executable>
         <run_address>0x70053ef0</run_address>
         <size>0x9c</size>
         <alignment>0x4</alignment>
         <input_file_ref idref="fl-4d"/>
      </object_component>
      <object_component id="oc-303">
         <name>.text.EDMA_freeDmaChannel</name>
         <load_address>0x70053f8c</load_address>
         <readonly>true</readonly>
         <executable>true</executable>
         <run_address>0x70053f8c</run_address>
         <size>0x98</size>
         <alignment>0x4</alignment>
         <input_file_ref idref="fl-32"/>
      </object_component>
      <object_component id="oc-305">
         <name>.text.EDMA_freeParam</name>
         <load_address>0x70054024</load_address>
         <readonly>true</readonly>
         <executable>true</executable>
         <run_address>0x70054024</run_address>
         <size>0x98</size>
         <alignment>0x4</alignment>
         <input_file_ref idref="fl-32"/>
      </object_component>
      <object_component id="oc-304">
         <name>.text.EDMA_freeTcc</name>
         <load_address>0x700540bc</load_address>
         <readonly>true</readonly>
         <executable>true</executable>
         <run_address>0x700540bc</run_address>
         <size>0x98</size>
         <alignment>0x4</alignment>
         <input_file_ref idref="fl-32"/>
      </object_component>
      <object_component id="oc-3b4">
         <name>.text.HOSTlseek</name>
         <load_address>0x70054154</load_address>
         <readonly>true</readonly>
         <executable>true</executable>
         <run_address>0x70054154</run_address>
         <size>0x98</size>
         <alignment>0x4</alignment>
         <input_file_ref idref="fl-7b"/>
      </object_component>
      <object_component id="oc-128">
         <name>.text.SemaphoreP_pend</name>
         <load_address>0x700541ec</load_address>
         <readonly>true</readonly>
         <executable>true</executable>
         <run_address>0x700541ec</run_address>
         <size>0x96</size>
         <alignment>0x2</alignment>
         <input_file_ref idref="fl-20"/>
      </object_component>
      <object_component id="oc-31d">
         <name>.text.EDMA_configureChannelRegion</name>
         <load_address>0x70054282</load_address>
         <readonly>true</readonly>
         <executable>true</executable>
         <run_address>0x70054282</run_address>
         <size>0x94</size>
         <alignment>0x2</alignment>
         <input_file_ref idref="fl-32"/>
      </object_component>
      <object_component id="oc-129">
         <name>.text.SemaphoreP_destruct</name>
         <load_address>0x70054316</load_address>
         <readonly>true</readonly>
         <executable>true</executable>
         <run_address>0x70054316</run_address>
         <size>0x2</size>
         <alignment>0x2</alignment>
         <input_file_ref idref="fl-20"/>
      </object_component>
      <object_component id="oc-3a4">
         <name>.text.HOSTopen</name>
         <load_address>0x70054318</load_address>
         <readonly>true</readonly>
         <executable>true</executable>
         <run_address>0x70054318</run_address>
         <size>0x94</size>
         <alignment>0x4</alignment>
         <input_file_ref idref="fl-7c"/>
      </object_component>
      <object_component id="oc-3c5">
         <name>.text.MCSPI_setFifoConfig</name>
         <load_address>0x700543ac</load_address>
         <readonly>true</readonly>
         <executable>true</executable>
         <run_address>0x700543ac</run_address>
         <size>0x90</size>
         <alignment>0x2</alignment>
         <input_file_ref idref="fl-39"/>
      </object_component>
      <object_component id="oc-361">
         <name>.text.PMIC_mcspiWriteRegister</name>
         <load_address>0x7005443c</load_address>
         <readonly>true</readonly>
         <executable>true</executable>
         <run_address>0x7005443c</run_address>
         <size>0x90</size>
         <alignment>0x2</alignment>
         <input_file_ref idref="fl-3c"/>
      </object_component>
      <object_component id="oc-265">
         <name>.text.UART_flushTxFifo</name>
         <load_address>0x700544cc</load_address>
         <readonly>true</readonly>
         <executable>true</executable>
         <run_address>0x700544cc</run_address>
         <size>0x90</size>
         <alignment>0x4</alignment>
         <input_file_ref idref="fl-38"/>
      </object_component>
      <object_component id="oc-2ee">
         <name>.text.UART_procLineStatusErr</name>
         <load_address>0x7005455c</load_address>
         <readonly>true</readonly>
         <executable>true</executable>
         <run_address>0x7005455c</run_address>
         <size>0x8c</size>
         <alignment>0x2</alignment>
         <input_file_ref idref="fl-38"/>
      </object_component>
      <object_component id="oc-351">
         <name>.text.__TI_doflush</name>
         <load_address>0x700545e8</load_address>
         <readonly>true</readonly>
         <executable>true</executable>
         <run_address>0x700545e8</run_address>
         <size>0x8c</size>
         <alignment>0x4</alignment>
         <input_file_ref idref="fl-55"/>
      </object_component>
      <object_component id="oc-2b4">
         <name>.text._ntoa_long</name>
         <load_address>0x70054674</load_address>
         <readonly>true</readonly>
         <executable>true</executable>
         <run_address>0x70054674</run_address>
         <size>0x8c</size>
         <alignment>0x2</alignment>
         <input_file_ref idref="fl-28"/>
      </object_component>
      <object_component id="oc-3d0">
         <name>.text.close</name>
         <load_address>0x70054700</load_address>
         <readonly>true</readonly>
         <executable>true</executable>
         <run_address>0x70054700</run_address>
         <size>0x8c</size>
         <alignment>0x4</alignment>
         <input_file_ref idref="fl-78"/>
      </object_component>
      <object_component id="oc-2e5">
         <name>.text.MCSPI_fifoRead</name>
         <load_address>0x7005478c</load_address>
         <readonly>true</readonly>
         <executable>true</executable>
         <run_address>0x7005478c</run_address>
         <size>0x88</size>
         <alignment>0x2</alignment>
         <input_file_ref idref="fl-39"/>
      </object_component>
      <object_component id="oc-fd">
         <name>.text.UART_init</name>
         <load_address>0x70054814</load_address>
         <readonly>true</readonly>
         <executable>true</executable>
         <run_address>0x70054814</run_address>
         <size>0x88</size>
         <alignment>0x4</alignment>
         <input_file_ref idref="fl-38"/>
      </object_component>
      <object_component id="oc-3ac">
         <name>.text.HOSTread</name>
         <load_address>0x7005489c</load_address>
         <readonly>true</readonly>
         <executable>true</executable>
         <run_address>0x7005489c</run_address>
         <size>0x84</size>
         <alignment>0x4</alignment>
         <input_file_ref idref="fl-7d"/>
      </object_component>
      <object_component id="oc-3b0">
         <name>.text.HOSTwrite</name>
         <load_address>0x70054920</load_address>
         <readonly>true</readonly>
         <executable>true</executable>
         <run_address>0x70054920</run_address>
         <size>0x84</size>
         <alignment>0x4</alignment>
         <input_file_ref idref="fl-80"/>
      </object_component>
      <object_component id="oc-3c3">
         <name>.text.MCSPI_setPeripheralFifoConfig</name>
         <load_address>0x700549a4</load_address>
         <readonly>true</readonly>
         <executable>true</executable>
         <run_address>0x700549a4</run_address>
         <size>0x84</size>
         <alignment>0x2</alignment>
         <input_file_ref idref="fl-39"/>
      </object_component>
      <object_component id="oc-346">
         <name>.text.MCSPI_lld_dmaStop</name>
         <load_address>0x70054a28</load_address>
         <readonly>true</readonly>
         <executable>true</executable>
         <run_address>0x70054a28</run_address>
         <size>0x80</size>
         <alignment>0x2</alignment>
         <input_file_ref idref="fl-3a"/>
      </object_component>
      <object_component id="oc-2a2">
         <name>.text.MCSPI_lld_peripheralIsr</name>
         <load_address>0x70054aa8</load_address>
         <readonly>true</readonly>
         <executable>true</executable>
         <run_address>0x70054aa8</run_address>
         <size>0x80</size>
         <alignment>0x2</alignment>
         <input_file_ref idref="fl-39"/>
      </object_component>
      <object_component id="oc-2e8">
         <name>.text.MCSPI_initiateLastChunkTransfer</name>
         <load_address>0x70054b28</load_address>
         <readonly>true</readonly>
         <executable>true</executable>
         <run_address>0x70054b28</run_address>
         <size>0x7a</size>
         <alignment>0x2</alignment>
         <input_file_ref idref="fl-39"/>
      </object_component>
      <object_component id="oc-31f">
         <name>.text.MCSPI_edmaIsrTx</name>
         <load_address>0x70054ba2</load_address>
         <readonly>true</readonly>
         <executable>true</executable>
         <run_address>0x70054ba2</run_address>
         <size>0x78</size>
         <alignment>0x2</alignment>
         <input_file_ref idref="fl-3a"/>
      </object_component>
      <object_component id="oc-2bf">
         <name>.text.TaskP_yield</name>
         <load_address>0x70054c1a</load_address>
         <readonly>true</readonly>
         <executable>true</executable>
         <run_address>0x70054c1a</run_address>
         <size>0x2</size>
         <alignment>0x2</alignment>
         <input_file_ref idref="fl-e6"/>
      </object_component>
      <object_component id="oc-ef">
         <name>.text.MCSPI_init</name>
         <load_address>0x70054c1c</load_address>
         <readonly>true</readonly>
         <executable>true</executable>
         <run_address>0x70054c1c</run_address>
         <size>0x78</size>
         <alignment>0x4</alignment>
         <input_file_ref idref="fl-34"/>
      </object_component>
      <object_component id="oc-2e7">
         <name>.text.MCSPI_stop</name>
         <load_address>0x70054c94</load_address>
         <readonly>true</readonly>
         <executable>true</executable>
         <run_address>0x70054c94</run_address>
         <size>0x72</size>
         <alignment>0x2</alignment>
         <input_file_ref idref="fl-39"/>
      </object_component>
      <object_component id="oc-3c7">
         <name>.text.MCSPI_transferPeripheralPoll</name>
         <load_address>0x70054d06</load_address>
         <readonly>true</readonly>
         <executable>true</executable>
         <run_address>0x70054d06</run_address>
         <size>0x70</size>
         <alignment>0x2</alignment>
         <input_file_ref idref="fl-39"/>
      </object_component>
      <object_component id="oc-32a">
         <name>.text.EDMA_disableTransferRegion</name>
         <load_address>0x70054d76</load_address>
         <readonly>true</readonly>
         <executable>true</executable>
         <run_address>0x70054d76</run_address>
         <size>0x6e</size>
         <alignment>0x2</alignment>
         <input_file_ref idref="fl-32"/>
      </object_component>
      <object_component id="oc-3fc">
         <name>.text.EDMA_enableTransferRegion</name>
         <load_address>0x70054de4</load_address>
         <readonly>true</readonly>
         <executable>true</executable>
         <run_address>0x70054de4</run_address>
         <size>0x6e</size>
         <alignment>0x2</alignment>
         <input_file_ref idref="fl-32"/>
      </object_component>
      <object_component id="oc-2b0">
         <name>.text._out_null</name>
         <load_address>0x70054e52</load_address>
         <readonly>true</readonly>
         <executable>true</executable>
         <run_address>0x70054e52</run_address>
         <size>0x2</size>
         <alignment>0x2</alignment>
         <input_file_ref idref="fl-28"/>
      </object_component>
      <object_component id="oc-1cc">
         <name>.text.EDMA_close</name>
         <load_address>0x70054e54</load_address>
         <readonly>true</readonly>
         <executable>true</executable>
         <run_address>0x70054e54</run_address>
         <size>0x6c</size>
         <alignment>0x4</alignment>
         <input_file_ref idref="fl-32"/>
      </object_component>
      <object_component id="oc-3b8">
         <name>.text.HOSTunlink</name>
         <load_address>0x70054ec0</load_address>
         <readonly>true</readonly>
         <executable>true</executable>
         <run_address>0x70054ec0</run_address>
         <size>0x6c</size>
         <alignment>0x4</alignment>
         <input_file_ref idref="fl-7f"/>
      </object_component>
      <object_component id="oc-18d">
         <name>.text.AddrTranslateP_getLocalAddr</name>
         <load_address>0x70054f2c</load_address>
         <readonly>true</readonly>
         <executable>true</executable>
         <run_address>0x70054f2c</run_address>
         <size>0x68</size>
         <alignment>0x2</alignment>
         <input_file_ref idref="fl-e4"/>
      </object_component>
      <object_component id="oc-2e6">
         <name>.text.MCSPI_fifoWrite</name>
         <load_address>0x70054f94</load_address>
         <readonly>true</readonly>
         <executable>true</executable>
         <run_address>0x70054f94</run_address>
         <size>0x66</size>
         <alignment>0x2</alignment>
         <input_file_ref idref="fl-39"/>
      </object_component>
      <object_component id="oc-3a8">
         <name>.text.HOSTclose</name>
         <load_address>0x70054ffc</load_address>
         <readonly>true</readonly>
         <executable>true</executable>
         <run_address>0x70054ffc</run_address>
         <size>0x60</size>
         <alignment>0x4</alignment>
         <input_file_ref idref="fl-7a"/>
      </object_component>
      <object_component id="oc-e2">
         <name>.text.pmu</name>
         <load_address>0x7005505c</load_address>
         <readonly>true</readonly>
         <executable>true</executable>
         <run_address>0x7005505c</run_address>
         <size>0x60</size>
         <alignment>0x2</alignment>
         <input_file_ref idref="fl-29"/>
      </object_component>
      <object_component id="oc-1eb">
         <name>.text.ClockP_timerTickIsr</name>
         <load_address>0x700550bc</load_address>
         <readonly>true</readonly>
         <executable>true</executable>
         <run_address>0x700550bc</run_address>
         <size>0x5e</size>
         <alignment>0x2</alignment>
         <input_file_ref idref="fl-21"/>
      </object_component>
      <object_component id="oc-3c2">
         <name>.text.MCSPI_setChDataSize</name>
         <load_address>0x7005511a</load_address>
         <readonly>true</readonly>
         <executable>true</executable>
         <run_address>0x7005511a</run_address>
         <size>0x5e</size>
         <alignment>0x2</alignment>
         <input_file_ref idref="fl-39"/>
      </object_component>
      <object_component id="oc-155">
         <name>.text.SOC_controlModuleLockMMR</name>
         <load_address>0x70055178</load_address>
         <readonly>true</readonly>
         <executable>true</executable>
         <run_address>0x70055178</run_address>
         <size>0x5c</size>
         <alignment>0x4</alignment>
         <input_file_ref idref="fl-36"/>
      </object_component>
      <object_component id="oc-154">
         <name>.text.SOC_controlModuleUnlockMMR</name>
         <load_address>0x700551d4</load_address>
         <readonly>true</readonly>
         <executable>true</executable>
         <run_address>0x700551d4</run_address>
         <size>0x5c</size>
         <alignment>0x4</alignment>
         <input_file_ref idref="fl-36"/>
      </object_component>
      <object_component id="oc-35b">
         <name>.text.UART_writeCancelNoCB</name>
         <load_address>0x70055230</load_address>
         <readonly>true</readonly>
         <executable>true</executable>
         <run_address>0x70055230</run_address>
         <size>0x5c</size>
         <alignment>0x2</alignment>
         <input_file_ref idref="fl-38"/>
      </object_component>
      <object_component id="oc-124">
         <name>.text._DebugP_assert</name>
         <load_address>0x7005528c</load_address>
         <readonly>true</readonly>
         <executable>true</executable>
         <run_address>0x7005528c</run_address>
         <size>0x5c</size>
         <alignment>0x2</alignment>
         <input_file_ref idref="fl-1e"/>
      </object_component>
      <object_component id="oc-208">
         <name>.text.Board_pmicOpen</name>
         <load_address>0x700552e8</load_address>
         <readonly>true</readonly>
         <executable>true</executable>
         <run_address>0x700552e8</run_address>
         <size>0x58</size>
         <alignment>0x2</alignment>
         <input_file_ref idref="fl-8"/>
      </object_component>
      <object_component id="oc-381">
         <name>.text.__TI_cleanup</name>
         <load_address>0x70055340</load_address>
         <readonly>true</readonly>
         <executable>true</executable>
         <run_address>0x70055340</run_address>
         <size>0x58</size>
         <alignment>0x4</alignment>
         <input_file_ref idref="fl-56"/>
      </object_component>
      <object_component id="oc-3e1">
         <name>.text.__TI_readmsg</name>
         <load_address>0x70055398</load_address>
         <readonly>true</readonly>
         <executable>true</executable>
         <run_address>0x70055398</run_address>
         <size>0x58</size>
         <alignment>0x4</alignment>
         <input_file_ref idref="fl-81"/>
      </object_component>
      <object_component id="oc-3db">
         <name>.text.__TI_writemsg</name>
         <load_address>0x700553f0</load_address>
         <readonly>true</readonly>
         <executable>true</executable>
         <run_address>0x700553f0</run_address>
         <size>0x58</size>
         <alignment>0x4</alignment>
         <input_file_ref idref="fl-81"/>
      </object_component>
      <object_component id="oc-91">
         <name>.text:__TI_auto_init_nobinit_nopinit</name>
         <load_address>0x70055448</load_address>
         <readonly>true</readonly>
         <executable>true</executable>
         <run_address>0x70055448</run_address>
         <size>0x58</size>
         <alignment>0x4</alignment>
         <input_file_ref idref="fl-53"/>
      </object_component>
      <object_component id="oc-1b4">
         <name>.text.ClockP_getTimeUsec</name>
         <load_address>0x700554a0</load_address>
         <readonly>true</readonly>
         <executable>true</executable>
         <run_address>0x700554a0</run_address>
         <size>0x56</size>
         <alignment>0x2</alignment>
         <input_file_ref idref="fl-21"/>
      </object_component>
      <object_component id="oc-b7">
         <name>.text.exit</name>
         <load_address>0x700554f8</load_address>
         <readonly>true</readonly>
         <executable>true</executable>
         <run_address>0x700554f8</run_address>
         <size>0x54</size>
         <alignment>0x4</alignment>
         <input_file_ref idref="fl-4f"/>
      </object_component>
      <object_component id="oc-422">
         <name>.text.finddevice</name>
         <load_address>0x7005554c</load_address>
         <readonly>true</readonly>
         <executable>true</executable>
         <run_address>0x7005554c</run_address>
         <size>0x54</size>
         <alignment>0x4</alignment>
         <input_file_ref idref="fl-d9"/>
      </object_component>
      <object_component id="oc-266">
         <name>.text.UART_intrDisable</name>
         <load_address>0x700555a0</load_address>
         <readonly>true</readonly>
         <executable>true</executable>
         <run_address>0x700555a0</run_address>
         <size>0x52</size>
         <alignment>0x2</alignment>
         <input_file_ref idref="fl-38"/>
      </object_component>
      <object_component id="oc-2ef">
         <name>.text.UART_readData</name>
         <load_address>0x700555f2</load_address>
         <readonly>true</readonly>
         <executable>true</executable>
         <run_address>0x700555f2</run_address>
         <size>0x52</size>
         <alignment>0x2</alignment>
         <input_file_ref idref="fl-38"/>
      </object_component>
      <object_component id="oc-257">
         <name>.text.ClockP_addToList</name>
         <load_address>0x70055644</load_address>
         <readonly>true</readonly>
         <executable>true</executable>
         <run_address>0x70055644</run_address>
         <size>0x50</size>
         <alignment>0x2</alignment>
         <input_file_ref idref="fl-21"/>
      </object_component>
      <object_component id="oc-1bd">
         <name>.text.ClockP_construct</name>
         <load_address>0x70055694</load_address>
         <readonly>true</readonly>
         <executable>true</executable>
         <run_address>0x70055694</run_address>
         <size>0x50</size>
         <alignment>0x2</alignment>
         <input_file_ref idref="fl-21"/>
      </object_component>
      <object_component id="oc-31a">
         <name>.text.EDMA_allocDmaChannel</name>
         <load_address>0x700556e4</load_address>
         <readonly>true</readonly>
         <executable>true</executable>
         <run_address>0x700556e4</run_address>
         <size>0x50</size>
         <alignment>0x4</alignment>
         <input_file_ref idref="fl-32"/>
      </object_component>
      <object_component id="oc-31c">
         <name>.text.EDMA_allocParam</name>
         <load_address>0x70055734</load_address>
         <readonly>true</readonly>
         <executable>true</executable>
         <run_address>0x70055734</run_address>
         <size>0x50</size>
         <alignment>0x4</alignment>
         <input_file_ref idref="fl-32"/>
      </object_component>
[...]
      <symbol id="sm-467">
         <name>SOC_getSelfCpuClk</name>
         <value>0x70056893</value>
         <object_component_ref idref="oc-dc"/>
      </symbol>
      <symbol id="sm-468">
         <name>SOC_setEpwmTbClk</name>
         <value>0x70055bad</value>
         <object_component_ref idref="oc-fb"/>
      </symbol>
      <symbol id="sm-469">
         <name>SOC_setEpwmGroup</name>
         <value>0x70055ad5</value>
         <object_component_ref idref="oc-fc"/>
      </symbol>
      <symbol id="sm-46a">
         <name>virtToPhymap</name>
         <value>0x70041a30</value>
      </symbol>
      <symbol id="sm-46b">
         <name>SOC_virtToPhy</name>
         <value>0x700521f9</value>
         <object_component_ref idref="oc-3fb"/>
      </symbol>
      <symbol id="sm-46c">
         <name>isMapAvailable</name>
         <value>0x70059064</value>
         <object_component_ref idref="oc-411"/>
      </symbol>
      <symbol id="sm-4b2">
         <name>SOC_rcmIsR5FInLockStepMode</name>
         <value>0x700565fd</value>
         <object_component_ref idref="oc-410"/>
      </symbol>
      <symbol id="sm-4b3">
         <name>SOC_rcmGetPeripheralClockFrequency</name>
         <value>0x70052cb9</value>
         <object_component_ref idref="oc-2d4"/>
      </symbol>
      <symbol id="sm-4b4">
         <name>gPeripheralClkSrcInfoMap</name>
         <value>0x70057708</value>
         <object_component_ref idref="oc-30b"/>
      </symbol>
      <symbol id="sm-4b5">
         <name>gADPLLJConfigTbl</name>
         <value>0x70056b48</value>
         <object_component_ref idref="oc-30a"/>
      </symbol>
      <symbol id="sm-4b6">
         <name>SOC_rcmSetPeripheralClock</name>
         <value>0x70050825</value>
         <object_component_ref idref="oc-28b"/>
      </symbol>
      <symbol id="sm-4b7">
         <name>SOC_rcmEnablePeripheralClock</name>
         <value>0x7004ef35</value>
         <object_component_ref idref="oc-28a"/>
      </symbol>
      <symbol id="sm-4b8">
         <name>SOC_rcmGetR5Clock</name>
         <value>0x70056391</value>
         <object_component_ref idref="oc-15b"/>
      </symbol>
      <symbol id="sm-505">
         <name>UART_init</name>
         <value>0x70054815</value>
         <object_component_ref idref="oc-fd"/>
      </symbol>
      <symbol id="sm-506">
         <name>UART_deinit</name>
         <value>0x70056739</value>
         <object_component_ref idref="oc-132"/>
      </symbol>
      <symbol id="sm-507">
         <name>UART_open</name>
         <value>0x7004f3ed</value>
         <object_component_ref idref="oc-249"/>
      </symbol>
      <symbol id="sm-508">
         <name>UART_close</name>
         <value>0x7005282d</value>
         <object_component_ref idref="oc-1ca"/>
      </symbol>
      <symbol id="sm-509">
         <name>UART_flushTxFifo</name>
         <value>0x700544cd</value>
         <object_component_ref idref="oc-265"/>
      </symbol>
      <symbol id="sm-50a">
         <name>UART_getHandle</name>
         <value>0x700563bd</value>
         <object_component_ref idref="oc-327"/>
      </symbol>
      <symbol id="sm-50b">
         <name>UART_write</name>
         <value>0x70050e71</value>
         <object_component_ref idref="oc-328"/>
      </symbol>
      <symbol id="sm-55b">
         <name>MCSPI_lld_init</name>
         <value>0x70053491</value>
         <object_component_ref idref="oc-295"/>
      </symbol>
      <symbol id="sm-55c">
         <name>MCSPI_lld_deInit</name>
         <value>0x700565df</value>
         <object_component_ref idref="oc-260"/>
      </symbol>
      <symbol id="sm-55d">
         <name>MCSPI_reset</name>
         <value>0x70056769</value>
         <object_component_ref idref="oc-2b6"/>
      </symbol>
      <symbol id="sm-55e">
         <name>MCSPI_lld_initDma</name>
         <value>0x700530d9</value>
         <object_component_ref idref="oc-294"/>
      </symbol>
      <symbol id="sm-55f">
         <name>MCSPI_lld_deInitDma</name>
         <value>0x70055a89</value>
         <object_component_ref idref="oc-25a"/>
      </symbol>
      <symbol id="sm-560">
         <name>MCSPI_setChDataSize</name>
         <value>0x7005511b</value>
         <object_component_ref idref="oc-3c2"/>
      </symbol>
      <symbol id="sm-561">
         <name>MCSPI_stop</name>
         <value>0x70054c95</value>
         <object_component_ref idref="oc-2e7"/>
      </symbol>
      <symbol id="sm-562">
         <name>MCSPI_lld_readWrite</name>
         <value>0x70052701</value>
         <object_component_ref idref="oc-390"/>
      </symbol>
      <symbol id="sm-563">
         <name>MCSPI_lld_readWriteIntr</name>
         <value>0x70052a7d</value>
         <object_component_ref idref="oc-38f"/>
      </symbol>
      <symbol id="sm-564">
         <name>MCSPI_lld_readWriteDma</name>
         <value>0x700533af</value>
         <object_component_ref idref="oc-391"/>
      </symbol>
      <symbol id="sm-565">
         <name>MCSPI_lld_controllerIsr</name>
         <value>0x70051405</value>
         <object_component_ref idref="oc-2a1"/>
      </symbol>
      <symbol id="sm-566">
         <name>MCSPI_lld_peripheralIsr</name>
         <value>0x70054aa9</value>
         <object_component_ref idref="oc-2a2"/>
      </symbol>
      <symbol id="sm-57f">
         <name>MCSPI_lld_dmaInit</name>
         <value>0x700567d1</value>
         <object_component_ref idref="oc-2e0"/>
      </symbol>
      <symbol id="sm-580">
         <name>MCSPI_lld_dmaChInit</name>
         <value>0x70051921</value>
         <object_component_ref idref="oc-2e3"/>
      </symbol>
      <symbol id="sm-581">
         <name>MCSPI_lld_dmaStop</name>
         <value>0x70054a29</value>
         <object_component_ref idref="oc-346"/>
      </symbol>
      <symbol id="sm-582">
         <name>MCSPI_lld_dmaDeInit</name>
         <value>0x70051f51</value>
         <object_component_ref idref="oc-2b7"/>
      </symbol>
      <symbol id="sm-583">
         <name>MCSPI_lld_dmaTransfer</name>
         <value>0x70050c71</value>
         <object_component_ref idref="oc-3c9"/>
      </symbol>
      <symbol id="sm-59a">
         <name>UART_dmaOpen</name>
         <value>0x70055fc5</value>
         <object_component_ref idref="oc-2a8"/>
      </symbol>
      <symbol id="sm-59b">
         <name>UART_dmaClose</name>
         <value>0x70055b1d</value>
         <object_component_ref idref="oc-267"/>
      </symbol>
      <symbol id="sm-59c">
         <name>UART_dmaDisableChannel</name>
         <value>0x70055a3d</value>
         <object_component_ref idref="oc-374"/>
      </symbol>
      <symbol id="sm-59d">
         <name>UART_writeInterruptDma</name>
         <value>0x700566bd</value>
         <object_component_ref idref="oc-35a"/>
      </symbol>
      <symbol id="sm-5b7">
         <name>PMIC_tps653860xxOpen</name>
         <value>0x700563e9</value>
         <object_component_ref idref="oc-335"/>
      </symbol>
      <symbol id="sm-5b8">
         <name>PMIC_tps653860xxConfigure</name>
         <value>0x70053bc1</value>
         <object_component_ref idref="oc-33a"/>
      </symbol>
      <symbol id="sm-5b9">
         <name>gPmicMcspiTxBuffer</name>
         <value>0x70041a68</value>
      </symbol>
      <symbol id="sm-5ba">
         <name>gPmicMcspiRxBuffer</name>
         <value>0x70041a64</value>
      </symbol>
      <symbol id="sm-5bb">
         <name>PMIC_mcspiReadRegister</name>
         <value>0x70053e55</value>
         <object_component_ref idref="oc-360"/>
      </symbol>
      <symbol id="sm-5bc">
         <name>PMIC_mcspiWriteRegister</name>
         <value>0x7005443d</value>
         <object_component_ref idref="oc-361"/>
      </symbol>
      <symbol id="sm-5bd">
         <name>PMIC_tps653860xxClose</name>
         <value>0x700568ed</value>
         <object_component_ref idref="oc-33b"/>
      </symbol>
      <symbol id="sm-5be">
         <name>gPmicFxns_TPS653860xx</name>
         <value>0x70058fd4</value>
         <object_component_ref idref="oc-311"/>
      </symbol>
      <symbol id="sm-5cc">
         <name>PMIC_open</name>
         <value>0x70055f8d</value>
         <object_component_ref idref="oc-28d"/>
      </symbol>
      <symbol id="sm-5cd">
         <name>PMIC_configure</name>
         <value>0x70056793</value>
         <object_component_ref idref="oc-209"/>
      </symbol>
      <symbol id="sm-5ce">
         <name>PMIC_close</name>
         <value>0x70056845</value>
         <object_component_ref idref="oc-1c2"/>
      </symbol>
      <symbol id="sm-5dc">
         <name>fputc</name>
         <value>0x700531d4</value>
         <object_component_ref idref="oc-322"/>
      </symbol>
      <symbol id="sm-5dd">
         <name>putchar</name>
         <value>0x70056818</value>
         <object_component_ref idref="oc-2f2"/>
      </symbol>
      <symbol id="sm-5e7">
         <name>__TI_wrt_ok</name>
         <value>0x70053ef0</value>
         <object_component_ref idref="oc-347"/>
      </symbol>
      <symbol id="sm-5f1">
         <name>setvbuf</name>
         <value>0x70052340</value>
         <object_component_ref idref="oc-367"/>
      </symbol>
      <symbol id="sm-5ff">
         <name>abort</name>
         <value>0x70058b20</value>
         <object_component_ref idref="oc-b2"/>
      </symbol>
      <symbol id="sm-600">
         <name>C$$EXIT</name>
         <value>0x70058b20</value>
         <object_component_ref idref="oc-b2"/>
      </symbol>
      <symbol id="sm-601">
         <name>__TI_cleanup_ptr</name>
         <value>0x70058fec</value>
         <object_component_ref idref="oc-139"/>
      </symbol>
      <symbol id="sm-602">
         <name>__TI_dtors_ptr</name>
         <value>0x70058ff0</value>
         <object_component_ref idref="oc-139"/>
      </symbol>
      <symbol id="sm-603">
         <name>exit</name>
         <value>0x700554f8</value>
         <object_component_ref idref="oc-b7"/>
      </symbol>
      <symbol id="sm-60c">
         <name>_nop</name>
         <value>0x70056934</value>
         <object_component_ref idref="oc-1ce"/>
      </symbol>
      <symbol id="sm-60d">
         <name>_lock</name>
         <value>0x70059028</value>
         <object_component_ref idref="oc-137"/>
      </symbol>
      <symbol id="sm-60e">
         <name>_unlock</name>
         <value>0x7005902c</value>
         <object_component_ref idref="oc-13a"/>
      </symbol>
      <symbol id="sm-613">
         <name>_ftable</name>
         <value>0x70058b28</value>
         <object_component_ref idref="oc-323"/>
      </symbol>
      <symbol id="sm-614">
         <name>__TI_ft_end</name>
         <value>0x7005901c</value>
         <object_component_ref idref="oc-3a1"/>
      </symbol>
      <symbol id="sm-615">
         <name>__TI_tmpnams</name>
         <value>0x70041834</value>
         <object_component_ref idref="oc-3d8"/>
      </symbol>
      <symbol id="sm-635">
         <name>malloc</name>
         <value>0x700568ac</value>
         <object_component_ref idref="oc-380"/>
      </symbol>
      <symbol id="sm-636">
         <name>aligned_alloc</name>
         <value>0x700515bc</value>
         <object_component_ref idref="oc-39a"/>
      </symbol>
      <symbol id="sm-637">
         <name>free</name>
         <value>0x70051770</value>
         <object_component_ref idref="oc-37e"/>
      </symbol>
      <symbol id="sm-638">
         <name>_sys_memory</name>
         <value>0x70041a70</value>
         <object_component_ref idref="oc-49"/>
      </symbol>
      <symbol id="sm-639">
         <name>memalign</name>
         <value>0x700515bc</value>
         <object_component_ref idref="oc-39a"/>
      </symbol>
      <symbol id="sm-644">
         <name>__TI_auto_init_nobinit_nopinit</name>
         <value>0x70055448</value>
         <object_component_ref idref="oc-91"/>
      </symbol>
      <symbol id="sm-64f">
         <name>__TI_doflush</name>
         <value>0x700545e8</value>
         <object_component_ref idref="oc-351"/>
      </symbol>
      <symbol id="sm-65a">
         <name>__TI_cleanup</name>
         <value>0x70055340</value>
         <object_component_ref idref="oc-381"/>
      </symbol>
      <symbol id="sm-667">
         <name>fseek</name>
         <value>0x70056938</value>
         <object_component_ref idref="oc-362"/>
      </symbol>
      <symbol id="sm-668">
         <name>fseeko</name>
         <value>0x70053858</value>
         <object_component_ref idref="oc-37a"/>
      </symbol>
      <symbol id="sm-676">
         <name>__TI_closefile</name>
         <value>0x700537a4</value>
         <object_component_ref idref="oc-39b"/>
      </symbol>
      <symbol id="sm-688">
         <name>write</name>
         <value>0x700561dc</value>
         <object_component_ref idref="oc-34d"/>
      </symbol>
      <symbol id="sm-68d">
         <name>_device</name>
         <value>0x70058d50</value>
         <object_component_ref idref="oc-38a"/>
      </symbol>
      <symbol id="sm-68e">
         <name>_stream</name>
         <value>0x70058e7c</value>
         <object_component_ref idref="oc-36d"/>
      </symbol>
      <symbol id="sm-696">
         <name>remove</name>
         <value>0x7005693c</value>
         <object_component_ref idref="oc-3d4"/>
      </symbol>
      <symbol id="sm-6a1">
         <name>lseek</name>
         <value>0x700561a8</value>
         <object_component_ref idref="oc-394"/>
      </symbol>
      <symbol id="sm-6ab">
         <name>close</name>
         <value>0x70054700</value>
         <object_component_ref idref="oc-3d0"/>
      </symbol>
      <symbol id="sm-6b5">
         <name>unlink</name>
         <value>0x70055b64</value>
         <object_component_ref idref="oc-401"/>
      </symbol>
      <symbol id="sm-6bf">
         <name>HOSTclose</name>
         <value>0x70054ffc</value>
         <object_component_ref idref="oc-3a8"/>
      </symbol>
      <symbol id="sm-6c9">
         <name>HOSTlseek</name>
         <value>0x70054154</value>
         <object_component_ref idref="oc-3b4"/>
      </symbol>
      <symbol id="sm-6d3">
         <name>HOSTopen</name>
         <value>0x70054318</value>
         <object_component_ref idref="oc-3a4"/>
      </symbol>
      <symbol id="sm-6d4">
         <name>parmbuf</name>
         <value>0x70041a40</value>
         <object_component_ref idref="oc-3e2"/>
      </symbol>
      <symbol id="sm-6de">
         <name>HOSTread</name>
         <value>0x7005489c</value>
         <object_component_ref idref="oc-3ac"/>
      </symbol>
      <symbol id="sm-6ef">
         <name>HOSTrename</name>
         <value>0x70053db4</value>
         <object_component_ref idref="oc-3bc"/>
      </symbol>
      <symbol id="sm-6f9">
         <name>HOSTunlink</name>
         <value>0x70054ec0</value>
         <object_component_ref idref="oc-3b8"/>
      </symbol>
      <symbol id="sm-703">
         <name>HOSTwrite</name>
         <value>0x70054920</value>
         <object_component_ref idref="oc-3b0"/>
      </symbol>
      <symbol id="sm-711">
         <name>C$$IO$$</name>
         <value>0x7005543c</value>
         <object_component_ref idref="oc-3db"/>
      </symbol>
      <symbol id="sm-712">
         <name>__TI_writemsg</name>
         <value>0x700553f0</value>
         <object_component_ref idref="oc-3db"/>
      </symbol>
      <symbol id="sm-713">
         <name>__CIOBUF_</name>
         <value>0x70041714</value>
         <object_component_ref idref="oc-407"/>
      </symbol>
      <symbol id="sm-714">
         <name>__TI_readmsg</name>
         <value>0x70055398</value>
         <object_component_ref idref="oc-3e1"/>
      </symbol>
      <symbol id="sm-715">
         <name>_CIOBUF_</name>
         <value>0x70041714</value>
         <object_component_ref idref="oc-407"/>
      </symbol>
      <symbol id="sm-723">
         <name>finddevice</name>
         <value>0x7005554c</value>
         <object_component_ref idref="oc-422"/>
      </symbol>
      <symbol id="sm-724">
         <name>getdevice</name>
         <value>0x7005355c</value>
         <object_component_ref idref="oc-413"/>
      </symbol>
      <symbol id="sm-72f">
         <name>strcmp</name>
         <value>0x7004fbe0</value>
         <object_component_ref idref="oc-426"/>
      </symbol>
      <symbol id="sm-739">
         <name>__aeabi_ldiv0</name>
         <value>0x70056930</value>
         <object_component_ref idref="oc-283"/>
      </symbol>
      <symbol id="sm-73f">
         <name>__aeabi_memcpy</name>
         <value>0x7005692c</value>
         <object_component_ref idref="oc-147"/>
      </symbol>
      <symbol id="sm-740">
         <name>__aeabi_memcpy4</name>
         <value>0x7005692c</value>
         <object_component_ref idref="oc-147"/>
      </symbol>
      <symbol id="sm-741">
         <name>__aeabi_memcpy8</name>
         <value>0x7005692c</value>
         <object_component_ref idref="oc-147"/>
      </symbol>
      <symbol id="sm-74a">
         <name>__aeabi_memset</name>
         <value>0x70056808</value>
         <object_component_ref idref="oc-2fd"/>
      </symbol>
      <symbol id="sm-74b">
         <name>__aeabi_memset4</name>
         <value>0x70056808</value>
         <object_component_ref idref="oc-2fd"/>
      </symbol>
      <symbol id="sm-74c">
         <name>__aeabi_memset8</name>
         <value>0x70056808</value>
         <object_component_ref idref="oc-2fd"/>
      </symbol>
      <symbol id="sm-74d">
         <name>__aeabi_memclr</name>
         <value>0x700568a0</value>
         <object_component_ref idref="oc-89"/>
      </symbol>
      <symbol id="sm-74e">
         <name>__aeabi_memclr4</name>
         <value>0x700568a0</value>
         <object_component_ref idref="oc-89"/>
      </symbol>
      <symbol id="sm-74f">
         <name>__aeabi_memclr8</name>
         <value>0x700568a0</value>
         <object_component_ref idref="oc-89"/>
      </symbol>
      <symbol id="sm-755">
         <name>__aeabi_uldivmod</name>
         <value>0x700564b4</value>
         <object_component_ref idref="oc-168"/>
      </symbol>
      <symbol id="sm-75b">
         <name>__udivmoddi4</name>
         <value>0x70052ba0</value>
         <object_component_ref idref="oc-1f3"/>
      </symbol>
      <symbol id="sm-763">
         <name>TI_memcpy_small</name>
         <value>0x7005666c</value>
         <object_component_ref idref="oc-272"/>
      </symbol>
      <symbol id="sm-76b">
         <name>TI_memset_small</name>
         <value>0x70056750</value>
         <object_component_ref idref="oc-141"/>
      </symbol>
      <symbol id="sm-775">
         <name>gAddrTranslateConfig</name>
         <value>0x70058fc8</value>
         <object_component_ref idref="oc-203"/>
      </symbol>
      <symbol id="sm-776">
         <name>AddrTranslateP_getLocalAddr</name>
         <value>0x70054f2d</value>
         <object_component_ref idref="oc-18d"/>
      </symbol>
      <symbol id="sm-780">
         <name>CSL_armR5GetCpuID</name>
         <value>0x70056689</value>
         <object_component_ref idref="oc-40a"/>
      </symbol>
      <symbol id="sm-788">
         <name>TaskP_yield</name>
         <value>0x70054c1b</value>
         <object_component_ref idref="oc-2bf"/>
      </symbol>
      <symbol id="sm-78e">
         <name>CSL_armR5ReadMpidrReg</name>
         <value>0x700568cc</value>
         <object_component_ref idref="oc-41c"/>
      </symbol>
      <symbol id="sm-78f">
         <name>_system_post_cinit</name>
         <value>0x0</value>
      </symbol>
      <symbol id="sm-790">
         <name>__TI_Handler_Table_Limit</name>
         <value>0x0</value>
      </symbol>
      <symbol id="sm-791">
         <name>__TI_Handler_Table_Base</name>
         <value>0x0</value>
      </symbol>
      <symbol id="sm-792">
         <name>__TI_CINIT_Base</name>
         <value>0x0</value>
      </symbol>
      <symbol id="sm-793">
         <name>__TI_CINIT_Limit</name>
         <value>0x0</value>
      </symbol>
   </symbol_table>
   <title>Link successful</title>
</link_info>
