******************************************************************************
            TI ARM Clang Linker PC v3.2.1                      
******************************************************************************
>> Linked Fri Apr 26 11:22:59 2024

OUTPUT FILE NAME:   <epwm_hr_duty_cycle_am263px-cc_r5fss0-0_nortos_ti-arm-clang.out>
ENTRY POINT SYMBOL: "_vectors"  address: 00000000


MEMORY CONFIGURATION

         name            origin    length      used     unused   attr    fill
----------------------  --------  ---------  --------  --------  ----  --------
  R5F_VECS              00000000   00000040  00000040  00000000  RWIX
  R5F_TCMA              00000040   00007fc0  00000000  00007fc0  RWIX
  R5F_TCMB              00080000   00008000  00000000  00008000  RWIX
  MAILBOX_HSM           44000000   000003ce  00000000  000003ce  RWIX
  MAILBOX_R5F           44000400   000003ce  00000000  000003ce  RWIX
  FLASH                 60100000   00080000  00000000  00080000  RWIX
  SBL                   70000000   00040000  00000000  00040000  RWIX
  OCRAM                 70040000   00040000  0001a460  00025ba0  RWIX
  USER_SHM_MEM          701d0000   00004000  00000000  00004000  RWIX
  LOG_SHM_MEM           701d4000   00004000  00000000  00004000  RWIX
  RTOS_NORTOS_IPC_SHM_M 72000000   00003e80  00000000  00003e80  RWIX


SEGMENT ALLOCATION MAP

run origin  load origin   length   init length attrs members
----------  ----------- ---------- ----------- ----- -------
00000000    00000000    00000040   00000040    r-x
  00000000    00000000    00000040   00000040    r-x .vectors
70040000    70040000    0000da70   00000000    rw-
  70040000    70040000    00001a70   00000000    rw- .bss
  70041a70    70041a70    00008000   00000000    rw- .sysmem
  70049a70    70049a70    00004000   00000000    rw- .stack
7004da80    7004da80    0000b0a8   0000b0a8    r-x
  7004da80    7004da80    00008ee0   00008ee0    r-x .text
  70056960    70056960    000012f0   000012f0    r-- .rodata
  70057c50    70057c50    00000760   00000760    r-x .text.hwi
  700583b0    700583b0    00000430   00000430    r-x .text.cache
  700587e0    700587e0    00000218   00000218    r-x .text.mpu
  700589f8    700589f8    00000128   00000128    r-x .text.boot
  70058b20    70058b20    00000008   00000008    r-x .text:abort
70058b28    70058b28    00000548   00000548    rw-
  70058b28    70058b28    00000548   00000548    rw- .data
70059070    70059070    00001400   00000000    r--
  70059070    70059070    00000100   00000000    r-- .irqstack
  70059170    70059170    00000100   00000000    r-- .fiqstack
  70059270    70059270    00001000   00000000    r-- .svcstack
  7005a270    7005a270    00000100   00000000    r-- .abortstack
  7005a370    7005a370    00000100   00000000    r-- .undefinedstack


SECTION ALLOCATION MAP

 output                                  attributes/
section   page    origin      length       input sections
--------  ----  ----------  ----------   ----------------
.vectors   0    00000000    00000040     
                  00000000    00000040     nortos.am263px.r5f.ti-arm-clang.release.lib : HwiP_armv7r_vectors_nortos_asm.obj (.vectors)

.bss       0    70040000    00001a70     UNINITIALIZED
                  70040000    00001008     (.common:gHwiCtrl)
                  70041008    0000048c     ti_drivers_config.o (.bss.gMcspiObjects)
                  70041494    00000280     ti_drivers_config.o (.bss.gUartObjects)
                  70041714    00000120     libsysbm.a : trgmsg.c.obj (.bss:_CIOBUF_)
                  70041834    000000a0     libc.a : defs.c.obj (.bss.__TI_tmpnams)
                  700418d4    00000098     epwm_hr_duty_cycle.o (.bss.gEpwmSyncSemObject)
                  7004196c    00000068     ti_drivers_config.o (.bss.gEdmaObjects)
                  700419d4    00000004     nortos.am263px.r5f.ti-arm-clang.release.lib : HwiP_armv7r_vim.obj (.bss.gdummy)
                  700419d8    00000038     (.common:gClockCtrl)
                  70041a10    00000020     epwm_hr_duty_cycle.o (.bss.gEpwmHwiObject)
                  70041a30    00000010     (.common:virtToPhymap)
                  70041a40    00000008     libsysbm.a : hostopen.c.obj (.bss.parmbuf)
                  70041a48    00000008     (.common:gPmicObject)
                  70041a50    00000004     libc.a : memory.c.obj (.bss.sys_free)
                  70041a54    00000004     (.common:gEdmaHandle)
                  70041a58    00000004     (.common:gEpwmBaseAddr)
                  70041a5c    00000004     (.common:gMcspiHandle)
                  70041a60    00000004     (.common:gPmicHandle)
                  70041a64    00000004     (.common:gPmicMcspiRxBuffer)
                  70041a68    00000004     (.common:gPmicMcspiTxBuffer)
                  70041a6c    00000004     (.common:gUartHandle)

.sysmem    0    70041a70    00008000     UNINITIALIZED
                  70041a70    00000010     libc.a : memory.c.obj (.sysmem)
                  70041a80    00007ff0     --HOLE--

.stack     0    70049a70    00004000     UNINITIALIZED
                  70049a70    00000004     nortos.am263px.r5f.ti-arm-clang.release.lib : boot_armv7r_asm.obj (.stack)
                  70049a74    00003ffc     --HOLE--

.text      0    7004da80    00008ee0     
                  7004da80    00000f1a     ti_drivers_open_close.o (.text.Drivers_epwmOpen)
                  7004e99a    00000002     ti_board_config.o (.text.Board_deinit)
                  7004e99c    00000598     nortos.am263px.r5f.ti-arm-clang.release.lib : printf.obj (.text._vsnprintf)
                  7004ef34    000004b8     drivers.am263px.r5f.ti-arm-clang.release.lib : soc_rcm.obj (.text.SOC_rcmEnablePeripheralClock)
                  7004f3ec    00000454                                                  : uart_v0.obj (.text.UART_open)
                  7004f840    00000398     nortos.am263px.r5f.ti-arm-clang.release.lib : printf.obj (.text._ftoa)
                  7004fbd8    00000008                                                 : TimerP_rti.obj (.text.TimerP_clearOverflowInt)
                  7004fbe0    00000390     libc.a : strcmp32.S.obj (.text:strcmp)
                  7004ff70    00000310     nortos.am263px.r5f.ti-arm-clang.release.lib : printf.obj (.text._etoa)
                  70050280    000002fc     drivers.am263px.r5f.ti-arm-clang.release.lib : mcspi_v0.obj (.text.MCSPI_open)
                  7005057c    000002a8                                                  : edma.obj (.text.EDMA_init)
                  70050824    0000024c                                                  : soc_rcm.obj (.text.SOC_rcmSetPeripheralClock)
                  70050a70    00000200                                                  : edma.obj (.text.EDMA_freeChannelRegion)
                  70050c70    000001fe                                                  : mcspi_dma_edma.obj (.text.MCSPI_lld_dmaTransfer)
                  70050e6e    00000002     ti_board_config.o (.text.Board_init)
                  70050e70    000001f0     drivers.am263px.r5f.ti-arm-clang.release.lib : uart_v0.obj (.text.UART_write)
                  70051060    000001d8                                                  : uart_v0.obj (.text.UART_controllerIsr)
                  70051238    000001cc                                                  : mcspi_v0_lld.obj (.text.MCSPI_transferControllerPoll)
                  70051404    000001b8                                                  : mcspi_v0_lld.obj (.text.MCSPI_lld_controllerIsr)
                  700515bc    000001b4     libc.a : memory.c.obj (.text.aligned_alloc)
                  70051770    000001b0            : memory.c.obj (.text.free)
                  70051920    000001a0     drivers.am263px.r5f.ti-arm-clang.release.lib : mcspi_dma_edma.obj (.text.MCSPI_lld_dmaChInit)
                  70051ac0    0000019c                                                  : mcspi_v0_lld.obj (.text.MCSPI_lld_chConfig)
                  70051c5c    0000018c                                                  : mcspi_v0.obj (.text.MCSPI_transfer)
                  70051de8    00000168                                                  : edma.obj (.text.EDMA_deinit)
                  70051f50    00000156                                                  : mcspi_dma_edma.obj (.text.MCSPI_lld_dmaDeInit)
                  700520a6    00000152     nortos.am263px.r5f.ti-arm-clang.release.lib : printf.obj (.text._ntoa_format)
                  700521f8    00000148     drivers.am263px.r5f.ti-arm-clang.release.lib : soc.obj (.text.SOC_virtToPhy)
                  70052340    00000144     libc.a : setvbuf.c.obj (.text.setvbuf)
                  70052484    00000140     nortos.am263px.r5f.ti-arm-clang.release.lib : TimerP_rti.obj (.text.TimerP_setup)
                  700525c4    0000013c     epwm_hr_duty_cycle.o (.text.epwm_hr_duty_cycle_main)
                  70052700    0000012c     drivers.am263px.r5f.ti-arm-clang.release.lib : mcspi_v0_lld.obj (.text.MCSPI_lld_readWrite)
                  7005282c    0000012c                                                  : uart_v0.obj (.text.UART_close)
                  70052958    00000124                                                  : edma.obj (.text.Alloc_resource)
                  70052a7c    00000124                                                  : mcspi_v0_lld.obj (.text.MCSPI_lld_readWriteIntr)
                  70052ba0    00000118     libclang_rt.builtins.a : udivmoddi4.S.obj (.text)
                  70052cb8    00000114     drivers.am263px.r5f.ti-arm-clang.release.lib : soc_rcm.obj (.text.SOC_rcmGetPeripheralClockFrequency)
                  70052dcc    00000108                                                  : edma.obj (.text.EDMA_transferCompletionMasterIsrFxn)
                  70052ed4    00000102     nortos.am263px.r5f.ti-arm-clang.release.lib : ClockP_nortos_r5.obj (.text.ClockP_init)
                  70052fd6    00000002     ti_dpl_config.o (.text.Dpl_deinit)
                  70052fd8    00000100     drivers.am263px.r5f.ti-arm-clang.release.lib : mcspi_v0.obj (.text.MCSPI_close)
                  700530d8    000000fc                                                  : mcspi_v0_lld.obj (.text.MCSPI_lld_initDma)
                  700531d4    000000f4     libc.a : fputc.c.obj (.text.fputc)
                  700532c8    000000e6     drivers.am263px.r5f.ti-arm-clang.release.lib : mcspi_v0_lld.obj (.text.MCSPI_continuePeripheralTxRx)
                  700533ae    000000e2                                                  : mcspi_v0_lld.obj (.text.MCSPI_lld_readWriteDma)
                  70053490    000000cc                                                  : mcspi_v0_lld.obj (.text.MCSPI_lld_init)
                  7005355c    000000c8     libc.a : getdevice.c.obj (.text.getdevice)
                  70053624    000000c4     drivers.am263px.r5f.ti-arm-clang.release.lib : edma.obj (.text.EDMA_unregisterIntr)
                  700536e8    000000bc                                                  : edma.obj (.text.EDMA_registerIntr)
                  700537a4    000000b4     libc.a : fclose.c.obj (.text.__TI_closefile)
                  70053858    000000b4            : fseek.c.obj (.text.fseeko)
                  7005390c    000000b0     nortos.am263px.r5f.ti-arm-clang.release.lib : printf.obj (.text._ntoa_long_long)
                  700539bc    000000ac     drivers.am263px.r5f.ti-arm-clang.release.lib : edma.obj (.text.EDMA_open)
                  70053a68    000000ac                                                  : soc_rcm.obj (.text.SOC_rcmGetCoreHSDivOut)
                  70053b14    000000ac                                                  : uart_v0.obj (.text.UART_divisorLatchWrite)
                  70053bc0    000000aa     board.am263px.r5f.ti-arm-clang.release.lib : pmic_tps653860xx.obj (.text.PMIC_tps653860xxConfigure)
                  70053c6a    000000a6     nortos.am263px.r5f.ti-arm-clang.release.lib : printf.obj (.text._out_rev)
                  70053d10    000000a4     libc.a : memory.c.obj (.text.split)
                  70053db4    000000a0     libsysbm.a : hostrename.c.obj (.text.HOSTrename)
                  70053e54    0000009c     board.am263px.r5f.ti-arm-clang.release.lib : pmic_tps653860xx.obj (.text.PMIC_mcspiReadRegister)
                  70053ef0    0000009c     libc.a : _io_perm.c.obj (.text.__TI_wrt_ok)
                  70053f8c    00000098     drivers.am263px.r5f.ti-arm-clang.release.lib : edma.obj (.text.EDMA_freeDmaChannel)
                  70054024    00000098                                                  : edma.obj (.text.EDMA_freeParam)
                  700540bc    00000098                                                  : edma.obj (.text.EDMA_freeTcc)
                  70054154    00000098     libsysbm.a : hostlseek.c.obj (.text.HOSTlseek)
                  700541ec    00000096     nortos.am263px.r5f.ti-arm-clang.release.lib : SemaphoreP_nortos.obj (.text.SemaphoreP_pend)
                  70054282    00000094     drivers.am263px.r5f.ti-arm-clang.release.lib : edma.obj (.text.EDMA_configureChannelRegion)
                  70054316    00000002     nortos.am263px.r5f.ti-arm-clang.release.lib : SemaphoreP_nortos.obj (.text.SemaphoreP_destruct)
                  70054318    00000094     libsysbm.a : hostopen.c.obj (.text.HOSTopen)
                  700543ac    00000090     drivers.am263px.r5f.ti-arm-clang.release.lib : mcspi_v0_lld.obj (.text.MCSPI_setFifoConfig)
                  7005443c    00000090     board.am263px.r5f.ti-arm-clang.release.lib : pmic_tps653860xx.obj (.text.PMIC_mcspiWriteRegister)
                  700544cc    00000090     drivers.am263px.r5f.ti-arm-clang.release.lib : uart_v0.obj (.text.UART_flushTxFifo)
                  7005455c    0000008c                                                  : uart_v0.obj (.text.UART_procLineStatusErr)
                  700545e8    0000008c     libc.a : fflush.c.obj (.text.__TI_doflush)
                  70054674    0000008c     nortos.am263px.r5f.ti-arm-clang.release.lib : printf.obj (.text._ntoa_long)
                  70054700    0000008c     libsysbm.a : close.c.obj (.text.close)
                  7005478c    00000088     drivers.am263px.r5f.ti-arm-clang.release.lib : mcspi_v0_lld.obj (.text.MCSPI_fifoRead)
                  70054814    00000088                                                  : uart_v0.obj (.text.UART_init)
                  7005489c    00000084     libsysbm.a : hostread.c.obj (.text.HOSTread)
                  70054920    00000084                : hostwrite.c.obj (.text.HOSTwrite)
                  700549a4    00000084     drivers.am263px.r5f.ti-arm-clang.release.lib : mcspi_v0_lld.obj (.text.MCSPI_setPeripheralFifoConfig)
                  70054a28    00000080                                                  : mcspi_dma_edma.obj (.text.MCSPI_lld_dmaStop)
                  70054aa8    00000080                                                  : mcspi_v0_lld.obj (.text.MCSPI_lld_peripheralIsr)
                  70054b28    0000007a                                                  : mcspi_v0_lld.obj (.text.MCSPI_initiateLastChunkTransfer)
                  70054ba2    00000078                                                  : mcspi_dma_edma.obj (.text.MCSPI_edmaIsrTx)
                  70054c1a    00000002     nortos.am263px.r5f.ti-arm-clang.release.lib : TaskP_nortos.obj (.text.TaskP_yield)
                  70054c1c    00000078     drivers.am263px.r5f.ti-arm-clang.release.lib : mcspi_v0.obj (.text.MCSPI_init)
                  70054c94    00000072                                                  : mcspi_v0_lld.obj (.text.MCSPI_stop)
                  70054d06    00000070                                                  : mcspi_v0_lld.obj (.text.MCSPI_transferPeripheralPoll)
                  70054d76    0000006e                                                  : edma.obj (.text.EDMA_disableTransferRegion)
                  70054de4    0000006e                                                  : edma.obj (.text.EDMA_enableTransferRegion)
                  70054e52    00000002     nortos.am263px.r5f.ti-arm-clang.release.lib : printf.obj (.text._out_null)
                  70054e54    0000006c     drivers.am263px.r5f.ti-arm-clang.release.lib : edma.obj (.text.EDMA_close)
                  70054ec0    0000006c     libsysbm.a : hostunlink.c.obj (.text.HOSTunlink)
                  70054f2c    00000068     nortos.am263px.r5f.ti-arm-clang.release.lib : AddrTranslateP_32bit.obj (.text.AddrTranslateP_getLocalAddr)
                  70054f94    00000066     drivers.am263px.r5f.ti-arm-clang.release.lib : mcspi_v0_lld.obj (.text.MCSPI_fifoWrite)
                  70054ffa    00000002     --HOLE-- [fill = 0]
                  70054ffc    00000060     libsysbm.a : hostclose.c.obj (.text.HOSTclose)
                  7005505c    00000060     nortos.am263px.r5f.ti-arm-clang.release.lib : PmuP_armv7r.obj (.text.pmu)
                  700550bc    0000005e                                                 : ClockP_nortos.obj (.text.ClockP_timerTickIsr)
                  7005511a    0000005e     drivers.am263px.r5f.ti-arm-clang.release.lib : mcspi_v0_lld.obj (.text.MCSPI_setChDataSize)
                  70055178    0000005c                                                  : soc.obj (.text.SOC_controlModuleLockMMR)
                  700551d4    0000005c                                                  : soc.obj (.text.SOC_controlModuleUnlockMMR)
                  70055230    0000005c                                                  : uart_v0.obj (.text.UART_writeCancelNoCB)
                  7005528c    0000005c     nortos.am263px.r5f.ti-arm-clang.release.lib : DebugP_log.obj (.text._DebugP_assert)
                  700552e8    00000058     ti_board_open_close.o (.text.Board_pmicOpen)
                  70055340    00000058     libc.a : fopen.c.obj (.text.__TI_cleanup)
                  70055398    00000058     libsysbm.a : trgmsg.c.obj (.text.__TI_readmsg)
                  700553f0    00000058                : trgmsg.c.obj (.text.__TI_writemsg)
                  70055448    00000058     libc.a : autoinit.c.obj (.text:__TI_auto_init_nobinit_nopinit)
                  700554a0    00000056     nortos.am263px.r5f.ti-arm-clang.release.lib : ClockP_nortos.obj (.text.ClockP_getTimeUsec)
                  700554f6    00000002     --HOLE-- [fill = 0]
                  700554f8    00000054     libc.a : exit.c.obj (.text.exit)
                  7005554c    00000054            : getdevice.c.obj (.text.finddevice)
                  700555a0    00000052     drivers.am263px.r5f.ti-arm-clang.release.lib : uart_v0.obj (.text.UART_intrDisable)
                  700555f2    00000052                                                  : uart_v0.obj (.text.UART_readData)
                  70055644    00000050     nortos.am263px.r5f.ti-arm-clang.release.lib : ClockP_nortos.obj (.text.ClockP_addToList)
                  70055694    00000050                                                 : ClockP_nortos.obj (.text.ClockP_construct)
                  700556e4    00000050     drivers.am263px.r5f.ti-arm-clang.release.lib : edma.obj (.text.EDMA_allocDmaChannel)
                  70055734    00000050                                                  : edma.obj (.text.EDMA_allocParam)
                  70055784    00000050                                                  : edma.obj (.text.EDMA_allocTcc)
                  700557d4    00000050     nortos.am263px.r5f.ti-arm-clang.release.lib : SemaphoreP_nortos.obj (.text.SemaphoreP_constructCounting)
                  70055824    0000004e     ti_drivers_open_close.o (.text.Drivers_uartOpen)
                  70055872    0000004e     drivers.am263px.r5f.ti-arm-clang.release.lib : edma.obj (.text.EDMA_disableChInShadowRegRegion)
                  700558c0    0000004c     ti_drivers_open_close.o (.text.Drivers_edmaOpen)
                  7005590c    0000004c     ti_drivers_open_close.o (.text.Drivers_mcspiOpen)
                  70055958    0000004c     drivers.am263px.r5f.ti-arm-clang.release.lib : mcspi_v0_lld.obj (.text.MCSPI_configInstance)
                  700559a4    0000004c                                                  : mcspi_v0.obj (.text.MCSPI_transferCallback)
                  700559f0    0000004c                                                  : mcspi_v0_lld.obj (.text.MCSPI_transferControllerIntr)
                  70055a3c    0000004c                                                  : uart_dma.obj (.text.UART_dmaDisableChannel)
                  70055a88    0000004a                                                  : mcspi_v0_lld.obj (.text.MCSPI_lld_deInitDma)
                  70055ad2    00000002     --HOLE-- [fill = 0]
                  70055ad4    00000048                                                  : soc.obj (.text.SOC_setEpwmGroup)
                  70055b1c    00000048                                                  : uart_dma.obj (.text.UART_dmaClose)
                  70055b64    00000048     libsysbm.a : unlink.c.obj (.text.unlink)
                  70055bac    00000044     drivers.am263px.r5f.ti-arm-clang.release.lib : soc.obj (.text.SOC_setEpwmTbClk)
                  70055bf0    00000040     nortos.am263px.r5f.ti-arm-clang.release.lib : ClockP_nortos.obj (.text.ClockP_stop)
                  70055c30    00000040     ti_dpl_config.o (.text.Dpl_init)
                  70055c70    00000040     ti_drivers_open_close.o (.text.Drivers_close)
                  70055cb0    00000040     drivers.am263px.r5f.ti-arm-clang.release.lib : edma.obj (.text.EDMA_mapChToEvtQ)
                  70055cf0    00000040                                                  : pinmux.obj (.text.Pinmux_config)
                  70055d30    00000040     nortos.am263px.r5f.ti-arm-clang.release.lib : SemaphoreP_nortos.obj (.text.SemaphoreP_constructBinary)
                  70055d70    00000040     libc.a : memory.c.obj (.text.free_list_insert)
                  70055db0    0000003e     nortos.am263px.r5f.ti-arm-clang.release.lib : SemaphoreP_nortos.obj (.text.SemaphoreP_constructMutex)
                  70055dee    00000002     --HOLE-- [fill = 0]
                  70055df0    0000003c     drivers.am263px.r5f.ti-arm-clang.release.lib : edma.obj (.text.EDMA_getBaseAddr)
                  70055e2c    0000003c                                                  : mcspi_v0.obj (.text.MCSPI_errorCallback)
                  70055e68    0000003c                                                  : soc_rcm.obj (.text.SOC_rcmADPLLJGetFOut)
                  70055ea4    0000003a     epwm_hr_duty_cycle.o (.text.App_epwmIntrISR)
                  70055ede    0000003a     nortos.am263px.r5f.ti-arm-clang.release.lib : ClockP_nortos.obj (.text.ClockP_destruct)
                  70055f18    0000003a                                                 : DebugP_uartLogWriter.obj (.text.DebugP_uartLogWriterPutChar)
                  70055f52    0000003a     drivers.am263px.r5f.ti-arm-clang.release.lib : mcspi_dma_edma.obj (.text.MCSPI_edmaIsrRx)
                  70055f8c    00000038     board.am263px.r5f.ti-arm-clang.release.lib : pmic.obj (.text.PMIC_open)
                  70055fc4    00000038     drivers.am263px.r5f.ti-arm-clang.release.lib : uart_dma.obj (.text.UART_dmaOpen)
                  70055ffc    00000038     nortos.am263px.r5f.ti-arm-clang.release.lib : DebugP_nortos.obj (.text._DebugP_logZone)
                  70056034    00000036     ti_drivers_open_close.o (.text.Drivers_open)
                  7005606a    00000036     drivers.am263px.r5f.ti-arm-clang.release.lib : edma.obj (.text.EDMA_clrMissEvtRegion)
                  700560a0    00000036     ti_power_clock_config.o (.text.Module_clockSetFrequency)
                  700560d6    00000036     ti_drivers_config.o (.text.System_init)
                  7005610c    00000034     nortos.am263px.r5f.ti-arm-clang.release.lib : ClockP_nortos.obj (.text.ClockP_start)
                  70056140    00000034     drivers.am263px.r5f.ti-arm-clang.release.lib : soc_rcm.obj (.text.SOC_rcmGetModuleClkDivVal)
                  70056174    00000034     libc.a : memory.c.obj (.text.free_list_remove)
                  700561a8    00000034     libsysbm.a : lseek.c.obj (.text.lseek)
                  700561dc    00000034                : write.c.obj (.text.write)
                  70056210    00000032     nortos.am263px.r5f.ti-arm-clang.release.lib : ClockP_nortos.obj (.text.ClockP_usleep)
                  70056242    00000032     drivers.am263px.r5f.ti-arm-clang.release.lib : edma.obj (.text.EDMA_unmapChToEvtQ)
                  70056274    00000032     nortos.am263px.r5f.ti-arm-clang.release.lib : SemaphoreP_nortos.obj (.text.SemaphoreP_post)
                  700562a6    00000002     --HOLE-- [fill = 0]
                  700562a8    00000030                                                 : PmuP_armv7r_asm.obj (.text.pmu)
                  700562d8    0000002e     drivers.am263px.r5f.ti-arm-clang.release.lib : edma.obj (.text.EDMA_enableChInShadowRegRegion)
                  70056306    0000002e     ti_power_clock_config.o (.text.Module_clockDisable)
                  70056334    0000002e     ti_power_clock_config.o (.text.Module_clockEnable)
                  70056362    00000002     --HOLE-- [fill = 0]
                  70056364    0000002c     drivers.am263px.r5f.ti-arm-clang.release.lib : mcspi_v0.obj (.text.MCSPI_getHandle)
                  70056390    0000002c                                                  : soc_rcm.obj (.text.SOC_rcmGetR5Clock)
                  700563bc    0000002c                                                  : uart_v0.obj (.text.UART_getHandle)
                  700563e8    0000002a     board.am263px.r5f.ti-arm-clang.release.lib : pmic_tps653860xx.obj (.text.PMIC_tps653860xxOpen)
                  70056412    00000028     nortos.am263px.r5f.ti-arm-clang.release.lib : ClockP_nortos.obj (.text.ClockP_sleepTicks)
                  7005643a    00000028     ti_board_open_close.o (.text.Drivers_pmicOpen)
                  70056462    00000002     --HOLE-- [fill = 0]
                  70056464    00000028     drivers.am263px.r5f.ti-arm-clang.release.lib : soc.obj (.text.SOC_moduleSetClockFrequency)
                  7005648c    00000026                                                  : edma.obj (.text.EDMA_setPaRAM)
                  700564b2    00000002     --HOLE-- [fill = 0]
                  700564b4    00000024     libclang_rt.builtins.a : aeabi_uldivmod.S.obj (.text.__aeabi_uldivmod)
                  700564d8    00000024     nortos.am263px.r5f.ti-arm-clang.release.lib : printf.obj (.text.vprintf_)
                  700564fc    00000022     drivers.am263px.r5f.ti-arm-clang.release.lib : edma.obj (.text.EDMA_linkChannel)
                  7005651e    00000022                                                  : mcspi_v0_lld.obj (.text.MCSPI_transferPeripheralIntr)
                  70056540    00000022     ti_drivers_config.o (.text.System_deinit)
                  70056562    00000020     nortos.am263px.r5f.ti-arm-clang.release.lib : DebugP_log.obj (.text.DebugP_logZoneEnable)
                  70056582    00000020                                                 : TimerP_rti.obj (.text.TimerP_Params_init)
                  700565a2    00000020     drivers.am263px.r5f.ti-arm-clang.release.lib : uart_v0.obj (.text.UART_getChar)
                  700565c2    0000001c                                                  : mcspi_v0_lld.obj (.text.MCSPI_getFifoTrigLvl)
                  700565de    0000001c                                                  : mcspi_v0_lld.obj (.text.MCSPI_lld_deInit)
                  700565fa    00000002     --HOLE-- [fill = 0]
                  700565fc    0000001c                                                  : soc_rcm.obj (.text.SOC_rcmIsR5FInLockStepMode)
                  70056618    0000001c     nortos.am263px.r5f.ti-arm-clang.release.lib : boot_armv7r.obj (.text._system_pre_init)
                  70056634    0000001c     main.o (.text.main)
                  70056650    0000001c     libsysbm.a : hostrename.c.obj (.text.strlen)
                  7005666c    0000001c     libc.a : memcpy32.S.obj (.text:TI_memcpy_small)
                  70056688    0000001a     nortos.am263px.r5f.ti-arm-clang.release.lib : CpuId_armv7r.obj (.text.CSL_armR5GetCpuID)
                  700566a2    0000001a     drivers.am263px.r5f.ti-arm-clang.release.lib : uart_v0.obj (.text.UART_enhanFuncEnable)
                  700566bc    0000001a                                                  : uart_dma.obj (.text.UART_writeInterruptDma)
                  700566d6    00000018     ti_board_open_close.o (.text.Board_driversClose)
                  700566ee    00000018     ti_drivers_open_close.o (.text.Drivers_mcspiClose)
                  70056706    00000002     --HOLE-- [fill = 0]
                  70056708    00000018     drivers.am263px.r5f.ti-arm-clang.release.lib : mcspi_v0.obj (.text.MCSPI_deinit)
                  70056720    00000018     nortos.am263px.r5f.ti-arm-clang.release.lib : TimerP_rti.obj (.text.TimerP_getCount)
                  70056738    00000018     drivers.am263px.r5f.ti-arm-clang.release.lib : uart_v0.obj (.text.UART_deinit)
                  70056750    00000018     libc.a : memset32.S.obj (.text:TI_memset_small)
                  70056768    00000016     drivers.am263px.r5f.ti-arm-clang.release.lib : mcspi_v0_lld.obj (.text.MCSPI_reset)
                  7005677e    00000014                                                  : edma.obj (.text.EDMA_getRegionId)
                  70056792    00000014     board.am263px.r5f.ti-arm-clang.release.lib : pmic.obj (.text.PMIC_configure)
                  700567a6    00000014     drivers.am263px.r5f.ti-arm-clang.release.lib : uart_v0.obj (.text.UART_enhanFuncBitValRestore)
                  700567ba    00000002     --HOLE-- [fill = 0]
                  700567bc    00000014     libsysbm.a : hostrename.c.obj (.text.strcpy)
                  700567d0    00000012     drivers.am263px.r5f.ti-arm-clang.release.lib : mcspi_dma_edma.obj (.text.MCSPI_lld_dmaInit)
                  700567e2    00000012                                                  : uart_v0.obj (.text.UART_readLineStatus)
                  700567f4    00000012     ti_dpl_config.o (.text.putchar_)
                  70056806    00000002     --HOLE-- [fill = 0]
                  70056808    00000010     libclang_rt.builtins.a : aeabi_memset.S.obj (.text.__aeabi_memset)
                  70056818    00000010     libc.a : fputc.c.obj (.text.putchar)
                  70056828    0000000e     drivers.am263px.r5f.ti-arm-clang.release.lib : edma.obj (.text.EDMA_ccPaRAMEntry_init)
                  70056836    0000000e                                                  : etpwm.obj (.text.EPWM_setEmulationMode)
                  70056844    0000000e     board.am263px.r5f.ti-arm-clang.release.lib : pmic.obj (.text.PMIC_close)
                  70056852    0000000e     ti_pinmux_config.o (.text.Pinmux_init)
                  70056860    0000000e     ti_power_clock_config.o (.text.PowerClock_init)
                  7005686e    0000000c     nortos.am263px.r5f.ti-arm-clang.release.lib : ClockP_nortos.obj (.text.ClockP_getTicks)
                  7005687a    0000000c                                                 : DebugP_uartLogWriter.obj (.text.DebugP_uartSetDrvIndex)
                  70056886    0000000c     drivers.am263px.r5f.ti-arm-clang.release.lib : edma.obj (.text.EDMA_isInitialized)
                  70056892    0000000c                                                  : soc.obj (.text.SOC_getSelfCpuClk)
                  7005689e    00000002     --HOLE-- [fill = 0]
                  700568a0    0000000c     libclang_rt.builtins.a : aeabi_memset.S.obj (.text.__aeabi_memclr)
                  700568ac    0000000c     libc.a : memory.c.obj (.text.malloc)
                  700568b8    00000008     nortos.am263px.r5f.ti-arm-clang.release.lib : printf.obj (.text._out_char)
                  700568c0    0000000c     libc.a : strcmp32.S.obj (.text)
                  700568cc    0000000c     nortos.am263px.r5f.ti-arm-clang.release.lib : CpuId_armv7r_asm.obj (.text)
                  700568d8    0000000a                                                 : ClockP_nortos.obj (.text.ClockP_Params_init)
                  700568e2    0000000a                                                 : ClockP_nortos.obj (.text.ClockP_isActive)
                  700568ec    0000000a     board.am263px.r5f.ti-arm-clang.release.lib : pmic_tps653860xx.obj (.text.PMIC_tps653860xxClose)
                  700568f6    0000000a     nortos.am263px.r5f.ti-arm-clang.release.lib : TimerP_rti.obj (.text.TimerP_getReloadCount)
                  70056900    0000000a                                                 : TimerP_rti.obj (.text.TimerP_start)
                  7005690a    00000006     drivers.am263px.r5f.ti-arm-clang.release.lib : edma.obj (.text.EDMA_isInterruptEnabled)
                  70056910    00000006                                                  : soc.obj (.text.SOC_moduleClockEnable)
                  70056916    00000006                                                  : soc_rcm.obj (.text.SOC_rcmGetCR5SysclkInFrequency)
                  7005691c    00000004     ti_board_open_close.o (.text.Board_driversOpen)
                  70056920    00000004     nortos.am263px.r5f.ti-arm-clang.release.lib : ClockP_nortos_r5.obj (.text.ClockP_getTimerCount)
                  70056924    00000004                                                 : ClockP_nortos_r5.obj (.text.ClockP_timerClearOverflowInt)
                  70056928    00000004     ti_power_clock_config.o (.text.PowerClock_deinit)
                  7005692c    00000004     libclang_rt.builtins.a : aeabi_memcpy.S.obj (.text.__aeabi_memcpy)
                  70056930    00000004                            : aeabi_div0.c.obj (.text.__aeabi_ldiv0)
                  70056934    00000004     libc.a : _lock.c.obj (.text._nop)
                  70056938    00000004            : fseek.c.obj (.text.fseek)
                  7005693c    00000004     libsysbm.a : remove.c.obj (.text.remove)
                  70056940    00000008     nortos.am263px.r5f.ti-arm-clang.release.lib : HwiP_armv7r_asm.obj (.tramp.HwiP_enable.1)
                  70056948    00000008                                                 : HwiP_armv7r_asm.obj (.tramp.HwiP_restore.1)
                  70056950    00000008                                                 : PmuP_armv7r_asm.obj (.tramp.PmuP_enableCounters.1)
                  70056958    00000008     --HOLE-- [fill = 0]

.rodata    0    70056960    000012f0     
                  70056960    00000087     ti_drivers_open_close.o (.rodata.str1.93166126515826041681)
                  700569e7    00000064     ti_drivers_open_close.o (.rodata.str1.95462903191629631731)
                  70056a4b    00000001     --HOLE-- [fill = 0]
                  70056a4c    00000054     ti_dpl_config.o (.rodata.cfg)
                  70056aa0    00000051     drivers.am263px.r5f.ti-arm-clang.release.lib : mcspi_v0.obj (.rodata.str1.16564562563681258331)
                  70056af1    00000006     board.am263px.r5f.ti-arm-clang.release.lib : pmic_tps653860xx.obj (.rodata.str1.174200162626594193851)
                  70056af7    00000001     --HOLE-- [fill = 0]
                  70056af8    00000050     nortos.am263px.r5f.ti-arm-clang.release.lib : printf.obj (.rodata._ftoa.pow10)
                  70056b48    00000048     drivers.am263px.r5f.ti-arm-clang.release.lib : soc_rcm.obj (.rodata.gADPLLJConfigTbl)
                  70056b90    00000048                                                  : mcspi_v0_lld.obj (.rodata.str1.147542387533973564571)
                  70056bd8    00000046     ti_drivers_open_close.o (.rodata.str1.61214289677016430531)
                  70056c1e    00000041     ti_drivers_open_close.o (.rodata.str1.55292635925235043271)
                  70056c5f    0000003d     nortos.am263px.r5f.ti-arm-clang.release.lib : TimerP_rti.obj (.rodata.str1.127871409925583167061)
                  70056c9c    0000003a     epwm_hr_duty_cycle.o (.rodata.str1.176293405089464035781)
                  70056cd6    00000037     nortos.am263px.r5f.ti-arm-clang.release.lib : SemaphoreP_nortos.obj (.rodata.str1.77784356401422800491)
                  70056d0d    00000036     ti_drivers_open_close.o (.rodata.str1.93079820704098108021)
                  70056d43    00000035     ti_drivers_open_close.o (.rodata.str1.180798386837276072261)
                  70056d78    00000035     ti_board_open_close.o (.rodata.str1.37579006416461608171)
                  70056dad    00000035     ti_drivers_open_close.o (.rodata.str1.50282807179333888911)
                  70056de2    00000035     ti_drivers_open_close.o (.rodata.str1.65579262704178835781)
                  70056e17    0000002f     ti_drivers_open_close.o (.rodata.str1.98365864125557558091)
                  70056e46    0000002e     ti_drivers_open_close.o (.rodata.str1.145625160331650313401)
                  70056e74    0000002e     ti_drivers_open_close.o (.rodata.str1.182881039347759045261)
                  70056ea2    0000002e     ti_drivers_open_close.o (.rodata.str1.36147435223286073521)
                  70056ed0    0000002e     nortos.am263px.r5f.ti-arm-clang.release.lib : ClockP_nortos.obj (.rodata.str1.60552435462749564001)
                  70056efe    0000002d     ti_drivers_open_close.o (.rodata.str1.36003365003316362241)
                  70056f2b    0000002c     ti_drivers_open_close.o (.rodata.str1.46568602442934790311)
                  70056f57    0000002b     ti_drivers_open_close.o (.rodata.str1.101891973022854088831)
                  70056f82    0000002b     ti_drivers_open_close.o (.rodata.str1.160970982849174569281)
                  70056fad    0000002b     ti_drivers_open_close.o (.rodata.str1.59634649327814525761)
                  70056fd8    0000002b     ti_drivers_open_close.o (.rodata.str1.6028048381469852341)
                  70057003    0000002a     nortos.am263px.r5f.ti-arm-clang.release.lib : DebugP_log.obj (.rodata.str1.8568035916953519521)
                  7005702d    00000028     ti_drivers_open_close.o (.rodata.str1.111079628099671167501)
                  70057055    00000028     ti_drivers_open_close.o (.rodata.str1.8534741966240043441)
                  7005707d    00000027     nortos.am263px.r5f.ti-arm-clang.release.lib : ClockP_nortos_r5.obj (.rodata.str1.124546920576200709321)
                  700570a4    00000026     ti_drivers_open_close.o (.rodata.str1.22006154181235228731)
                  700570ca    00000026     ti_drivers_open_close.o (.rodata.str1.73193096772107612471)
                  700570f0    00000026     ti_drivers_open_close.o (.rodata.str1.86125717172167196721)
                  70057116    00000025     ti_drivers_open_close.o (.rodata.str1.132617274760689842851)
                  7005713b    00000025     ti_drivers_open_close.o (.rodata.str1.179567884830519210391)
                  70057160    00000025     ti_drivers_open_close.o (.rodata.str1.20447427721395567321)
                  70057185    00000025     ti_drivers_open_close.o (.rodata.str1.32888161937879333671)
                  700571aa    00000024     drivers.am263px.r5f.ti-arm-clang.release.lib : edma.obj (.rodata.str1.76418684701105564031)
                  700571ce    00000023     ti_drivers_open_close.o (.rodata.str1.115143117733438412541)
                  700571f1    00000023     nortos.am263px.r5f.ti-arm-clang.release.lib : ClockP_nortos_r5.obj (.rodata.str1.25776369892830718361)
                  70057214    00000023     epwm_hr_duty_cycle.o (.rodata.str1.3499225378059165501)
                  70057237    00000023     drivers.am263px.r5f.ti-arm-clang.release.lib : soc_rcm.obj (.rodata.str1.95422110079858904461)
                  7005725a    00000022     ti_drivers_open_close.o (.rodata.str1.19170167848599149941)
                  7005727c    00000022     drivers.am263px.r5f.ti-arm-clang.release.lib : edma.obj (.rodata.str1.71946734960229262581)
                  7005729e    00000021     nortos.am263px.r5f.ti-arm-clang.release.lib : ClockP_nortos_r5.obj (.rodata.str1.167645692065458388701)
                  700572bf    00000021     ti_drivers_open_close.o (.rodata.str1.72724159376006663781)
                  700572e0    00000020     ti_drivers_open_close.o (.rodata.str1.115398057666531324681)
                  70057300    00000020     ti_drivers_open_close.o (.rodata.str1.13832211863870440631)
                  70057320    00000020     epwm_hr_duty_cycle.o (.rodata.str1.22621776631216534171)
                  70057340    00000020     ti_drivers_open_close.o (.rodata.str1.26206571003539097491)
                  70057360    00000020     ti_drivers_open_close.o (.rodata.str1.47359258813530105921)
                  70057380    0000001f     drivers.am263px.r5f.ti-arm-clang.release.lib : uart_v0.obj (.rodata.str1.169394063705023262141)
                  7005739f    0000001f     nortos.am263px.r5f.ti-arm-clang.release.lib : ClockP_nortos_r5.obj (.rodata.str1.37049961317335892191)
                  700573be    0000001f     ti_drivers_open_close.o (.rodata.str1.51283318735735734611)
                  700573dd    0000001f     nortos.am263px.r5f.ti-arm-clang.release.lib : SemaphoreP_nortos.obj (.rodata.str1.93106250239489445331)
                  700573fc    0000001e     ti_drivers_open_close.o (.rodata.str1.160316684040921230971)
                  7005741a    0000001e     ti_drivers_open_close.o (.rodata.str1.164428985628910097601)
                  70057438    0000001e     drivers.am263px.r5f.ti-arm-clang.release.lib : mcspi_v0.obj (.rodata.str1.6541462224481344831)
                  70057456    0000001e     ti_drivers_open_close.o (.rodata.str1.8588925922354209471)
                  70057474    0000001d     nortos.am263px.r5f.ti-arm-clang.release.lib : TimerP_rti.obj (.rodata.str1.104449343195731994541)
                  70057491    0000001d     drivers.am263px.r5f.ti-arm-clang.release.lib : mcspi_v0.obj (.rodata.str1.118667626708261128101)
                  700574ae    0000001d     ti_drivers_open_close.o (.rodata.str1.167082646606608512721)
                  700574cb    0000001d     nortos.am263px.r5f.ti-arm-clang.release.lib : TimerP_rti.obj (.rodata.str1.168704976108447940721)
                  700574e8    0000001d     ti_drivers_open_close.o (.rodata.str1.17442734155122742701)
                  70057505    0000001d     ti_drivers_open_close.o (.rodata.str1.51422542112593061231)
                  70057522    0000001c     ti_drivers_open_close.o (.rodata.str1.71299388102429778361)
                  7005753e    0000001b     nortos.am263px.r5f.ti-arm-clang.release.lib : ClockP_nortos.obj (.rodata.str1.25471646840808198631)
                  70057559    0000001b     drivers.am263px.r5f.ti-arm-clang.release.lib : edma.obj (.rodata.str1.27426942506473672571)
                  70057574    0000001a                                                  : edma.obj (.rodata.str1.124854076466481638881)
                  7005758e    0000001a     nortos.am263px.r5f.ti-arm-clang.release.lib : ClockP_nortos_r5.obj (.rodata.str1.169616377957066558931)
                  700575a8    0000001a     epwm_hr_duty_cycle.o (.rodata.str1.21385416704130984621)
                  700575c2    0000001a     epwm_hr_duty_cycle.o (.rodata.str1.26671184633783233481)
                  700575dc    0000001a     epwm_hr_duty_cycle.o (.rodata.str1.29692214667264615581)
                  700575f6    0000001a     drivers.am263px.r5f.ti-arm-clang.release.lib : mcspi_v0.obj (.rodata.str1.41661993957597663671)
                  70057610    0000001a                                                  : mcspi_v0.obj (.rodata.str1.46852292991524205451)
                  7005762a    0000001a                                                  : soc_rcm.obj (.rodata.str1.75752759558464220401)
                  70057644    00000019                                                  : uart_v0.obj (.rodata.str1.151873246111077803171)
                  7005765d    00000019     nortos.am263px.r5f.ti-arm-clang.release.lib : TimerP_rti.obj (.rodata.str1.171094773555586588011)
                  70057676    00000019     ti_drivers_open_close.o (.rodata.str1.25391769982546427211)
                  7005768f    00000019     ti_drivers_open_close.o (.rodata.str1.76623334836165613711)
                  700576a8    00000018     drivers.am263px.r5f.ti-arm-clang.release.lib : soc_rcm.obj (.rodata.gControlssPllClkSrcValMap)
                  700576c0    00000018                                                  : soc_rcm.obj (.rodata.gCptsClkSrcValMap)
                  700576d8    00000018                                                  : soc_rcm.obj (.rodata.gI2cClkSrcValMap)
                  700576f0    00000018                                                  : soc_rcm.obj (.rodata.gLinUartClkSrcValMap)
                  70057708    00000018                                                  : soc_rcm.obj (.rodata.gPeripheralClkSrcInfoMap)
                  70057720    00000018                                                  : soc_rcm.obj (.rodata.gRtiClkSrcValMap)
                  70057738    00000018                                                  : soc_rcm.obj (.rodata.gWdtClkSrcValMap)
                  70057750    00000018     ti_drivers_open_close.o (.rodata.str1.108587168062655061171)
                  70057768    00000018     epwm_hr_duty_cycle.o (.rodata.str1.138619329196650672491)
                  70057780    00000018     board.am263px.r5f.ti-arm-clang.release.lib : pmic_tps653860xx.obj (.rodata.str1.139098050414091916201)
                  70057798    00000018     nortos.am263px.r5f.ti-arm-clang.release.lib : TimerP_rti.obj (.rodata.str1.28969720400930718401)
                  700577b0    00000018     board.am263px.r5f.ti-arm-clang.release.lib : pmic_tps653860xx.obj (.rodata.str1.31585340646387389491)
                  700577c8    00000018     drivers.am263px.r5f.ti-arm-clang.release.lib : uart_v0.obj (.rodata.str1.38839981320244304711)
                  700577e0    00000018     epwm_hr_duty_cycle.o (.rodata.str1.95114370891691836541)
                  700577f8    00000018     ti_drivers_open_close.o (.rodata.str1.96872381095412311001)
                  70057810    00000017     drivers.am263px.r5f.ti-arm-clang.release.lib : uart_v0.obj (.rodata.str1.118833787404970350941)
                  70057827    00000017                                                  : uart_dma.obj (.rodata.str1.1333327264196212521)
                  7005783e    00000017                                                  : uart_dma.obj (.rodata.str1.18451166636706412691)
                  70057855    00000017     board.am263px.r5f.ti-arm-clang.release.lib : pmic_tps653860xx.obj (.rodata.str1.47493800396101708801)
                  7005786c    00000017     drivers.am263px.r5f.ti-arm-clang.release.lib : soc_rcm.obj (.rodata.str1.81145273320585865271)
                  70057883    00000017     ti_drivers_open_close.o (.rodata.str1.87477460124454699101)
                  7005789a    00000016     drivers.am263px.r5f.ti-arm-clang.release.lib : soc_rcm.obj (.rodata.str1.11135693434375759841)
                  700578b0    00000016                                                  : soc_rcm.obj (.rodata.str1.128408201484305605671)
                  700578c6    00000016                                                  : uart_v0.obj (.rodata.str1.144905129610797327471)
                  700578dc    00000016                                                  : soc_rcm.obj (.rodata.str1.38378195751891918831)
                  700578f2    00000016                                                  : mcspi_v0.obj (.rodata.str1.93916116896146871581)
                  70057908    00000015                                                  : edma.obj (.rodata.str1.47321562910415611081)
                  7005791d    00000015     nortos.am263px.r5f.ti-arm-clang.release.lib : SemaphoreP_nortos.obj (.rodata.str1.67625122021398397081)
                  70057932    00000014     drivers.am263px.r5f.ti-arm-clang.release.lib : edma.obj (.rodata.str1.111851871490580105611)
                  70057946    00000014                                                  : edma.obj (.rodata.str1.125718155871853086561)
                  7005795a    00000014                                                  : edma.obj (.rodata.str1.16892001508069939541)
                  7005796e    00000014                                                  : uart_v0.obj (.rodata.str1.28909646574304168541)
                  70057982    00000014     ti_drivers_open_close.o (.rodata.str1.53323321226778601631)
                  70057996    00000014     drivers.am263px.r5f.ti-arm-clang.release.lib : mcspi_v0_lld.obj (.rodata.str1.62046587231351797161)
                  700579aa    00000014                                                  : mcspi_v0.obj (.rodata.str1.70131865851455398951)
                  700579be    00000013                                                  : uart_v0.obj (.rodata.str1.76389910228650698611)
                  700579d1    00000013                                                  : soc_rcm.obj (.rodata.str1.93021292349832527421)
                  700579e4    00000012                                                  : uart_v0.obj (.rodata.str1.108170205221098943901)
                  700579f6    00000012                                                  : edma.obj (.rodata.str1.168183851025455507691)
                  70057a08    00000012     ti_drivers_open_close.o (.rodata.str1.27648511274909241401)
                  70057a1a    00000012     drivers.am263px.r5f.ti-arm-clang.release.lib : soc_rcm.obj (.rodata.str1.52659404584766928311)
                  70057a2c    00000011                                                  : edma.obj (.rodata.str1.106738448986847799941)
                  70057a3d    00000011     nortos.am263px.r5f.ti-arm-clang.release.lib : ClockP_nortos.obj (.rodata.str1.56392992661620616651)
                  70057a4e    00000011     drivers.am263px.r5f.ti-arm-clang.release.lib : uart_v0.obj (.rodata.str1.60774846955662521161)
                  70057a5f    00000011     ti_drivers_open_close.o (.rodata.str1.67188952531549399371)
                  70057a70    00000011     ti_drivers_open_close.o (.rodata.str1.89966530938494420691)
                  70057a81    00000010     drivers.am263px.r5f.ti-arm-clang.release.lib : mcspi_v0.obj (.rodata.str1.131647291104990699861)
                  70057a91    00000010                                                  : edma.obj (.rodata.str1.176695246689650852301)
                  70057aa1    0000000f                                                  : mcspi_v0.obj (.rodata.str1.136877338953894125821)
                  70057ab0    0000000f                                                  : edma.obj (.rodata.str1.146140478628064919631)
                  70057abf    0000000f                                                  : edma.obj (.rodata.str1.161917553004410528641)
                  70057ace    0000000f                                                  : edma.obj (.rodata.str1.20711589974906254701)
                  70057add    0000000f     ti_board_open_close.o (.rodata.str1.42183697156772551901)
                  70057aec    0000000f     drivers.am263px.r5f.ti-arm-clang.release.lib : uart_v0.obj (.rodata.str1.60965199449619900431)
                  70057afb    0000000f                                                  : uart_dma.obj (.rodata.str1.70768452508190077591)
                  70057b0a    0000000f                                                  : edma.obj (.rodata.str1.92036655423271899321)
                  70057b19    0000000e                                                  : edma.obj (.rodata.str1.100996213821086933721)
                  70057b27    0000000e                                                  : edma.obj (.rodata.str1.168695502010531622391)
                  70057b35    0000000e                                                  : uart_dma.obj (.rodata.str1.23135773699787735551)
                  70057b43    0000000e                                                  : edma.obj (.rodata.str1.38923894092977584571)
                  70057b51    0000000e                                                  : uart_v0.obj (.rodata.str1.62999113157451139141)
                  70057b5f    0000000d     nortos.am263px.r5f.ti-arm-clang.release.lib : TimerP_rti.obj (.rodata.str1.37123793416160760081)
                  70057b6c    0000000d     drivers.am263px.r5f.ti-arm-clang.release.lib : edma.obj (.rodata.str1.52137637017250348531)
                  70057b79    0000000d     nortos.am263px.r5f.ti-arm-clang.release.lib : TimerP_rti.obj (.rodata.str1.68197642816127260011)
                  70057b86    00000002     --HOLE-- [fill = 0]
                  70057b88    0000000c     drivers.am263px.r5f.ti-arm-clang.release.lib : mcspi_v0_lld.obj (.rodata..Lswitch.table.MCSPI_lld_controllerIsr.1)
                  70057b94    0000000c                                                  : mcspi_v0_lld.obj (.rodata..Lswitch.table.MCSPI_lld_controllerIsr)
                  70057ba0    0000000c     nortos.am263px.r5f.ti-arm-clang.release.lib : ClockP_nortos_r5.obj (.rodata.str1.43857604347425843821)
                  70057bac    0000000c     drivers.am263px.r5f.ti-arm-clang.release.lib : mcspi_v0.obj (.rodata.str1.85074893684413643801)
                  70057bb8    0000000c                                                  : edma.obj (.rodata.str1.88401663264709294401)
                  70057bc4    0000000b                                                  : mcspi_v0.obj (.rodata.str1.130856103157703124091)
                  70057bcf    0000000b                                                  : mcspi_v0.obj (.rodata.str1.146703787913575236151)
                  70057bda    0000000b                                                  : uart_v0.obj (.rodata.str1.147565038505633975661)
                  70057be5    0000000b                                                  : uart_v0.obj (.rodata.str1.163246704051681974461)
                  70057bf0    0000000b                                                  : edma.obj (.rodata.str1.76990244014968518721)
                  70057bfb    0000000a                                                  : edma.obj (.rodata.str1.138945604539585827651)
                  70057c05    0000000a                                                  : edma.obj (.rodata.str1.155011958078798190681)
                  70057c0f    0000000a                                                  : uart_v0.obj (.rodata.str1.181272059988846645511)
                  70057c19    0000000a                                                  : soc_rcm.obj (.rodata.str1.24417462951169003981)
                  70057c23    0000000a                                                  : uart_v0.obj (.rodata.str1.27933745631974480251)
                  70057c2d    00000006                                                  : soc_rcm.obj (.rodata.str1.47684156379349547651)
                  70057c33    00000005     nortos.am263px.r5f.ti-arm-clang.release.lib : printf.obj (.rodata.str1.180255128143303278211)
                  70057c38    00000005                                                 : printf.obj (.rodata.str1.62992066646743021711)
                  70057c3d    00000003     --HOLE-- [fill = 0]
                  70057c40    00000004                                                 : CacheP_armv7r.obj (.rodata.gCacheL1dCacheLineSize)
                  70057c44    00000004                                                 : CacheP_armv7r.obj (.rodata.gCacheL1pCacheLineSize)
                  70057c48    00000004                                                 : printf.obj (.rodata.str1.83442741595977738081)
                  70057c4c    00000004                                                 : printf.obj (.rodata.str1.92767893489218153371)

.text.hwi 
*          0    70057c50    00000760     
                  70057c50    00000408     nortos.am263px.r5f.ti-arm-clang.release.lib : HwiP_armv7r_vim.obj (.text.hwi)
                  70058058    00000220                                                 : HwiP_armv7r_handlers_nortos.obj (.text.hwi)
                  70058278    000000c0                                                 : HwiP_armv7r_handlers_nortos_asm.obj (.text.hwi)
                  70058338    00000070                                                 : HwiP_armv7r_asm.obj (.text.hwi)
                  700583a8    00000008                                                 : HwiP_armv7r_asm.obj (.tramp.HwiP_enableFIQ.1)

.text.cache 
*          0    700583b0    00000430     
                  700583b0    00000340     nortos.am263px.r5f.ti-arm-clang.release.lib : CacheP_armv7r_asm.obj (.text.cache)
                  700586f0    000000d8                                                 : CacheP_armv7r.obj (.text.cache)
                  700587c8    00000008                                                 : CacheP_armv7r_asm.obj (.tramp.CacheP_invL1d.1)
                  700587d0    00000008                                                 : CacheP_armv7r_asm.obj (.tramp.CacheP_enableL1p.1)
                  700587d8    00000008                                                 : HwiP_armv7r_asm.obj (.tramp.HwiP_restore.2)

.text.mpu 
*          0    700587e0    00000218     
                  700587e0    0000018e     nortos.am263px.r5f.ti-arm-clang.release.lib : MpuP_armv7r.obj (.text.mpu)
                  7005896e    00000002     --HOLE-- [fill = 0]
                  70058970    00000078                                                 : MpuP_armv7r_asm.obj (.text.mpu)
                  700589e8    00000008                                                 : HwiP_armv7r_asm.obj (.tramp.HwiP_restore.3)
                  700589f0    00000008                                                 : MpuP_armv7r_asm.obj (.tramp.MpuP_isEnableAsm.1)

.text.boot 
*          0    700589f8    00000128     
                  700589f8    000000fc     nortos.am263px.r5f.ti-arm-clang.release.lib : boot_armv7r_asm.obj (.text.boot)
                  70058af4    0000001e                                                 : DebugP_log.obj (.text.boot)
                  70058b12    0000000e     ti_dpl_config.o (.text.boot)

.text:abort 
*          0    70058b20    00000008     
                  70058b20    00000008     libc.a : exit.c.obj (.text:abort)

.data      0    70058b28    00000548     
                  70058b28    000000f0     libc.a : defs.c.obj (.data._ftable)
                  70058c18    0000009c     drivers.am263px.r5f.ti-arm-clang.release.lib : mcspi_v0.obj (.data.gMcspiDrvObj)
                  70058cb4    0000009c                                                  : uart_v0.obj (.data.gUartDrvObj)
                  70058d50    00000078     libsysbm.a : host_device.c.obj (.data._device)
                  70058dc8    00000060     ti_drivers_config.o (.data.gEdmaAttrs)
                  70058e28    00000054     ti_drivers_open_close.o (.data.gUartParams)
                  70058e7c    00000050     libsysbm.a : host_device.c.obj (.data._stream)
                  70058ecc    00000048     ti_pinmux_config.o (.data.gPinMuxMainDomainCfg)
                  70058f14    00000040     ti_drivers_open_close.o (.data.gConfigMcspi0ChCfg)
                  70058f54    00000024     ti_drivers_config.o (.data.gMcspiAttrs)
                  70058f78    00000024     ti_power_clock_config.o (.data.gSocModulesClockFrequency)
                  70058f9c    00000018     ti_dpl_config.o (.data.gClockConfig)
                  70058fb4    00000014     ti_drivers_open_close.o (.data.gMcspiOpenParams)
                  70058fc8    0000000c     nortos.am263px.r5f.ti-arm-clang.release.lib : AddrTranslateP_32bit.obj (.data.gAddrTranslateConfig)
                  70058fd4    0000000c     board.am263px.r5f.ti-arm-clang.release.lib : pmic_tps653860xx.obj (.data.gPmicFxns_TPS653860xx)
                  70058fe0    0000000c     ti_power_clock_config.o (.data.gSocModules)
                  70058fec    00000008     libc.a : exit.c.obj (.data..L_MergedGlobals)
                  70058ff4    00000008     ti_drivers_config.o (.data.gEdmaConfig)
                  70058ffc    00000008     ti_drivers_config.o (.data.gMcspiConfig)
                  70059004    00000008     ti_board_open_close.o (.data.gPmicConfig)
                  7005900c    00000008     ti_drivers_config.o (.data.gUartAttrs)
                  70059014    00000008     ti_drivers_config.o (.data.gUartConfig)
                  7005901c    00000004     libc.a : defs.c.obj (.data.__TI_ft_end)
                  70059020    00000008     nortos.am263px.r5f.ti-arm-clang.release.lib : PmuP_armv7r.obj (.data.pmu)
                  70059028    00000004     libc.a : _lock.c.obj (.data._lock)
                  7005902c    00000004            : _lock.c.obj (.data._unlock)
                  70059030    00000004     ti_drivers_open_close.o (.data.gConfigMcspiChCfg)
                  70059034    00000004     nortos.am263px.r5f.ti-arm-clang.release.lib : DebugP_log.obj (.data.gDebugLogZone)
                  70059038    00000004                                                 : DebugP_uartLogWriter.obj (.data.gDebugP_uartDrvIndex)
                  7005903c    00000004     ti_drivers_config.o (.data.gEdmaConfigNum)
                  70059040    00000004     ti_drivers_open_close.o (.data.gEdmaParams)
                  70059044    00000004     ti_dpl_config.o (.data.gHwiConfig)
                  70059048    00000004     ti_drivers_config.o (.data.gMcspiConfigNum)
                  7005904c    00000004     ti_drivers_open_close.o (.data.gMcspiDmaChConfig)
                  70059050    00000004     ti_drivers_config.o (.data.gMcspiNumCh)
                  70059054    00000004     ti_board_open_close.o (.data.gPmicConfigNum)
                  70059058    00000004     ti_board_open_close.o (.data.gPmicParams)
                  7005905c    00000004     ti_drivers_config.o (.data.gUartConfigNum)
                  70059060    00000004     ti_drivers_config.o (.data.gUartDmaConfigNum)
                  70059064    00000001     drivers.am263px.r5f.ti-arm-clang.release.lib : soc.obj (.data.isMapAvailable)
                  70059065    00000003     --HOLE-- [fill = 0]
                  70059068    00000001     libc.a : memory.c.obj (.data.memory_is_initialized)
                  70059069    00000007     --HOLE-- [fill = 0]

.irqstack 
*          0    70059070    00000100     UNINITIALIZED
                  70059070    00000100     --HOLE--

.fiqstack 
*          0    70059170    00000100     UNINITIALIZED
                  70059170    00000100     --HOLE--

.svcstack 
*          0    70059270    00001000     UNINITIALIZED
                  70059270    00001000     --HOLE--

.abortstack 
*          0    7005a270    00000100     UNINITIALIZED
                  7005a270    00000100     --HOLE--

.undefinedstack 
*          0    7005a370    00000100     UNINITIALIZED
                  7005a370    00000100     --HOLE--

.init_array 
*          0    70040000    00000000     UNINITIALIZED

MODULE SUMMARY

       Module                                code    ro data   rw data
       ------                                ----    -------   -------
    .\
       epwm_hr_duty_cycle.o                  374     251       188    
       main.o                                28      0         0      
    +--+-------------------------------------+-------+---------+---------+
       Total:                                402     251       188    
                                                                      
    .\syscfg\
       ti_drivers_open_close.o               4238    2030      192    
       ti_drivers_config.o                   88      0         2092   
       ti_board_open_close.o                 156     68        28     
       ti_power_clock_config.o               164     0         48     
       ti_dpl_config.o                       98      84        28     
       ti_pinmux_config.o                    14      0         72     
       ti_board_config.o                     4       0         0      
    +--+-------------------------------------+-------+---------+---------+
       Total:                                4762    2182      2460   
                                                                      
    C:/ti/mcu_plus_sdk_am263px_09_01_00_20/source/board/lib/board.am263px.r5f.ti-arm-clang.release.lib
       pmic_tps653860xx.obj                  522     77        20     
       pmic.obj                              90      0         0      
    +--+-------------------------------------+-------+---------+---------+
       Total:                                612     77        20     
                                                                      
    C:/ti/mcu_plus_sdk_am263px_09_01_00_20/source/drivers/lib/drivers.am263px.r5f.ti-arm-clang.release.lib
       edma.obj                              4312    413       0      
       mcspi_v0_lld.obj                      4238    116       0      
       uart_v0.obj                           3388    270       156    
       soc_rcm.obj                           2434    443       0      
       mcspi_v0.obj                          1740    299       156    
       mcspi_dma_edma.obj                    1592    0         0      
       soc.obj                               710     0         17     
       uart_dma.obj                          230     75        0      
       pinmux.obj                            64      0         0      
       etpwm.obj                             14      0         0      
    +--+-------------------------------------+-------+---------+---------+
       Total:                                18722   1616      329    
                                                                      
    C:/ti/mcu_plus_sdk_am263px_09_01_00_20/source/kernel/nortos/lib/nortos.am263px.r5f.ti-arm-clang.release.lib
       HwiP_armv7r_vim.obj                   1032    0         4108   
       printf.obj                            4002    98        0      
       CacheP_armv7r_asm.obj                 848     0         0      
       ClockP_nortos.obj                     636     90        56     
       TimerP_rti.obj                        404     194       0      
       HwiP_armv7r_handlers_nortos.obj       544     0         0      
       SemaphoreP_nortos.obj                 408     107       0      
       ClockP_nortos_r5.obj                  266     176       0      
       MpuP_armv7r.obj                       398     0         0      
       boot_armv7r_asm.obj                   252     0         0      
       CacheP_armv7r.obj                     216     8         0      
       DebugP_log.obj                        154     42        4      
       HwiP_armv7r_handlers_nortos_asm.obj   192     0         0      
       HwiP_armv7r_asm.obj                   152     0         0      
       MpuP_armv7r_asm.obj                   128     0         0      
       AddrTranslateP_32bit.obj              104     0         12     
       PmuP_armv7r.obj                       96      0         8      
       DebugP_uartLogWriter.obj              70      0         4      
       HwiP_armv7r_vectors_nortos_asm.obj    64      0         0      
       DebugP_nortos.obj                     56      0         0      
       PmuP_armv7r_asm.obj                   56      0         0      
       boot_armv7r.obj                       28      0         0      
       CpuId_armv7r.obj                      26      0         0      
       CpuId_armv7r_asm.obj                  12      0         0      
       TaskP_nortos.obj                      2       0         0      
    +--+-------------------------------------+-------+---------+---------+
       Total:                                10146   715       4192   
                                                                      
    C:\ti\ccs1260\ccs\tools\compiler\ti-cgt-armllvm_3.2.1.LTS\lib\armv7r-ti-none-eabihf/c/libc.a
       memory.c.obj                          1160    0         5      
       strcmp32.S.obj                        924     0         0      
       defs.c.obj                            0       0         404    
       setvbuf.c.obj                         324     0         0      
       getdevice.c.obj                       284     0         0      
       fputc.c.obj                           260     0         0      
       fseek.c.obj                           184     0         0      
       fclose.c.obj                          180     0         0      
       _io_perm.c.obj                        156     0         0      
       fflush.c.obj                          140     0         0      
       exit.c.obj                            92      0         8      
       autoinit.c.obj                        88      0         0      
       fopen.c.obj                           88      0         0      
       memcpy32.S.obj                        28      0         0      
       memset32.S.obj                        24      0         0      
       _lock.c.obj                           4       0         8      
    +--+-------------------------------------+-------+---------+---------+
       Total:                                3936    0         425    
                                                                      
    C:\ti\ccs1260\ccs\tools\compiler\ti-cgt-armllvm_3.2.1.LTS\lib\armv7r-ti-none-eabihf/c/libsysbm.a
       trgmsg.c.obj                          176     0         288    
       hostrename.c.obj                      208     0         0      
       host_device.c.obj                     0       0         200    
       hostopen.c.obj                        148     0         8      
       hostlseek.c.obj                       152     0         0      
       close.c.obj                           140     0         0      
       hostread.c.obj                        132     0         0      
       hostwrite.c.obj                       132     0         0      
       hostunlink.c.obj                      108     0         0      
       hostclose.c.obj                       96      0         0      
       unlink.c.obj                          72      0         0      
       lseek.c.obj                           52      0         0      
       write.c.obj                           52      0         0      
       remove.c.obj                          4       0         0      
    +--+-------------------------------------+-------+---------+---------+
       Total:                                1472    0         496    
                                                                      
    C:\ti\ccs1260\ccs\tools\compiler\ti-cgt-armllvm_3.2.1.LTS\lib\clang/15.0.7/lib/armv7r-ti-none-eabihf/libclang_rt.builtins.a
       udivmoddi4.S.obj                      280     0         0      
       aeabi_uldivmod.S.obj                  36      0         0      
       aeabi_memset.S.obj                    28      0         0      
       aeabi_div0.c.obj                      4       0         0      
       aeabi_memcpy.S.obj                    4       0         0      
    +--+-------------------------------------+-------+---------+---------+
       Total:                                352     0         0      
                                                                      
       Heap:                                 0       0         32768  
       Stack:                                0       0         16384  
    +--+-------------------------------------+-------+---------+---------+
       Grand Total:                          40404   4841      57262  

VENEERS

callee name               veneer name
   callee addr  veneer addr  call addr  call info
--------------  -----------  ---------  ----------------
HwiP_enableFIQ            $Ven$TA$L$PI$$HwiP_enableFIQ
   70058368     700583a8     70058042   nortos.am263px.r5f.ti-arm-clang.release.lib : HwiP_armv7r_vim.obj (.text.hwi)
CacheP_invL1d             $Ven$TA$L$PI$$CacheP_invL1d
   70058420     700587c8     700587c4   nortos.am263px.r5f.ti-arm-clang.release.lib : CacheP_armv7r.obj (.text.cache)
CacheP_enableL1p          $Ven$TA$L$PI$$CacheP_enableL1p
   70058408     700587d0     7005879e   nortos.am263px.r5f.ti-arm-clang.release.lib : CacheP_armv7r.obj (.text.cache)
HwiP_restore              $Ven$TA$L$PI$$HwiP_restore
   70058378     700587d8     7005877e   nortos.am263px.r5f.ti-arm-clang.release.lib : CacheP_armv7r.obj (.text.cache)
HwiP_restore              $Ven$TA$L$PI$$HwiP_restore
   70058378     700589e8     700588cc   nortos.am263px.r5f.ti-arm-clang.release.lib : MpuP_armv7r.obj (.text.mpu)
                             70058906                                               : MpuP_armv7r.obj (.text.mpu)
MpuP_isEnableAsm          $Ven$TA$L$PI$$MpuP_isEnableAsm
   700589c0     700589f0     7005889c   nortos.am263px.r5f.ti-arm-clang.release.lib : MpuP_armv7r.obj (.text.mpu)
HwiP_enable               $Ven$TA$L$PI$$HwiP_enable
   70058358     70056940     70055c6c   ti_dpl_config.o (.text.Dpl_init)
HwiP_restore              $Ven$TA$L$PI$$HwiP_restore
   70058378     70056948     70055c2c   nortos.am263px.r5f.ti-arm-clang.release.lib : ClockP_nortos.obj (.text.ClockP_stop)
                             70055f14                                               : ClockP_nortos.obj (.text.ClockP_destruct)
                             7005613c                                               : ClockP_nortos.obj (.text.ClockP_start)
                             700562a2                                               : SemaphoreP_nortos.obj (.text.SemaphoreP_post)
PmuP_enableCounters       $Ven$TA$L$PI$$PmuP_enableCounters
   700562b8     70056950     7005508c   nortos.am263px.r5f.ti-arm-clang.release.lib : PmuP_armv7r.obj (.text.pmu)

[9 trampolines]
[13 trampoline calls]


GLOBAL SYMBOLS: SORTED ALPHABETICALLY BY Name 

address   name                              
-------   ----                              
70054f2d  AddrTranslateP_getLocalAddr       
7004e99b  Board_deinit                      
700566d7  Board_driversClose                
7005691d  Board_driversOpen                 
70050e6f  Board_init                        
700552e9  Board_pmicOpen                    
70058b20  C$$EXIT                           
7005543c  C$$IO$$                           
70056689  CSL_armR5GetCpuID                 
700568cc  CSL_armR5ReadMpidrReg             
700586c0  CacheP_configForceWrThru          
70058749  CacheP_disable                    
700583b0  CacheP_disableL1d                 
700583d8  CacheP_disableL1p                 
70058783  CacheP_enable                     
700583f0  CacheP_enableL1d                  
70058408  CacheP_enableL1p                  
700586b4  CacheP_getCacheLevelInfo          
7005867c  CacheP_getEnabled                 
700586f1  CacheP_init                       
700587a3  CacheP_inv                        
70058420  CacheP_invL1d                     
70058494  CacheP_invL1dAll                  
70058458  CacheP_invL1p                     
7005849c  CacheP_invL1pAll                  
700586e0  CacheP_setDLFO                    
700584a4  CacheP_wb                         
7005851c  CacheP_wbAll                      
700584e0  CacheP_wbInv                      
700585c4  CacheP_wbInvAll                   
700585dc  CacheP_wbInvAllAsm                
700568d9  ClockP_Params_init                
70055695  ClockP_construct                  
70055edf  ClockP_destruct                   
7005686f  ClockP_getTicks                   
700554a1  ClockP_getTimeUsec                
70056921  ClockP_getTimerCount              
70052ed5  ClockP_init                       
700568e3  ClockP_isActive                   
7005610d  ClockP_start                      
70055bf1  ClockP_stop                       
70056925  ClockP_timerClearOverflowInt      
700550bd  ClockP_timerTickIsr               
70056211  ClockP_usleep                     
700562a8  CycleCounterP_getCount32          
7005505d  CycleCounterP_init                
70055091  CycleCounterP_nsToTicks           
7005506d  CycleCounterP_reset               
70056563  DebugP_logZoneEnable              
70055f19  DebugP_uartLogWriterPutChar       
7005687b  DebugP_uartSetDrvIndex            
70052fd7  Dpl_deinit                        
70055c31  Dpl_init                          
70055c71  Drivers_close                     
700558c1  Drivers_edmaOpen                  
7004da81  Drivers_epwmOpen                  
700566ef  Drivers_mcspiClose                
7005590d  Drivers_mcspiOpen                 
70056035  Drivers_open                      
7005643b  Drivers_pmicOpen                  
70055825  Drivers_uartOpen                  
700556e5  EDMA_allocDmaChannel              
70055735  EDMA_allocParam                   
70055785  EDMA_allocTcc                     
70056829  EDMA_ccPaRAMEntry_init            
70054e55  EDMA_close                        
7005606b  EDMA_clrMissEvtRegion             
70054283  EDMA_configureChannelRegion       
70051de9  EDMA_deinit                       
70055873  EDMA_disableChInShadowRegRegion   
70054d77  EDMA_disableTransferRegion        
700562d9  EDMA_enableChInShadowRegRegion    
70054de5  EDMA_enableTransferRegion         
70050a71  EDMA_freeChannelRegion            
70053f8d  EDMA_freeDmaChannel               
70054025  EDMA_freeParam                    
700540bd  EDMA_freeTcc                      
70055df1  EDMA_getBaseAddr                  
7005677f  EDMA_getRegionId                  
7005057d  EDMA_init                         
70056887  EDMA_isInitialized                
7005690b  EDMA_isInterruptEnabled           
700564fd  EDMA_linkChannel                  
70055cb1  EDMA_mapChToEvtQ                  
700539bd  EDMA_open                         
700536e9  EDMA_registerIntr                 
7005648d  EDMA_setPaRAM                     
70056243  EDMA_unmapChToEvtQ                
70053625  EDMA_unregisterIntr               
70056837  EPWM_setEmulationMode             
70054ffc  HOSTclose                         
70054154  HOSTlseek                         
70054318  HOSTopen                          
7005489c  HOSTread                          
70053db4  HOSTrename                        
70054ec0  HOSTunlink                        
70054920  HOSTwrite                         
70057d49  HwiP_Params_init                  
70057d01  HwiP_clearInt                     
70057d5b  HwiP_construct                    
700582ec  HwiP_data_abort_handler           
7005824b  HwiP_data_abort_handler_c         
70057ea5  HwiP_destruct                     
70058338  HwiP_disable                      
70058348  HwiP_disableFIQ                   
70057c79  HwiP_disableInt                   
70058390  HwiP_disableVIC                   
70058358  HwiP_enable                       
70058368  HwiP_enableFIQ                    
70057c51  HwiP_enableInt                    
70058380  HwiP_enableVIC                    
700580df  HwiP_fiq_handler                  
700583a0  HwiP_getCPSR                      
70058047  HwiP_inISR                        
70057f77  HwiP_init                         
70058278  HwiP_irq_handler                  
70058059  HwiP_irq_handler_c                
70057d21  HwiP_post                         
7005821d  HwiP_prefetch_abort_handler       
70058193  HwiP_reserved_handler             
70058378  HwiP_restore                      
70057cab  HwiP_restoreInt                   
[...]
70054700  close                             
700525c5  epwm_hr_duty_cycle_main           
700554f8  exit                              
7005554c  finddevice                        
700531d4  fputc                             
70051770  free                              
70056938  fseek                             
70053858  fseeko                            
70056b48  gADPLLJConfigTbl                  
70058fc8  gAddrTranslateConfig              
70056a4c  gCacheConfig                      
70057c40  gCacheL1dCacheLineSize            
70057c44  gCacheL1pCacheLineSize            
70058f9c  gClockConfig                      
700419d8  gClockCtrl                        
70058f14  gConfigMcspi0ChCfg                
70059030  gConfigMcspiChCfg                 
70059034  gDebugLogZone                     
70059038  gDebugP_uartDrvIndex              
70058ff4  gEdmaConfig                       
7005903c  gEdmaConfigNum                    
70041a54  gEdmaHandle                       
70059040  gEdmaParams                       
70041a58  gEpwmBaseAddr                     
70059044  gHwiConfig                        
70040000  gHwiCtrl                          
70058ffc  gMcspiConfig                      
70059048  gMcspiConfigNum                   
7005904c  gMcspiDmaChConfig                 
70058b28  gMcspiDmaHandle                   
70041a5c  gMcspiHandle                      
70059050  gMcspiNumCh                       
70058fb4  gMcspiOpenParams                  
70056a54  gMpuConfig                        
70056a60  gMpuRegionConfig                  
70057708  gPeripheralClkSrcInfoMap          
70059004  gPmicConfig                       
70059054  gPmicConfigNum                    
70058fd4  gPmicFxns_TPS653860xx             
70041a60  gPmicHandle                       
70041a64  gPmicMcspiRxBuffer                
70041a68  gPmicMcspiTxBuffer                
70041a48  gPmicObject                       
70059058  gPmicParams                       
70058fe0  gSocModules                       
70058f78  gSocModulesClockFrequency         
70059014  gUartConfig                       
7005905c  gUartConfigNum                    
70058b28  gUartDmaConfig                    
70059060  gUartDmaConfigNum                 
70041a6c  gUartHandle                       
70058e28  gUartParams                       
7005355c  getdevice                         
70059064  isMapAvailable                    
700561a8  lseek                             
70056635  main                              
700568ac  malloc                            
700515bc  memalign                          
70041a40  parmbuf                           
70056818  putchar                           
700567f5  putchar_                          
7005693c  remove                            
70052340  setvbuf                           
7004fbe0  strcmp                            
70055b64  unlink                            
70041a30  virtToPhymap                      
700564d9  vprintf_                          
700561dc  write                             


GLOBAL SYMBOLS: SORTED BY Symbol Address 

address   name                              
-------   ----                              
00000000  __TI_ATRegion0_region_sz          
00000000  __TI_ATRegion0_src_addr           
00000000  __TI_ATRegion0_trg_addr           
00000000  __TI_ATRegion1_region_sz          
00000000  __TI_ATRegion1_src_addr           
00000000  __TI_ATRegion1_trg_addr           
00000000  __TI_ATRegion2_region_sz          
00000000  __TI_ATRegion2_src_addr           
00000000  __TI_ATRegion2_trg_addr           
00000000  __TI_static_base__                
00000000  _vectors                          
00000100  __ABORT_STACK_SIZE                
00000100  __FIQ_STACK_SIZE                  
00000100  __IRQ_STACK_SIZE                  
00000100  __UNDEFINED_STACK_SIZE            
00001000  __SVC_STACK_SIZE                  
00004000  __STACK_SIZE                      
00008000  __SYSMEM_SIZE                     
70040000  __BSS_START                       
70040000  gHwiCtrl                          
70041714  _CIOBUF_                          
70041714  __CIOBUF_                         
70041834  __TI_tmpnams                      
700419d8  gClockCtrl                        
70041a30  virtToPhymap                      
70041a40  parmbuf                           
70041a48  gPmicObject                       
70041a54  gEdmaHandle                       
70041a58  gEpwmBaseAddr                     
70041a5c  gMcspiHandle                      
70041a60  gPmicHandle                       
70041a64  gPmicMcspiRxBuffer                
70041a68  gPmicMcspiTxBuffer                
70041a6c  gUartHandle                       
70041a70  __BSS_END                         
70041a70  _sys_memory                       
70049a70  __stack                           
7004da70  __STACK_END                       
7004da81  Drivers_epwmOpen                  
7004e99b  Board_deinit                      
7004ef35  SOC_rcmEnablePeripheralClock      
7004f3ed  UART_open                         
7004fbd9  TimerP_clearOverflowInt           
7004fbe0  strcmp                            
70050281  MCSPI_open                        
7005057d  EDMA_init                         
70050825  SOC_rcmSetPeripheralClock         
70050a71  EDMA_freeChannelRegion            
70050c71  MCSPI_lld_dmaTransfer             
70050e6f  Board_init                        
70050e71  UART_write                        
70051405  MCSPI_lld_controllerIsr           
700515bc  aligned_alloc                     
700515bc  memalign                          
70051770  free                              
70051921  MCSPI_lld_dmaChInit               
70051c5d  MCSPI_transfer                    
70051de9  EDMA_deinit                       
70051f51  MCSPI_lld_dmaDeInit               
700521f9  SOC_virtToPhy                     
70052340  setvbuf                           
70052485  TimerP_setup                      
700525c5  epwm_hr_duty_cycle_main           
70052701  MCSPI_lld_readWrite               
7005282d  UART_close                        
70052a7d  MCSPI_lld_readWriteIntr           
70052ba0  __udivmoddi4                      
70052cb9  SOC_rcmGetPeripheralClockFrequency
70052ed5  ClockP_init                       
70052fd7  Dpl_deinit                        
70052fd9  MCSPI_close                       
700530d9  MCSPI_lld_initDma                 
700531d4  fputc                             
700533af  MCSPI_lld_readWriteDma            
70053491  MCSPI_lld_init                    
7005355c  getdevice                         
70053625  EDMA_unregisterIntr               
700536e9  EDMA_registerIntr                 
700537a4  __TI_closefile                    
70053858  fseeko                            
700539bd  EDMA_open                         
70053bc1  PMIC_tps653860xxConfigure         
70053db4  HOSTrename                        
70053e55  PMIC_mcspiReadRegister            
70053ef0  __TI_wrt_ok                       
70053f8d  EDMA_freeDmaChannel               
70054025  EDMA_freeParam                    
700540bd  EDMA_freeTcc                      
70054154  HOSTlseek                         
700541ed  SemaphoreP_pend                   
70054283  EDMA_configureChannelRegion       
70054317  SemaphoreP_destruct               
70054318  HOSTopen                          
7005443d  PMIC_mcspiWriteRegister           
700544cd  UART_flushTxFifo                  
700545e8  __TI_doflush                      
70054700  close                             
70054815  UART_init                         
7005489c  HOSTread                          
70054920  HOSTwrite                         
70054a29  MCSPI_lld_dmaStop                 
70054aa9  MCSPI_lld_peripheralIsr           
70054c1b  TaskP_yield                       
70054c1d  MCSPI_init                        
70054c95  MCSPI_stop                        
70054d77  EDMA_disableTransferRegion        
70054de5  EDMA_enableTransferRegion         
70054e55  EDMA_close                        
70054ec0  HOSTunlink                        
70054f2d  AddrTranslateP_getLocalAddr       
70054ffc  HOSTclose                         
7005505d  CycleCounterP_init                
7005506d  CycleCounterP_reset               
70055091  CycleCounterP_nsToTicks           
700550bd  ClockP_timerTickIsr               
7005511b  MCSPI_setChDataSize               
70055179  SOC_controlModuleLockMMR          
700551d5  SOC_controlModuleUnlockMMR        
7005528d  _DebugP_assert                    
700552e9  Board_pmicOpen                    
70055340  __TI_cleanup                      
70055398  __TI_readmsg                      
700553f0  __TI_writemsg                     
7005543c  C$$IO$$                           
70055448  __TI_auto_init_nobinit_nopinit    
700554a1  ClockP_getTimeUsec                
700554f8  exit                              
7005554c  finddevice                        
70055695  ClockP_construct                  
700556e5  EDMA_allocDmaChannel              
70055735  EDMA_allocParam                   
70055785  EDMA_allocTcc                     
700557d5  SemaphoreP_constructCounting      
70055825  Drivers_uartOpen                  
70055873  EDMA_disableChInShadowRegRegion   
700558c1  Drivers_edmaOpen                  
7005590d  Drivers_mcspiOpen                 
700559a5  MCSPI_transferCallback            
70055a3d  UART_dmaDisableChannel            
70055a89  MCSPI_lld_deInitDma               
70055ad5  SOC_setEpwmGroup                  
70055b1d  UART_dmaClose                     
70055b64  unlink                            
70055bad  SOC_setEpwmTbClk                  
70055bf1  ClockP_stop                       
70055c31  Dpl_init                          
70055c71  Drivers_close                     
70055cb1  EDMA_mapChToEvtQ                  
70055cf1  Pinmux_config                     
70055d31  SemaphoreP_constructBinary        
70055db1  SemaphoreP_constructMutex         
70055df1  EDMA_getBaseAddr                  
70055e2d  MCSPI_errorCallback               
70055edf  ClockP_destruct                   
70055f19  DebugP_uartLogWriterPutChar       
70055f8d  PMIC_open                         
70055fc5  UART_dmaOpen                      
70055ffd  _DebugP_logZone                   
70056035  Drivers_open                      
7005606b  EDMA_clrMissEvtRegion             
700560a1  Module_clockSetFrequency          
700560d7  System_init                       
7005610d  ClockP_start                      
700561a8  lseek                             
700561dc  write                             
70056211  ClockP_usleep                     
70056243  EDMA_unmapChToEvtQ                
70056275  SemaphoreP_post                   
700562a8  CycleCounterP_getCount32          
700562b0  PmuP_setup                        
700562b8  PmuP_enableCounters               
700562c0  PmuP_disableCounters              
700562c8  PmuP_getOverflowStatus            
700562d0  PmuP_clearOverflowStatus          
700562d9  EDMA_enableChInShadowRegRegion    
70056307  Module_clockDisable               
70056335  Module_clockEnable                
70056365  MCSPI_getHandle                   
70056391  SOC_rcmGetR5Clock                 
700563bd  UART_getHandle                    
700563e9  PMIC_tps653860xxOpen              
7005643b  Drivers_pmicOpen                  
70056465  SOC_moduleSetClockFrequency       
7005648d  EDMA_setPaRAM                     
700564b4  __aeabi_uldivmod                  
700564d9  vprintf_                          
700564fd  EDMA_linkChannel                  
70056541  System_deinit                     
70056563  DebugP_logZoneEnable              
70056583  TimerP_Params_init                
700565df  MCSPI_lld_deInit                  
700565fd  SOC_rcmIsR5FInLockStepMode        
70056619  _system_pre_init                  
70056635  main                              
7005666c  TI_memcpy_small                   
70056689  CSL_armR5GetCpuID                 
700566bd  UART_writeInterruptDma            
700566d7  Board_driversClose                
700566ef  Drivers_mcspiClose                
70056709  MCSPI_deinit                      
70056721  TimerP_getCount                   
70056739  UART_deinit                       
70056750  TI_memset_small                   
70056769  MCSPI_reset                       
7005677f  EDMA_getRegionId                  
70056793  PMIC_configure                    
700567d1  MCSPI_lld_dmaInit                 
700567f5  putchar_                          
70056808  __aeabi_memset                    
70056808  __aeabi_memset4                   
70056808  __aeabi_memset8                   
70056818  putchar                           
70056829  EDMA_ccPaRAMEntry_init            
70056837  EPWM_setEmulationMode             
70056845  PMIC_close                        
70056853  Pinmux_init                       
70056861  PowerClock_init                   
7005686f  ClockP_getTicks                   
7005687b  DebugP_uartSetDrvIndex            
70056887  EDMA_isInitialized                
70056893  SOC_getSelfCpuClk                 
700568a0  __aeabi_memclr                    
700568a0  __aeabi_memclr4                   
700568a0  __aeabi_memclr8                   
700568ac  malloc                            
700568cc  CSL_armR5ReadMpidrReg             
700568d9  ClockP_Params_init                
700568e3  ClockP_isActive                   
700568ed  PMIC_tps653860xxClose             
700568f7  TimerP_getReloadCount             
70056901  TimerP_start                      
7005690b  EDMA_isInterruptEnabled           
70056911  SOC_moduleClockEnable             
7005691d  Board_driversOpen                 
70056921  ClockP_getTimerCount              
70056925  ClockP_timerClearOverflowInt      
70056929  PowerClock_deinit                 
7005692c  __aeabi_memcpy                    
7005692c  __aeabi_memcpy4                   
7005692c  __aeabi_memcpy8                   
70056930  __aeabi_ldiv0                     
70056934  _nop                              
70056938  fseek                             
7005693c  remove                            
70056a4c  gCacheConfig                      
70056a54  gMpuConfig                        
70056a60  gMpuRegionConfig                  
70056b48  gADPLLJConfigTbl                  
70057708  gPeripheralClkSrcInfoMap          
70057c40  gCacheL1dCacheLineSize            
70057c44  gCacheL1pCacheLineSize            
70057c51  HwiP_enableInt                    
70057c79  HwiP_disableInt                   
70057cab  HwiP_restoreInt                   
70057d01  HwiP_clearInt                     
70057d21  HwiP_post                         
70057d49  HwiP_Params_init                  
70057d5b  HwiP_construct                    
70057ea5  HwiP_destruct                     
70057f77  HwiP_init                         
70058047  HwiP_inISR                        
70058059  HwiP_irq_handler_c                
700580df  HwiP_fiq_handler                  
70058193  HwiP_reserved_handler             
700581c1  HwiP_undefined_handler            
700581ef  HwiP_svc_handler                  
7005821d  HwiP_prefetch_abort_handler       
7005824b  HwiP_data_abort_handler_c         
70058278  HwiP_irq_handler                  
700582ec  HwiP_data_abort_handler           
70058338  HwiP_disable                      
70058348  HwiP_disableFIQ                   
70058358  HwiP_enable                       
70058368  HwiP_enableFIQ                    
70058378  HwiP_restore                      
70058380  HwiP_enableVIC                    
70058390  HwiP_disableVIC                   
700583a0  HwiP_getCPSR                      
700583b0  CacheP_disableL1d                 
700583d8  CacheP_disableL1p                 
700583f0  CacheP_enableL1d                  
70058408  CacheP_enableL1p                  
70058420  CacheP_invL1d                     
70058458  CacheP_invL1p                     
70058494  CacheP_invL1dAll                  
7005849c  CacheP_invL1pAll                  
700584a4  CacheP_wb                         
700584e0  CacheP_wbInv                      
7005851c  CacheP_wbAll                      
700585c4  CacheP_wbInvAll                   
700585dc  CacheP_wbInvAllAsm                
7005867c  CacheP_getEnabled                 
700586b4  CacheP_getCacheLevelInfo          
700586c0  CacheP_configForceWrThru          
700586e0  CacheP_setDLFO                    
700586f1  CacheP_init                       
70058749  CacheP_disable                    
70058783  CacheP_enable                     
700587a3  CacheP_inv                        
700587e1  MpuP_RegionAttrs_init             
700587ef  MpuP_setRegion                    
7005889d  MpuP_isEnable                     
700588a1  MpuP_disable                      
700588d3  MpuP_enable                       
7005890b  MpuP_init                         
70058970  MpuP_disableAsm                   
70058988  MpuP_disableBRAsm                 
70058998  MpuP_enableAsm                    
700589b0  MpuP_enableBRAsm                  
700589c0  MpuP_isEnableAsm                  
700589d4  MpuP_setRegionAsm                 
700589f8  _c_int00_sbl                      
70058a1c  _c_int00                          
70058af5  _DebugP_assertNoLog               
70058b13  __mpu_init                        
70058b20  C$$EXIT                           
70058b20  abort                             
70058b28  _ftable                           
70058b28  gMcspiDmaHandle                   
70058b28  gUartDmaConfig                    
70058d50  _device                           
70058e28  gUartParams                       
70058e7c  _stream                           
70058f14  gConfigMcspi0ChCfg                
70058f78  gSocModulesClockFrequency         
70058f9c  gClockConfig                      
70058fb4  gMcspiOpenParams                  
70058fc8  gAddrTranslateConfig              
70058fd4  gPmicFxns_TPS653860xx             
70058fe0  gSocModules                       
70058fec  __TI_cleanup_ptr                  
70058ff0  __TI_dtors_ptr                    
70058ff4  gEdmaConfig                       
70058ffc  gMcspiConfig                      
70059004  gPmicConfig                       
70059014  gUartConfig                       
7005901c  __TI_ft_end                       
70059028  _lock                             
7005902c  _unlock                           
70059030  gConfigMcspiChCfg                 
70059034  gDebugLogZone                     
70059038  gDebugP_uartDrvIndex              
7005903c  gEdmaConfigNum                    
70059040  gEdmaParams                       
70059044  gHwiConfig                        
70059048  gMcspiConfigNum                   
7005904c  gMcspiDmaChConfig                 
70059050  gMcspiNumCh                       
70059054  gPmicConfigNum                    
70059058  gPmicParams                       
7005905c  gUartConfigNum                    
70059060  gUartDmaConfigNum                 
70059064  isMapAvailable                    
70059070  __IRQ_STACK_START                 
70059170  __FIQ_STACK_START                 
70059170  __IRQ_STACK_END                   
70059270  __FIQ_STACK_END                   
70059270  __SVC_STACK_START                 
7005a270  __ABORT_STACK_START               
7005a270  __SVC_STACK_END                   
7005a370  __ABORT_STACK_END                 
7005a370  __UNDEFINED_STACK_START           
7005a470  __UNDEFINED_STACK_END             
ffffffff  __TI_pprof_out_hndl               
ffffffff  __TI_prof_data_size               
ffffffff  __TI_prof_data_start              
ffffffff  __binit__                         
ffffffff  binit                             
UNDEFED   __TI_CINIT_Base                   
UNDEFED   __TI_CINIT_Limit                  
UNDEFED   __TI_Handler_Table_Base           
UNDEFED   __TI_Handler_Table_Limit          
UNDEFED   _system_post_cinit                

[373 symbols]
